nohup: ignoring input
device: cuda
[Epoch 53] step 0 loss: 0.5004
[Epoch 53] step 10 loss: 0.2260
[Epoch 53] step 20 loss: 0.2249
[Epoch 53] step 30 loss: 0.1943
[Epoch 53] step 40 loss: 0.1991
[Epoch 53] step 50 loss: 0.1807
[Epoch 53] step 60 loss: 0.2188
[Epoch 53] step 70 loss: 0.2606
[Epoch 53] step 80 loss: 0.1619
[Epoch 53] step 90 loss: 0.2546
[Epoch 53] step 100 loss: 0.2524
[Epoch 53] step 110 loss: 0.1780
[Epoch 53] step 120 loss: 0.2645
[Epoch 53] step 130 loss: 0.2457
[Epoch 53] step 140 loss: 0.2202
[Epoch 53] step 150 loss: 0.2734
[Epoch 53] step 160 loss: 0.2329
[Epoch 53] step 170 loss: 0.2193
[Epoch 53] step 180 loss: 0.2874
[Epoch 53] step 190 loss: 0.1444
[Epoch 53] step 200 loss: 0.1798
[Epoch 53] step 210 loss: 0.1941
[Epoch 53] step 220 loss: 0.2195
[Epoch 53] step 230 loss: 0.2231
[Epoch 53] step 240 loss: 0.2125
[Epoch 53] step 250 loss: 0.2524
[Epoch 53] step 260 loss: 0.2581
[Epoch 53] step 270 loss: 0.1418
[Epoch 53] step 280 loss: 0.2705
[Epoch 53] step 290 loss: 0.2162
[Epoch 53] step 300 loss: 0.2180
[Epoch 53] step 310 loss: 0.2749
[Epoch 53] step 320 loss: 0.3010
[Epoch 53] step 330 loss: 0.2573
[Epoch 53] step 340 loss: 0.2480
[Epoch 53] step 350 loss: 0.2100
[Epoch 53] step 360 loss: 0.2537
[Epoch 53] step 370 loss: 0.1886
[Epoch 53] step 380 loss: 0.1897
[Epoch 53] step 390 loss: 0.1870
[Epoch 53] step 400 loss: 0.2158
[Epoch 53] step 410 loss: 0.2450
[Epoch 53] step 420 loss: 0.2371
[Epoch 53] step 430 loss: 0.1959
[Epoch 53] step 440 loss: 0.1928
[Epoch 53] step 450 loss: 0.2160
[Epoch 53] step 460 loss: 0.2300
[Epoch 53] step 470 loss: 0.2194
[Epoch 53] step 480 loss: 0.2120
[Epoch 53] step 490 loss: 0.1917
[Epoch 53] step 500 loss: 0.1699
[Epoch 53] step 510 loss: 0.3074
[Epoch 53] step 520 loss: 0.1925
[Epoch 53] step 530 loss: 0.2317
[Epoch 53] step 540 loss: 0.2948
[Epoch 53] step 550 loss: 0.1980
[Epoch 53] step 560 loss: 0.2966
==== Epoch 53 avg loss: 0.2269 ====
[Epoch 54] step 0 loss: 0.2432
[Epoch 54] step 10 loss: 0.2650
[Epoch 54] step 20 loss: 0.2106
[Epoch 54] step 30 loss: 0.1357
[Epoch 54] step 40 loss: 0.2112
[Epoch 54] step 50 loss: 0.2333
[Epoch 54] step 60 loss: 0.2953
[Epoch 54] step 70 loss: 0.2378
[Epoch 54] step 80 loss: 0.1806
[Epoch 54] step 90 loss: 0.1576
[Epoch 54] step 100 loss: 0.1829
[Epoch 54] step 110 loss: 0.2193
[Epoch 54] step 120 loss: 0.2478
[Epoch 54] step 130 loss: 0.2376
[Epoch 54] step 140 loss: 0.2280
[Epoch 54] step 150 loss: 0.2075
[Epoch 54] step 160 loss: 0.2110
[Epoch 54] step 170 loss: 0.2218
[Epoch 54] step 180 loss: 0.2618
[Epoch 54] step 190 loss: 0.2114
[Epoch 54] step 200 loss: 0.1824
[Epoch 54] step 210 loss: 0.2482
[Epoch 54] step 220 loss: 0.2020
[Epoch 54] step 230 loss: 0.2285
[Epoch 54] step 240 loss: 0.2184
[Epoch 54] step 250 loss: 0.1828
[Epoch 54] step 260 loss: 0.2656
[Epoch 54] step 270 loss: 0.2487
[Epoch 54] step 280 loss: 0.2008
[Epoch 54] step 290 loss: 0.2136
[Epoch 54] step 300 loss: 0.2284
[Epoch 54] step 310 loss: 0.1925
[Epoch 54] step 320 loss: 0.2347
[Epoch 54] step 330 loss: 0.2099
[Epoch 54] step 340 loss: 0.2261
[Epoch 54] step 350 loss: 0.2306
[Epoch 54] step 360 loss: 0.1988
[Epoch 54] step 370 loss: 0.1934
[Epoch 54] step 380 loss: 0.2217
[Epoch 54] step 390 loss: 0.1904
[Epoch 54] step 400 loss: 0.2234
[Epoch 54] step 410 loss: 0.2379
[Epoch 54] step 420 loss: 0.2600
[Epoch 54] step 430 loss: 0.2102
[Epoch 54] step 440 loss: 0.2472
[Epoch 54] step 450 loss: 0.1519
[Epoch 54] step 460 loss: 0.2277
[Epoch 54] step 470 loss: 0.1884
[Epoch 54] step 480 loss: 0.2216
[Epoch 54] step 490 loss: 0.1991
[Epoch 54] step 500 loss: 0.1764
[Epoch 54] step 510 loss: 0.2192
[Epoch 54] step 520 loss: 0.1588
[Epoch 54] step 530 loss: 0.2216
[Epoch 54] step 540 loss: 0.2481
[Epoch 54] step 550 loss: 0.2440
[Epoch 54] step 560 loss: 0.2366
==== Epoch 54 avg loss: 0.2190 ====
[Epoch 55] step 0 loss: 0.2159
[Epoch 55] step 10 loss: 0.2026
[Epoch 55] step 20 loss: 0.2152
[Epoch 55] step 30 loss: 0.2177
[Epoch 55] step 40 loss: 0.2290
[Epoch 55] step 50 loss: 0.2321
[Epoch 55] step 60 loss: 0.2495
[Epoch 55] step 70 loss: 0.2618
[Epoch 55] step 80 loss: 0.1832
[Epoch 55] step 90 loss: 0.1798
[Epoch 55] step 100 loss: 0.2318
[Epoch 55] step 110 loss: 0.1741
[Epoch 55] step 120 loss: 0.2100
[Epoch 55] step 130 loss: 0.2482
[Epoch 55] step 140 loss: 0.2300
[Epoch 55] step 150 loss: 0.2479
[Epoch 55] step 160 loss: 0.2169
[Epoch 55] step 170 loss: 0.2036
[Epoch 55] step 180 loss: 0.2418
[Epoch 55] step 190 loss: 0.1816
[Epoch 55] step 200 loss: 0.2838
[Epoch 55] step 210 loss: 0.2165
[Epoch 55] step 220 loss: 0.2609
[Epoch 55] step 230 loss: 0.2054
[Epoch 55] step 240 loss: 0.2032
[Epoch 55] step 250 loss: 0.1619
[Epoch 55] step 260 loss: 0.2541
[Epoch 55] step 270 loss: 0.2109
[Epoch 55] step 280 loss: 0.2389
[Epoch 55] step 290 loss: 0.2456
[Epoch 55] step 300 loss: 0.2299
[Epoch 55] step 310 loss: 0.1632
[Epoch 55] step 320 loss: 0.2101
[Epoch 55] step 330 loss: 0.1888
[Epoch 55] step 340 loss: 0.1893
[Epoch 55] step 350 loss: 0.1966
[Epoch 55] step 360 loss: 0.1978
[Epoch 55] step 370 loss: 0.2168
[Epoch 55] step 380 loss: 0.2346
[Epoch 55] step 390 loss: 0.2411
[Epoch 55] step 400 loss: 0.1557
[Epoch 55] step 410 loss: 0.2777
[Epoch 55] step 420 loss: 0.2002
[Epoch 55] step 430 loss: 0.1861
[Epoch 55] step 440 loss: 0.2159
[Epoch 55] step 450 loss: 0.2035
[Epoch 55] step 460 loss: 0.1757
[Epoch 55] step 470 loss: 0.2260
[Epoch 55] step 480 loss: 0.2402
[Epoch 55] step 490 loss: 0.2338
[Epoch 55] step 500 loss: 0.2393
[Epoch 55] step 510 loss: 0.1923
[Epoch 55] step 520 loss: 0.1919
[Epoch 55] step 530 loss: 0.1842
[Epoch 55] step 540 loss: 0.1953
[Epoch 55] step 550 loss: 0.2157
[Epoch 55] step 560 loss: 0.2428
==== Epoch 55 avg loss: 0.2139 ====
[Epoch 56] step 0 loss: 0.1918
[Epoch 56] step 10 loss: 0.2224
[Epoch 56] step 20 loss: 0.2268
[Epoch 56] step 30 loss: 0.2254
[Epoch 56] step 40 loss: 0.2164
[Epoch 56] step 50 loss: 0.2241
[Epoch 56] step 60 loss: 0.2269
[Epoch 56] step 70 loss: 0.2015
[Epoch 56] step 80 loss: 0.1562
[Epoch 56] step 90 loss: 0.2792
[Epoch 56] step 100 loss: 0.1774
[Epoch 56] step 110 loss: 0.1928
[Epoch 56] step 120 loss: 0.2206
[Epoch 56] step 130 loss: 0.2078
[Epoch 56] step 140 loss: 0.2139
[Epoch 56] step 150 loss: 0.2265
[Epoch 56] step 160 loss: 0.1631
[Epoch 56] step 170 loss: 0.1930
[Epoch 56] step 180 loss: 0.2237
[Epoch 56] step 190 loss: 0.2225
[Epoch 56] step 200 loss: 0.1535
[Epoch 56] step 210 loss: 0.2311
[Epoch 56] step 220 loss: 0.1529
[Epoch 56] step 230 loss: 0.2577
[Epoch 56] step 240 loss: 0.2291
[Epoch 56] step 250 loss: 0.2093
[Epoch 56] step 260 loss: 0.1969
[Epoch 56] step 270 loss: 0.2261
[Epoch 56] step 280 loss: 0.2092
[Epoch 56] step 290 loss: 0.2124
[Epoch 56] step 300 loss: 0.1863
[Epoch 56] step 310 loss: 0.2147
[Epoch 56] step 320 loss: 0.1985
[Epoch 56] step 330 loss: 0.1967
[Epoch 56] step 340 loss: 0.1769
[Epoch 56] step 350 loss: 0.2587
[Epoch 56] step 360 loss: 0.2598
[Epoch 56] step 370 loss: 0.1780
[Epoch 56] step 380 loss: 0.2140
[Epoch 56] step 390 loss: 0.2278
[Epoch 56] step 400 loss: 0.1993
[Epoch 56] step 410 loss: 0.1819
[Epoch 56] step 420 loss: 0.2111
[Epoch 56] step 430 loss: 0.2619
[Epoch 56] step 440 loss: 0.1920
[Epoch 56] step 450 loss: 0.2546
[Epoch 56] step 460 loss: 0.1384
[Epoch 56] step 470 loss: 0.1726
[Epoch 56] step 480 loss: 0.2170
[Epoch 56] step 490 loss: 0.2286
[Epoch 56] step 500 loss: 0.2878
[Epoch 56] step 510 loss: 0.2632
[Epoch 56] step 520 loss: 0.2328
[Epoch 56] step 530 loss: 0.2354
[Epoch 56] step 540 loss: 0.2063
[Epoch 56] step 550 loss: 0.1719
[Epoch 56] step 560 loss: 0.1550
==== Epoch 56 avg loss: 0.2077 ====
[Epoch 57] step 0 loss: 0.2154
[Epoch 57] step 10 loss: 0.1649
[Epoch 57] step 20 loss: 0.2457
[Epoch 57] step 30 loss: 0.2232
[Epoch 57] step 40 loss: 0.2132
[Epoch 57] step 50 loss: 0.2027
[Epoch 57] step 60 loss: 0.2608
[Epoch 57] step 70 loss: 0.2118
[Epoch 57] step 80 loss: 0.2306
[Epoch 57] step 90 loss: 0.1623
[Epoch 57] step 100 loss: 0.2072
[Epoch 57] step 110 loss: 0.1816
[Epoch 57] step 120 loss: 0.1753
[Epoch 57] step 130 loss: 0.1959
[Epoch 57] step 140 loss: 0.2015
[Epoch 57] step 150 loss: 0.1849
[Epoch 57] step 160 loss: 0.1931
[Epoch 57] step 170 loss: 0.1199
[Epoch 57] step 180 loss: 0.2100
[Epoch 57] step 190 loss: 0.1898
[Epoch 57] step 200 loss: 0.1852
[Epoch 57] step 210 loss: 0.1748
[Epoch 57] step 220 loss: 0.1932
[Epoch 57] step 230 loss: 0.2895
[Epoch 57] step 240 loss: 0.2327
[Epoch 57] step 250 loss: 0.1467
[Epoch 57] step 260 loss: 0.2296
[Epoch 57] step 270 loss: 0.2207
[Epoch 57] step 280 loss: 0.2261
[Epoch 57] step 290 loss: 0.2167
[Epoch 57] step 300 loss: 0.2217
[Epoch 57] step 310 loss: 0.2044
[Epoch 57] step 320 loss: 0.1268
[Epoch 57] step 330 loss: 0.2280
[Epoch 57] step 340 loss: 0.1656
[Epoch 57] step 350 loss: 0.2618
[Epoch 57] step 360 loss: 0.1986
[Epoch 57] step 370 loss: 0.1820
[Epoch 57] step 380 loss: 0.1571
[Epoch 57] step 390 loss: 0.1670
[Epoch 57] step 400 loss: 0.2056
[Epoch 57] step 410 loss: 0.1895
[Epoch 57] step 420 loss: 0.1979
[Epoch 57] step 430 loss: 0.1950
[Epoch 57] step 440 loss: 0.2422
[Epoch 57] step 450 loss: 0.1778
[Epoch 57] step 460 loss: 0.2043
[Epoch 57] step 470 loss: 0.2081
[Epoch 57] step 480 loss: 0.2087
[Epoch 57] step 490 loss: 0.1733
[Epoch 57] step 500 loss: 0.1778
[Epoch 57] step 510 loss: 0.2507
[Epoch 57] step 520 loss: 0.2310
[Epoch 57] step 530 loss: 0.2194
[Epoch 57] step 540 loss: 0.2176
[Epoch 57] step 550 loss: 0.1781
[Epoch 57] step 560 loss: 0.1388
==== Epoch 57 avg loss: 0.2012 ====
[Epoch 58] step 0 loss: 0.2262
[Epoch 58] step 10 loss: 0.2469
[Epoch 58] step 20 loss: 0.1273
[Epoch 58] step 30 loss: 0.1683
[Epoch 58] step 40 loss: 0.1935
[Epoch 58] step 50 loss: 0.1884
[Epoch 58] step 60 loss: 0.2086
[Epoch 58] step 70 loss: 0.1928
[Epoch 58] step 80 loss: 0.1783
[Epoch 58] step 90 loss: 0.1804
[Epoch 58] step 100 loss: 0.1478
[Epoch 58] step 110 loss: 0.2255
[Epoch 58] step 120 loss: 0.1662
[Epoch 58] step 130 loss: 0.2587
[Epoch 58] step 140 loss: 0.1883
[Epoch 58] step 150 loss: 0.1765
[Epoch 58] step 160 loss: 0.1978
[Epoch 58] step 170 loss: 0.2111
[Epoch 58] step 180 loss: 0.2649
[Epoch 58] step 190 loss: 0.1834
[Epoch 58] step 200 loss: 0.1832
[Epoch 58] step 210 loss: 0.1693
[Epoch 58] step 220 loss: 0.2509
[Epoch 58] step 230 loss: 0.2367
[Epoch 58] step 240 loss: 0.1896
[Epoch 58] step 250 loss: 0.2354
[Epoch 58] step 260 loss: 0.1619
[Epoch 58] step 270 loss: 0.1893
[Epoch 58] step 280 loss: 0.1855
[Epoch 58] step 290 loss: 0.2345
[Epoch 58] step 300 loss: 0.2351
[Epoch 58] step 310 loss: 0.2154
[Epoch 58] step 320 loss: 0.2090
[Epoch 58] step 330 loss: 0.2092
[Epoch 58] step 340 loss: 0.1649
[Epoch 58] step 350 loss: 0.1926
[Epoch 58] step 360 loss: 0.2126
[Epoch 58] step 370 loss: 0.1740
[Epoch 58] step 380 loss: 0.1695
[Epoch 58] step 390 loss: 0.2652
[Epoch 58] step 400 loss: 0.1598
[Epoch 58] step 410 loss: 0.1985
[Epoch 58] step 420 loss: 0.1679
[Epoch 58] step 430 loss: 0.1973
[Epoch 58] step 440 loss: 0.1818
[Epoch 58] step 450 loss: 0.1878
[Epoch 58] step 460 loss: 0.1987
[Epoch 58] step 470 loss: 0.2751
[Epoch 58] step 480 loss: 0.1840
[Epoch 58] step 490 loss: 0.2008
[Epoch 58] step 500 loss: 0.3129
[Epoch 58] step 510 loss: 0.3333
[Epoch 58] step 520 loss: 0.2092
[Epoch 58] step 530 loss: 0.1733
[Epoch 58] step 540 loss: 0.2235
[Epoch 58] step 550 loss: 0.2211
[Epoch 58] step 560 loss: 0.2581
==== Epoch 58 avg loss: 0.1973 ====
[Epoch 59] step 0 loss: 0.1593
[Epoch 59] step 10 loss: 0.2071
[Epoch 59] step 20 loss: 0.2620
[Epoch 59] step 30 loss: 0.1947
[Epoch 59] step 40 loss: 0.1404
[Epoch 59] step 50 loss: 0.1755
[Epoch 59] step 60 loss: 0.1745
[Epoch 59] step 70 loss: 0.1570
[Epoch 59] step 80 loss: 0.1981
[Epoch 59] step 90 loss: 0.2237
[Epoch 59] step 100 loss: 0.2249
[Epoch 59] step 110 loss: 0.1887
[Epoch 59] step 120 loss: 0.2095
[Epoch 59] step 130 loss: 0.1582
[Epoch 59] step 140 loss: 0.2077
[Epoch 59] step 150 loss: 0.1696
[Epoch 59] step 160 loss: 0.1864
[Epoch 59] step 170 loss: 0.1998
[Epoch 59] step 180 loss: 0.1334
[Epoch 59] step 190 loss: 0.1539
[Epoch 59] step 200 loss: 0.2201
[Epoch 59] step 210 loss: 0.2001
[Epoch 59] step 220 loss: 0.2178
[Epoch 59] step 230 loss: 0.2247
[Epoch 59] step 240 loss: 0.1841
[Epoch 59] step 250 loss: 0.1936
[Epoch 59] step 260 loss: 0.2161
[Epoch 59] step 270 loss: 0.2135
[Epoch 59] step 280 loss: 0.2014
[Epoch 59] step 290 loss: 0.1392
[Epoch 59] step 300 loss: 0.1882
[Epoch 59] step 310 loss: 0.1629
[Epoch 59] step 320 loss: 0.1868
[Epoch 59] step 330 loss: 0.1821
[Epoch 59] step 340 loss: 0.2612
[Epoch 59] step 350 loss: 0.1988
[Epoch 59] step 360 loss: 0.1822
[Epoch 59] step 370 loss: 0.2092
[Epoch 59] step 380 loss: 0.2035
[Epoch 59] step 390 loss: 0.1906
[Epoch 59] step 400 loss: 0.1490
[Epoch 59] step 410 loss: 0.2112
[Epoch 59] step 420 loss: 0.1748
[Epoch 59] step 430 loss: 0.2120
[Epoch 59] step 440 loss: 0.1588
[Epoch 59] step 450 loss: 0.1598
[Epoch 59] step 460 loss: 0.2234
[Epoch 59] step 470 loss: 0.1509
[Epoch 59] step 480 loss: 0.1730
[Epoch 59] step 490 loss: 0.2179
[Epoch 59] step 500 loss: 0.1662
[Epoch 59] step 510 loss: 0.1901
[Epoch 59] step 520 loss: 0.2350
[Epoch 59] step 530 loss: 0.2111
[Epoch 59] step 540 loss: 0.2001
[Epoch 59] step 550 loss: 0.2107
[Epoch 59] step 560 loss: 0.1307
==== Epoch 59 avg loss: 0.1930 ====
[Epoch 60] step 0 loss: 0.2275
[Epoch 60] step 10 loss: 0.2349
[Epoch 60] step 20 loss: 0.1954
[Epoch 60] step 30 loss: 0.1811
[Epoch 60] step 40 loss: 0.1581
[Epoch 60] step 50 loss: 0.1596
[Epoch 60] step 60 loss: 0.2190
[Epoch 60] step 70 loss: 0.2200
[Epoch 60] step 80 loss: 0.1537
[Epoch 60] step 90 loss: 0.1888
[Epoch 60] step 100 loss: 0.1977
[Epoch 60] step 110 loss: 0.1661
[Epoch 60] step 120 loss: 0.1546
[Epoch 60] step 130 loss: 0.1291
[Epoch 60] step 140 loss: 0.2555
[Epoch 60] step 150 loss: 0.2142
[Epoch 60] step 160 loss: 0.2172
[Epoch 60] step 170 loss: 0.1853
[Epoch 60] step 180 loss: 0.2035
[Epoch 60] step 190 loss: 0.1768
[Epoch 60] step 200 loss: 0.1934
[Epoch 60] step 210 loss: 0.1576
[Epoch 60] step 220 loss: 0.1843
[Epoch 60] step 230 loss: 0.2130
[Epoch 60] step 240 loss: 0.1599
[Epoch 60] step 250 loss: 0.2093
[Epoch 60] step 260 loss: 0.1581
[Epoch 60] step 270 loss: 0.1531
[Epoch 60] step 280 loss: 0.1642
[Epoch 60] step 290 loss: 0.1600
[Epoch 60] step 300 loss: 0.1698
[Epoch 60] step 310 loss: 0.1707
[Epoch 60] step 320 loss: 0.2042
[Epoch 60] step 330 loss: 0.1751
[Epoch 60] step 340 loss: 0.1535
[Epoch 60] step 350 loss: 0.2161
[Epoch 60] step 360 loss: 0.1863
[Epoch 60] step 370 loss: 0.1707
[Epoch 60] step 380 loss: 0.2211
[Epoch 60] step 390 loss: 0.1585
[Epoch 60] step 400 loss: 0.1425
[Epoch 60] step 410 loss: 0.2266
[Epoch 60] step 420 loss: 0.1712
[Epoch 60] step 430 loss: 0.2081
[Epoch 60] step 440 loss: 0.1980
[Epoch 60] step 450 loss: 0.1738
[Epoch 60] step 460 loss: 0.2317
[Epoch 60] step 470 loss: 0.1492
[Epoch 60] step 480 loss: 0.1886
[Epoch 60] step 490 loss: 0.1691
[Epoch 60] step 500 loss: 0.1932
[Epoch 60] step 510 loss: 0.1995
[Epoch 60] step 520 loss: 0.2180
[Epoch 60] step 530 loss: 0.1424
[Epoch 60] step 540 loss: 0.2219
[Epoch 60] step 550 loss: 0.2096
[Epoch 60] step 560 loss: 0.2105
==== Epoch 60 avg loss: 0.1859 ====
[Epoch 61] step 0 loss: 0.1231
[Epoch 61] step 10 loss: 0.1393
[Epoch 61] step 20 loss: 0.1615
[Epoch 61] step 30 loss: 0.2539
[Epoch 61] step 40 loss: 0.1894
[Epoch 61] step 50 loss: 0.2610
[Epoch 61] step 60 loss: 0.1776
[Epoch 61] step 70 loss: 0.1680
[Epoch 61] step 80 loss: 0.1850
[Epoch 61] step 90 loss: 0.1246
[Epoch 61] step 100 loss: 0.1630
[Epoch 61] step 110 loss: 0.1816
[Epoch 61] step 120 loss: 0.1673
[Epoch 61] step 130 loss: 0.1751
[Epoch 61] step 140 loss: 0.1861
[Epoch 61] step 150 loss: 0.1933
[Epoch 61] step 160 loss: 0.2105
[Epoch 61] step 170 loss: 0.2093
[Epoch 61] step 180 loss: 0.2026
[Epoch 61] step 190 loss: 0.1822
[Epoch 61] step 200 loss: 0.1766
[Epoch 61] step 210 loss: 0.1879
[Epoch 61] step 220 loss: 0.1698
[Epoch 61] step 230 loss: 0.2141
[Epoch 61] step 240 loss: 0.2120
[Epoch 61] step 250 loss: 0.1787
[Epoch 61] step 260 loss: 0.2132
[Epoch 61] step 270 loss: 0.1426
[Epoch 61] step 280 loss: 0.2178
[Epoch 61] step 290 loss: 0.1599
[Epoch 61] step 300 loss: 0.1608
[Epoch 61] step 310 loss: 0.2433
[Epoch 61] step 320 loss: 0.1378
[Epoch 61] step 330 loss: 0.1470
[Epoch 61] step 340 loss: 0.1485
[Epoch 61] step 350 loss: 0.1714
[Epoch 61] step 360 loss: 0.1531
[Epoch 61] step 370 loss: 0.1918
[Epoch 61] step 380 loss: 0.2014
[Epoch 61] step 390 loss: 0.1687
[Epoch 61] step 400 loss: 0.1524
[Epoch 61] step 410 loss: 0.1886
[Epoch 61] step 420 loss: 0.1601
[Epoch 61] step 430 loss: 0.1673
[Epoch 61] step 440 loss: 0.1542
[Epoch 61] step 450 loss: 0.1839
[Epoch 61] step 460 loss: 0.1899
[Epoch 61] step 470 loss: 0.1436
[Epoch 61] step 480 loss: 0.1843
[Epoch 61] step 490 loss: 0.1891
[Epoch 61] step 500 loss: 0.1828
[Epoch 61] step 510 loss: 0.1899
[Epoch 61] step 520 loss: 0.1952
[Epoch 61] step 530 loss: 0.2065
[Epoch 61] step 540 loss: 0.1746
[Epoch 61] step 550 loss: 0.1875
[Epoch 61] step 560 loss: 0.1607
==== Epoch 61 avg loss: 0.1819 ====
[Epoch 62] step 0 loss: 0.1974
[Epoch 62] step 10 loss: 0.2075
[Epoch 62] step 20 loss: 0.1467
[Epoch 62] step 30 loss: 0.1704
[Epoch 62] step 40 loss: 0.1928
[Epoch 62] step 50 loss: 0.1219
[Epoch 62] step 60 loss: 0.2158
[Epoch 62] step 70 loss: 0.1825
[Epoch 62] step 80 loss: 0.1591
[Epoch 62] step 90 loss: 0.2088
[Epoch 62] step 100 loss: 0.1798
[Epoch 62] step 110 loss: 0.1711
[Epoch 62] step 120 loss: 0.2017
[Epoch 62] step 130 loss: 0.2268
[Epoch 62] step 140 loss: 0.1478
[Epoch 62] step 150 loss: 0.2251
[Epoch 62] step 160 loss: 0.2150
[Epoch 62] step 170 loss: 0.1616
[Epoch 62] step 180 loss: 0.1648
[Epoch 62] step 190 loss: 0.1677
[Epoch 62] step 200 loss: 0.1361
[Epoch 62] step 210 loss: 0.1576
[Epoch 62] step 220 loss: 0.1899
[Epoch 62] step 230 loss: 0.1626
[Epoch 62] step 240 loss: 0.1484
[Epoch 62] step 250 loss: 0.1382
[Epoch 62] step 260 loss: 0.1392
[Epoch 62] step 270 loss: 0.1755
[Epoch 62] step 280 loss: 0.1836
[Epoch 62] step 290 loss: 0.1840
[Epoch 62] step 300 loss: 0.1870
[Epoch 62] step 310 loss: 0.2149
[Epoch 62] step 320 loss: 0.2110
[Epoch 62] step 330 loss: 0.1342
[Epoch 62] step 340 loss: 0.2087
[Epoch 62] step 350 loss: 0.1533
[Epoch 62] step 360 loss: 0.2269
[Epoch 62] step 370 loss: 0.1221
[Epoch 62] step 380 loss: 0.1662
[Epoch 62] step 390 loss: 0.1826
[Epoch 62] step 400 loss: 0.2038
[Epoch 62] step 410 loss: 0.1625
[Epoch 62] step 420 loss: 0.1962
[Epoch 62] step 430 loss: 0.1597
[Epoch 62] step 440 loss: 0.2036
[Epoch 62] step 450 loss: 0.2118
[Epoch 62] step 460 loss: 0.1770
[Epoch 62] step 470 loss: 0.1780
[Epoch 62] step 480 loss: 0.2105
[Epoch 62] step 490 loss: 0.2179
[Epoch 62] step 500 loss: 0.1777
[Epoch 62] step 510 loss: 0.1751
[Epoch 62] step 520 loss: 0.2111
[Epoch 62] step 530 loss: 0.2282
[Epoch 62] step 540 loss: 0.2370
[Epoch 62] step 550 loss: 0.1773
[Epoch 62] step 560 loss: 0.2104
==== Epoch 62 avg loss: 0.1836 ====
[Epoch 63] step 0 loss: 0.1383
[Epoch 63] step 10 loss: 0.1991
[Epoch 63] step 20 loss: 0.1178
[Epoch 63] step 30 loss: 0.2103
[Epoch 63] step 40 loss: 0.1790
[Epoch 63] step 50 loss: 0.1901
[Epoch 63] step 60 loss: 0.1748
[Epoch 63] step 70 loss: 0.1830
[Epoch 63] step 80 loss: 0.1943
[Epoch 63] step 90 loss: 0.1841
[Epoch 63] step 100 loss: 0.1600
[Epoch 63] step 110 loss: 0.2106
[Epoch 63] step 120 loss: 0.2148
[Epoch 63] step 130 loss: 0.1651
[Epoch 63] step 140 loss: 0.2199
[Epoch 63] step 150 loss: 0.1594
[Epoch 63] step 160 loss: 0.1759
[Epoch 63] step 170 loss: 0.1455
[Epoch 63] step 180 loss: 0.1762
[Epoch 63] step 190 loss: 0.1575
[Epoch 63] step 200 loss: 0.1866
[Epoch 63] step 210 loss: 0.2316
[Epoch 63] step 220 loss: 0.1489
[Epoch 63] step 230 loss: 0.2010
[Epoch 63] step 240 loss: 0.2097
[Epoch 63] step 250 loss: 0.1795
[Epoch 63] step 260 loss: 0.1227
[Epoch 63] step 270 loss: 0.1948
[Epoch 63] step 280 loss: 0.1751
[Epoch 63] step 290 loss: 0.1419
[Epoch 63] step 300 loss: 0.2400
[Epoch 63] step 310 loss: 0.1512
[Epoch 63] step 320 loss: 0.1500
[Epoch 63] step 330 loss: 0.1622
[Epoch 63] step 340 loss: 0.2008
[Epoch 63] step 350 loss: 0.1784
[Epoch 63] step 360 loss: 0.1341
[Epoch 63] step 370 loss: 0.1681
[Epoch 63] step 380 loss: 0.2179
[Epoch 63] step 390 loss: 0.1628
[Epoch 63] step 400 loss: 0.1618
[Epoch 63] step 410 loss: 0.1701
[Epoch 63] step 420 loss: 0.1750
[Epoch 63] step 430 loss: 0.1781
[Epoch 63] step 440 loss: 0.2229
[Epoch 63] step 450 loss: 0.2172
[Epoch 63] step 460 loss: 0.1872
[Epoch 63] step 470 loss: 0.1790
[Epoch 63] step 480 loss: 0.2059
[Epoch 63] step 490 loss: 0.1632
[Epoch 63] step 500 loss: 0.2238
[Epoch 63] step 510 loss: 0.1397
[Epoch 63] step 520 loss: 0.2151
[Epoch 63] step 530 loss: 0.1695
[Epoch 63] step 540 loss: 0.2234
[Epoch 63] step 550 loss: 0.1681
[Epoch 63] step 560 loss: 0.2293
==== Epoch 63 avg loss: 0.1792 ====
[Epoch 64] step 0 loss: 0.1677
[Epoch 64] step 10 loss: 0.1744
[Epoch 64] step 20 loss: 0.1591
[Epoch 64] step 30 loss: 0.1627
[Epoch 64] step 40 loss: 0.1156
[Epoch 64] step 50 loss: 0.1654
[Epoch 64] step 60 loss: 0.2133
[Epoch 64] step 70 loss: 0.1630
[Epoch 64] step 80 loss: 0.1692
[Epoch 64] step 90 loss: 0.1663
[Epoch 64] step 100 loss: 0.1516
[Epoch 64] step 110 loss: 0.1304
[Epoch 64] step 120 loss: 0.2242
[Epoch 64] step 130 loss: 0.2259
[Epoch 64] step 140 loss: 0.1432
[Epoch 64] step 150 loss: 0.1762
[Epoch 64] step 160 loss: 0.1699
[Epoch 64] step 170 loss: 0.1547
[Epoch 64] step 180 loss: 0.1915
[Epoch 64] step 190 loss: 0.1239
[Epoch 64] step 200 loss: 0.1692
[Epoch 64] step 210 loss: 0.1505
[Epoch 64] step 220 loss: 0.1712
[Epoch 64] step 230 loss: 0.1856
[Epoch 64] step 240 loss: 0.1280
[Epoch 64] step 250 loss: 0.1414
[Epoch 64] step 260 loss: 0.1949
[Epoch 64] step 270 loss: 0.1772
[Epoch 64] step 280 loss: 0.1880
[Epoch 64] step 290 loss: 0.1932
[Epoch 64] step 300 loss: 0.1414
[Epoch 64] step 310 loss: 0.1616
[Epoch 64] step 320 loss: 0.1665
[Epoch 64] step 330 loss: 0.1504
[Epoch 64] step 340 loss: 0.1765
[Epoch 64] step 350 loss: 0.2070
[Epoch 64] step 360 loss: 0.1698
[Epoch 64] step 370 loss: 0.1392
[Epoch 64] step 380 loss: 0.1535
[Epoch 64] step 390 loss: 0.1185
[Epoch 64] step 400 loss: 0.1668
[Epoch 64] step 410 loss: 0.2052
[Epoch 64] step 420 loss: 0.1741
[Epoch 64] step 430 loss: 0.1718
[Epoch 64] step 440 loss: 0.1721
[Epoch 64] step 450 loss: 0.1290
[Epoch 64] step 460 loss: 0.2593
[Epoch 64] step 470 loss: 0.1882
[Epoch 64] step 480 loss: 0.2015
[Epoch 64] step 490 loss: 0.1849
[Epoch 64] step 500 loss: 0.1080
[Epoch 64] step 510 loss: 0.1590
[Epoch 64] step 520 loss: 0.1606
[Epoch 64] step 530 loss: 0.1553
[Epoch 64] step 540 loss: 0.1895
[Epoch 64] step 550 loss: 0.2153
[Epoch 64] step 560 loss: 0.1570
==== Epoch 64 avg loss: 0.1733 ====
[Epoch 65] step 0 loss: 0.1414
[Epoch 65] step 10 loss: 0.1588
[Epoch 65] step 20 loss: 0.1643
[Epoch 65] step 30 loss: 0.1496
[Epoch 65] step 40 loss: 0.1430
[Epoch 65] step 50 loss: 0.1985
[Epoch 65] step 60 loss: 0.1654
[Epoch 65] step 70 loss: 0.1782
[Epoch 65] step 80 loss: 0.1654
[Epoch 65] step 90 loss: 0.1423
[Epoch 65] step 100 loss: 0.1309
[Epoch 65] step 110 loss: 0.1689
[Epoch 65] step 120 loss: 0.2152
[Epoch 65] step 130 loss: 0.1556
[Epoch 65] step 140 loss: 0.2003
[Epoch 65] step 150 loss: 0.1584
[Epoch 65] step 160 loss: 0.1713
[Epoch 65] step 170 loss: 0.1438
[Epoch 65] step 180 loss: 0.1484
[Epoch 65] step 190 loss: 0.1460
[Epoch 65] step 200 loss: 0.1536
[Epoch 65] step 210 loss: 0.2397
[Epoch 65] step 220 loss: 0.2200
[Epoch 65] step 230 loss: 0.1191
[Epoch 65] step 240 loss: 0.1601
[Epoch 65] step 250 loss: 0.1566
[Epoch 65] step 260 loss: 0.1160
[Epoch 65] step 270 loss: 0.2122
[Epoch 65] step 280 loss: 0.1843
[Epoch 65] step 290 loss: 0.1870
[Epoch 65] step 300 loss: 0.1855
[Epoch 65] step 310 loss: 0.1983
[Epoch 65] step 320 loss: 0.2506
[Epoch 65] step 330 loss: 0.1526
[Epoch 65] step 340 loss: 0.1430
[Epoch 65] step 350 loss: 0.1992
[Epoch 65] step 360 loss: 0.1476
[Epoch 65] step 370 loss: 0.1558
[Epoch 65] step 380 loss: 0.1785
[Epoch 65] step 390 loss: 0.1496
[Epoch 65] step 400 loss: 0.1362
[Epoch 65] step 410 loss: 0.1717
[Epoch 65] step 420 loss: 0.1943
[Epoch 65] step 430 loss: 0.1263
[Epoch 65] step 440 loss: 0.1414
[Epoch 65] step 450 loss: 0.1992
[Epoch 65] step 460 loss: 0.1753
[Epoch 65] step 470 loss: 0.1795
[Epoch 65] step 480 loss: 0.1248
[Epoch 65] step 490 loss: 0.1764
[Epoch 65] step 500 loss: 0.1694
[Epoch 65] step 510 loss: 0.2355
[Epoch 65] step 520 loss: 0.1669
[Epoch 65] step 530 loss: 0.1137
[Epoch 65] step 540 loss: 0.1451
[Epoch 65] step 550 loss: 0.1985
[Epoch 65] step 560 loss: 0.1452
==== Epoch 65 avg loss: 0.1669 ====
[Epoch 66] step 0 loss: 0.2304
[Epoch 66] step 10 loss: 0.1337
[Epoch 66] step 20 loss: 0.1950
[Epoch 66] step 30 loss: 0.1796
[Epoch 66] step 40 loss: 0.1269
[Epoch 66] step 50 loss: 0.1499
[Epoch 66] step 60 loss: 0.1689
[Epoch 66] step 70 loss: 0.1796
[Epoch 66] step 80 loss: 0.1606
[Epoch 66] step 90 loss: 0.1602
[Epoch 66] step 100 loss: 0.1759
[Epoch 66] step 110 loss: 0.1789
[Epoch 66] step 120 loss: 0.1721
[Epoch 66] step 130 loss: 0.1829
[Epoch 66] step 140 loss: 0.1580
[Epoch 66] step 150 loss: 0.1446
[Epoch 66] step 160 loss: 0.1488
[Epoch 66] step 170 loss: 0.1413
[Epoch 66] step 180 loss: 0.1868
[Epoch 66] step 190 loss: 0.1537
[Epoch 66] step 200 loss: 0.1993
[Epoch 66] step 210 loss: 0.1402
[Epoch 66] step 220 loss: 0.1424
[Epoch 66] step 230 loss: 0.1370
[Epoch 66] step 240 loss: 0.1552
[Epoch 66] step 250 loss: 0.1374
[Epoch 66] step 260 loss: 0.1602
[Epoch 66] step 270 loss: 0.2123
[Epoch 66] step 280 loss: 0.1457
[Epoch 66] step 290 loss: 0.1862
[Epoch 66] step 300 loss: 0.1726
[Epoch 66] step 310 loss: 0.1730
[Epoch 66] step 320 loss: 0.1864
[Epoch 66] step 330 loss: 0.1169
[Epoch 66] step 340 loss: 0.1590
[Epoch 66] step 350 loss: 0.1717
[Epoch 66] step 360 loss: 0.1981
[Epoch 66] step 370 loss: 0.1261
[Epoch 66] step 380 loss: 0.1707
[Epoch 66] step 390 loss: 0.1631
[Epoch 66] step 400 loss: 0.1431
[Epoch 66] step 410 loss: 0.1564
[Epoch 66] step 420 loss: 0.1662
[Epoch 66] step 430 loss: 0.1870
[Epoch 66] step 440 loss: 0.1866
[Epoch 66] step 450 loss: 0.1723
[Epoch 66] step 460 loss: 0.1363
[Epoch 66] step 470 loss: 0.1420
[Epoch 66] step 480 loss: 0.1497
[Epoch 66] step 490 loss: 0.1270
[Epoch 66] step 500 loss: 0.1687
[Epoch 66] step 510 loss: 0.1758
[Epoch 66] step 520 loss: 0.1906
[Epoch 66] step 530 loss: 0.1672
[Epoch 66] step 540 loss: 0.2112
[Epoch 66] step 550 loss: 0.1488
[Epoch 66] step 560 loss: 0.1614
==== Epoch 66 avg loss: 0.1635 ====
[Epoch 67] step 0 loss: 0.1635
[Epoch 67] step 10 loss: 0.1558
[Epoch 67] step 20 loss: 0.1123
[Epoch 67] step 30 loss: 0.2106
[Epoch 67] step 40 loss: 0.1324
[Epoch 67] step 50 loss: 0.1766
[Epoch 67] step 60 loss: 0.1869
[Epoch 67] step 70 loss: 0.1877
[Epoch 67] step 80 loss: 0.1234
[Epoch 67] step 90 loss: 0.1870
[Epoch 67] step 100 loss: 0.2177
[Epoch 67] step 110 loss: 0.1614
[Epoch 67] step 120 loss: 0.1866
[Epoch 67] step 130 loss: 0.1928
[Epoch 67] step 140 loss: 0.1476
[Epoch 67] step 150 loss: 0.0888
[Epoch 67] step 160 loss: 0.1494
[Epoch 67] step 170 loss: 0.1250
[Epoch 67] step 180 loss: 0.1521
[Epoch 67] step 190 loss: 0.1244
[Epoch 67] step 200 loss: 0.1389
[Epoch 67] step 210 loss: 0.1282
[Epoch 67] step 220 loss: 0.1613
[Epoch 67] step 230 loss: 0.1093
[Epoch 67] step 240 loss: 0.2696
[Epoch 67] step 250 loss: 0.1448
[Epoch 67] step 260 loss: 0.1632
[Epoch 67] step 270 loss: 0.1804
[Epoch 67] step 280 loss: 0.1424
[Epoch 67] step 290 loss: 0.1965
[Epoch 67] step 300 loss: 0.1986
[Epoch 67] step 310 loss: 0.1456
[Epoch 67] step 320 loss: 0.1470
[Epoch 67] step 330 loss: 0.1689
[Epoch 67] step 340 loss: 0.2130
[Epoch 67] step 350 loss: 0.1321
[Epoch 67] step 360 loss: 0.1730
[Epoch 67] step 370 loss: 0.1745
[Epoch 67] step 380 loss: 0.1221
[Epoch 67] step 390 loss: 0.2042
[Epoch 67] step 400 loss: 0.1825
[Epoch 67] step 410 loss: 0.1724
[Epoch 67] step 420 loss: 0.1401
[Epoch 67] step 430 loss: 0.1879
[Epoch 67] step 440 loss: 0.1173
[Epoch 67] step 450 loss: 0.1279
[Epoch 67] step 460 loss: 0.1529
[Epoch 67] step 470 loss: 0.1643
[Epoch 67] step 480 loss: 0.1445
[Epoch 67] step 490 loss: 0.1798
[Epoch 67] step 500 loss: 0.1608
[Epoch 67] step 510 loss: 0.1624
[Epoch 67] step 520 loss: 0.1707
[Epoch 67] step 530 loss: 0.1698
[Epoch 67] step 540 loss: 0.1297
[Epoch 67] step 550 loss: 0.1816
[Epoch 67] step 560 loss: 0.1437
==== Epoch 67 avg loss: 0.1582 ====
[Epoch 68] step 0 loss: 0.1131
[Epoch 68] step 10 loss: 0.1381
[Epoch 68] step 20 loss: 0.1397
[Epoch 68] step 30 loss: 0.1473
[Epoch 68] step 40 loss: 0.1740
[Epoch 68] step 50 loss: 0.1519
[Epoch 68] step 60 loss: 0.1784
[Epoch 68] step 70 loss: 0.1432
[Epoch 68] step 80 loss: 0.0983
[Epoch 68] step 90 loss: 0.2132
[Epoch 68] step 100 loss: 0.1220
[Epoch 68] step 110 loss: 0.1452
[Epoch 68] step 120 loss: 0.1420
[Epoch 68] step 130 loss: 0.1518
[Epoch 68] step 140 loss: 0.1444
[Epoch 68] step 150 loss: 0.1167
[Epoch 68] step 160 loss: 0.1573
[Epoch 68] step 170 loss: 0.1506
[Epoch 68] step 180 loss: 0.1796
[Epoch 68] step 190 loss: 0.1634
[Epoch 68] step 200 loss: 0.1600
[Epoch 68] step 210 loss: 0.1325
[Epoch 68] step 220 loss: 0.1830
[Epoch 68] step 230 loss: 0.1301
[Epoch 68] step 240 loss: 0.1574
[Epoch 68] step 250 loss: 0.1244
[Epoch 68] step 260 loss: 0.1450
[Epoch 68] step 270 loss: 0.1240
[Epoch 68] step 280 loss: 0.1886
[Epoch 68] step 290 loss: 0.1194
[Epoch 68] step 300 loss: 0.1140
[Epoch 68] step 310 loss: 0.1332
[Epoch 68] step 320 loss: 0.1464
[Epoch 68] step 330 loss: 0.1320
[Epoch 68] step 340 loss: 0.1515
[Epoch 68] step 350 loss: 0.1531
[Epoch 68] step 360 loss: 0.1555
[Epoch 68] step 370 loss: 0.2468
[Epoch 68] step 380 loss: 0.1585
[Epoch 68] step 390 loss: 0.1323
[Epoch 68] step 400 loss: 0.1349
[Epoch 68] step 410 loss: 0.1228
[Epoch 68] step 420 loss: 0.2535
[Epoch 68] step 430 loss: 0.1458
[Epoch 68] step 440 loss: 0.1564
[Epoch 68] step 450 loss: 0.1467
[Epoch 68] step 460 loss: 0.1870
[Epoch 68] step 470 loss: 0.1282
[Epoch 68] step 480 loss: 0.1386
[Epoch 68] step 490 loss: 0.1468
[Epoch 68] step 500 loss: 0.1597
[Epoch 68] step 510 loss: 0.1764
[Epoch 68] step 520 loss: 0.1862
[Epoch 68] step 530 loss: 0.1631
[Epoch 68] step 540 loss: 0.1396
[Epoch 68] step 550 loss: 0.1377
[Epoch 68] step 560 loss: 0.1480
==== Epoch 68 avg loss: 0.1528 ====
[Epoch 69] step 0 loss: 0.1575
[Epoch 69] step 10 loss: 0.1766
[Epoch 69] step 20 loss: 0.1272
[Epoch 69] step 30 loss: 0.1694
[Epoch 69] step 40 loss: 0.1894
[Epoch 69] step 50 loss: 0.1874
[Epoch 69] step 60 loss: 0.1409
[Epoch 69] step 70 loss: 0.1507
[Epoch 69] step 80 loss: 0.1511
[Epoch 69] step 90 loss: 0.1293
[Epoch 69] step 100 loss: 0.1367
[Epoch 69] step 110 loss: 0.1207
[Epoch 69] step 120 loss: 0.0994
[Epoch 69] step 130 loss: 0.1337
[Epoch 69] step 140 loss: 0.1149
[Epoch 69] step 150 loss: 0.1688
[Epoch 69] step 160 loss: 0.1939
[Epoch 69] step 170 loss: 0.0890
[Epoch 69] step 180 loss: 0.1574
[Epoch 69] step 190 loss: 0.1323
[Epoch 69] step 200 loss: 0.1293
[Epoch 69] step 210 loss: 0.1168
[Epoch 69] step 220 loss: 0.1309
[Epoch 69] step 230 loss: 0.1353
[Epoch 69] step 240 loss: 0.2024
[Epoch 69] step 250 loss: 0.1243
[Epoch 69] step 260 loss: 0.1422
[Epoch 69] step 270 loss: 0.1690
[Epoch 69] step 280 loss: 0.1394
[Epoch 69] step 290 loss: 0.1612
[Epoch 69] step 300 loss: 0.1801
[Epoch 69] step 310 loss: 0.1501
[Epoch 69] step 320 loss: 0.1204
[Epoch 69] step 330 loss: 0.1571
[Epoch 69] step 340 loss: 0.1848
[Epoch 69] step 350 loss: 0.1998
[Epoch 69] step 360 loss: 0.1549
[Epoch 69] step 370 loss: 0.1397
[Epoch 69] step 380 loss: 0.2008
[Epoch 69] step 390 loss: 0.1817
[Epoch 69] step 400 loss: 0.1094
[Epoch 69] step 410 loss: 0.1092
[Epoch 69] step 420 loss: 0.1615
[Epoch 69] step 430 loss: 0.1329
[Epoch 69] step 440 loss: 0.1260
[Epoch 69] step 450 loss: 0.1030
[Epoch 69] step 460 loss: 0.1178
[Epoch 69] step 470 loss: 0.1451
[Epoch 69] step 480 loss: 0.1689
[Epoch 69] step 490 loss: 0.1529
[Epoch 69] step 500 loss: 0.1434
[Epoch 69] step 510 loss: 0.1900
[Epoch 69] step 520 loss: 0.1326
[Epoch 69] step 530 loss: 0.1453
[Epoch 69] step 540 loss: 0.1982
[Epoch 69] step 550 loss: 0.1065
[Epoch 69] step 560 loss: 0.1689
==== Epoch 69 avg loss: 0.1469 ====
[Epoch 70] step 0 loss: 0.1555
[Epoch 70] step 10 loss: 0.1725
[Epoch 70] step 20 loss: 0.1289
[Epoch 70] step 30 loss: 0.1474
[Epoch 70] step 40 loss: 0.1588
[Epoch 70] step 50 loss: 0.1206
[Epoch 70] step 60 loss: 0.1467
[Epoch 70] step 70 loss: 0.1636
[Epoch 70] step 80 loss: 0.1155
[Epoch 70] step 90 loss: 0.1745
[Epoch 70] step 100 loss: 0.1560
[Epoch 70] step 110 loss: 0.1360
[Epoch 70] step 120 loss: 0.1130
[Epoch 70] step 130 loss: 0.1229
[Epoch 70] step 140 loss: 0.1495
[Epoch 70] step 150 loss: 0.1178
[Epoch 70] step 160 loss: 0.1603
[Epoch 70] step 170 loss: 0.1945
[Epoch 70] step 180 loss: 0.1681
[Epoch 70] step 190 loss: 0.1512
[Epoch 70] step 200 loss: 0.1291
[Epoch 70] step 210 loss: 0.1570
[Epoch 70] step 220 loss: 0.0916
[Epoch 70] step 230 loss: 0.1695
[Epoch 70] step 240 loss: 0.1692
[Epoch 70] step 250 loss: 0.1359
[Epoch 70] step 260 loss: 0.1207
[Epoch 70] step 270 loss: 0.1950
[Epoch 70] step 280 loss: 0.1285
[Epoch 70] step 290 loss: 0.0950
[Epoch 70] step 300 loss: 0.1695
[Epoch 70] step 310 loss: 0.1447
[Epoch 70] step 320 loss: 0.1814
[Epoch 70] step 330 loss: 0.1510
[Epoch 70] step 340 loss: 0.1338
[Epoch 70] step 350 loss: 0.1800
[Epoch 70] step 360 loss: 0.1464
[Epoch 70] step 370 loss: 0.1101
[Epoch 70] step 380 loss: 0.1987
[Epoch 70] step 390 loss: 0.1422
[Epoch 70] step 400 loss: 0.2007
[Epoch 70] step 410 loss: 0.1425
[Epoch 70] step 420 loss: 0.1466
[Epoch 70] step 430 loss: 0.1083
[Epoch 70] step 440 loss: 0.1562
[Epoch 70] step 450 loss: 0.1230
[Epoch 70] step 460 loss: 0.1144
[Epoch 70] step 470 loss: 0.1543
[Epoch 70] step 480 loss: 0.1486
[Epoch 70] step 490 loss: 0.1544
[Epoch 70] step 500 loss: 0.1152
[Epoch 70] step 510 loss: 0.1522
[Epoch 70] step 520 loss: 0.1477
[Epoch 70] step 530 loss: 0.1746
[Epoch 70] step 540 loss: 0.1213
[Epoch 70] step 550 loss: 0.1074
[Epoch 70] step 560 loss: 0.1733
==== Epoch 70 avg loss: 0.1442 ====
[Epoch 71] step 0 loss: 0.1459
[Epoch 71] step 10 loss: 0.1434
[Epoch 71] step 20 loss: 0.1410
[Epoch 71] step 30 loss: 0.1647
[Epoch 71] step 40 loss: 0.1370
[Epoch 71] step 50 loss: 0.1615
[Epoch 71] step 60 loss: 0.1591
[Epoch 71] step 70 loss: 0.1759
[Epoch 71] step 80 loss: 0.1275
[Epoch 71] step 90 loss: 0.1595
[Epoch 71] step 100 loss: 0.1165
[Epoch 71] step 110 loss: 0.1064
[Epoch 71] step 120 loss: 0.1266
[Epoch 71] step 130 loss: 0.1361
[Epoch 71] step 140 loss: 0.1739
[Epoch 71] step 150 loss: 0.1467
[Epoch 71] step 160 loss: 0.1360
[Epoch 71] step 170 loss: 0.1039
[Epoch 71] step 180 loss: 0.1232
[Epoch 71] step 190 loss: 0.1932
[Epoch 71] step 200 loss: 0.2068
[Epoch 71] step 210 loss: 0.1239
[Epoch 71] step 220 loss: 0.1201
[Epoch 71] step 230 loss: 0.1517
[Epoch 71] step 240 loss: 0.1857
[Epoch 71] step 250 loss: 0.1814
[Epoch 71] step 260 loss: 0.1428
[Epoch 71] step 270 loss: 0.1240
[Epoch 71] step 280 loss: 0.1234
[Epoch 71] step 290 loss: 0.1652
[Epoch 71] step 300 loss: 0.1889
[Epoch 71] step 310 loss: 0.1662
[Epoch 71] step 320 loss: 0.1446
[Epoch 71] step 330 loss: 0.1140
[Epoch 71] step 340 loss: 0.1602
[Epoch 71] step 350 loss: 0.1574
[Epoch 71] step 360 loss: 0.1609
[Epoch 71] step 370 loss: 0.1235
[Epoch 71] step 380 loss: 0.1131
[Epoch 71] step 390 loss: 0.1068
[Epoch 71] step 400 loss: 0.1524
[Epoch 71] step 410 loss: 0.0910
[Epoch 71] step 420 loss: 0.1473
[Epoch 71] step 430 loss: 0.1737
[Epoch 71] step 440 loss: 0.1424
[Epoch 71] step 450 loss: 0.1015
[Epoch 71] step 460 loss: 0.1399
[Epoch 71] step 470 loss: 0.1214
[Epoch 71] step 480 loss: 0.1894
[Epoch 71] step 490 loss: 0.1111
[Epoch 71] step 500 loss: 0.1587
[Epoch 71] step 510 loss: 0.1775
[Epoch 71] step 520 loss: 0.1939
[Epoch 71] step 530 loss: 0.1383
[Epoch 71] step 540 loss: 0.1864
[Epoch 71] step 550 loss: 0.1344
[Epoch 71] step 560 loss: 0.1520
==== Epoch 71 avg loss: 0.1393 ====
[Epoch 72] step 0 loss: 0.0772
[Epoch 72] step 10 loss: 0.1529
[Epoch 72] step 20 loss: 0.1019
[Epoch 72] step 30 loss: 0.1089
[Epoch 72] step 40 loss: 0.1164
[Epoch 72] step 50 loss: 0.1398
[Epoch 72] step 60 loss: 0.2122
[Epoch 72] step 70 loss: 0.1211
[Epoch 72] step 80 loss: 0.1068
[Epoch 72] step 90 loss: 0.1572
[Epoch 72] step 100 loss: 0.1330
[Epoch 72] step 110 loss: 0.0947
[Epoch 72] step 120 loss: 0.1305
[Epoch 72] step 130 loss: 0.0906
[Epoch 72] step 140 loss: 0.1255
[Epoch 72] step 150 loss: 0.1194
[Epoch 72] step 160 loss: 0.1215
[Epoch 72] step 170 loss: 0.1041
[Epoch 72] step 180 loss: 0.1644
[Epoch 72] step 190 loss: 0.0981
[Epoch 72] step 200 loss: 0.1322
[Epoch 72] step 210 loss: 0.1348
[Epoch 72] step 220 loss: 0.1230
[Epoch 72] step 230 loss: 0.1795
[Epoch 72] step 240 loss: 0.1150
[Epoch 72] step 250 loss: 0.0909
[Epoch 72] step 260 loss: 0.1108
[Epoch 72] step 270 loss: 0.1178
[Epoch 72] step 280 loss: 0.2121
[Epoch 72] step 290 loss: 0.0886
[Epoch 72] step 300 loss: 0.1776
[Epoch 72] step 310 loss: 0.0981
[Epoch 72] step 320 loss: 0.1543
[Epoch 72] step 330 loss: 0.1544
[Epoch 72] step 340 loss: 0.1795
[Epoch 72] step 350 loss: 0.1765
[Epoch 72] step 360 loss: 0.1158
[Epoch 72] step 370 loss: 0.1578
[Epoch 72] step 380 loss: 0.1656
[Epoch 72] step 390 loss: 0.1255
[Epoch 72] step 400 loss: 0.1059
[Epoch 72] step 410 loss: 0.1015
[Epoch 72] step 420 loss: 0.1140
[Epoch 72] step 430 loss: 0.1098
[Epoch 72] step 440 loss: 0.1817
[Epoch 72] step 450 loss: 0.1155
[Epoch 72] step 460 loss: 0.1039
[Epoch 72] step 470 loss: 0.1455
[Epoch 72] step 480 loss: 0.1275
[Epoch 72] step 490 loss: 0.0922
[Epoch 72] step 500 loss: 0.1479
[Epoch 72] step 510 loss: 0.1346
[Epoch 72] step 520 loss: 0.1596
[Epoch 72] step 530 loss: 0.1799
[Epoch 72] step 540 loss: 0.1424
[Epoch 72] step 550 loss: 0.1119
[Epoch 72] step 560 loss: 0.1583
==== Epoch 72 avg loss: 0.1343 ====
[Epoch 73] step 0 loss: 0.0806
[Epoch 73] step 10 loss: 0.1226
[Epoch 73] step 20 loss: 0.1146
[Epoch 73] step 30 loss: 0.0929
[Epoch 73] step 40 loss: 0.1516
[Epoch 73] step 50 loss: 0.0908
[Epoch 73] step 60 loss: 0.1440
[Epoch 73] step 70 loss: 0.1285
[Epoch 73] step 80 loss: 0.1474
[Epoch 73] step 90 loss: 0.1447
[Epoch 73] step 100 loss: 0.1456
[Epoch 73] step 110 loss: 0.0734
[Epoch 73] step 120 loss: 0.1065
[Epoch 73] step 130 loss: 0.1283
[Epoch 73] step 140 loss: 0.1109
[Epoch 73] step 150 loss: 0.1368
[Epoch 73] step 160 loss: 0.1133
[Epoch 73] step 170 loss: 0.1140
[Epoch 73] step 180 loss: 0.1614
[Epoch 73] step 190 loss: 0.0982
[Epoch 73] step 200 loss: 0.0934
[Epoch 73] step 210 loss: 0.1740
[Epoch 73] step 220 loss: 0.1860
[Epoch 73] step 230 loss: 0.0982
[Epoch 73] step 240 loss: 0.1160
[Epoch 73] step 250 loss: 0.1279
[Epoch 73] step 260 loss: 0.1043
[Epoch 73] step 270 loss: 0.1799
[Epoch 73] step 280 loss: 0.1089
[Epoch 73] step 290 loss: 0.1078
[Epoch 73] step 300 loss: 0.0879
[Epoch 73] step 310 loss: 0.1177
[Epoch 73] step 320 loss: 0.1582
[Epoch 73] step 330 loss: 0.1512
[Epoch 73] step 340 loss: 0.1209
[Epoch 73] step 350 loss: 0.1148
[Epoch 73] step 360 loss: 0.1204
[Epoch 73] step 370 loss: 0.1147
[Epoch 73] step 380 loss: 0.1358
[Epoch 73] step 390 loss: 0.1062
[Epoch 73] step 400 loss: 0.0990
[Epoch 73] step 410 loss: 0.1037
[Epoch 73] step 420 loss: 0.1112
[Epoch 73] step 430 loss: 0.1387
[Epoch 73] step 440 loss: 0.1630
[Epoch 73] step 450 loss: 0.1599
[Epoch 73] step 460 loss: 0.1370
[Epoch 73] step 470 loss: 0.0954
[Epoch 73] step 480 loss: 0.1150
[Epoch 73] step 490 loss: 0.1508
[Epoch 73] step 500 loss: 0.1229
[Epoch 73] step 510 loss: 0.1475
[Epoch 73] step 520 loss: 0.1338
[Epoch 73] step 530 loss: 0.0822
[Epoch 73] step 540 loss: 0.0999
[Epoch 73] step 550 loss: 0.1743
[Epoch 73] step 560 loss: 0.1552
==== Epoch 73 avg loss: 0.1295 ====
[Epoch 74] step 0 loss: 0.1444
[Epoch 74] step 10 loss: 0.1357
[Epoch 74] step 20 loss: 0.1400
[Epoch 74] step 30 loss: 0.1295
[Epoch 74] step 40 loss: 0.0941
[Epoch 74] step 50 loss: 0.1125
[Epoch 74] step 60 loss: 0.0912
[Epoch 74] step 70 loss: 0.1322
[Epoch 74] step 80 loss: 0.1381
[Epoch 74] step 90 loss: 0.1532
[Epoch 74] step 100 loss: 0.1255
[Epoch 74] step 110 loss: 0.1624
[Epoch 74] step 120 loss: 0.1054
[Epoch 74] step 130 loss: 0.1169
[Epoch 74] step 140 loss: 0.1251
[Epoch 74] step 150 loss: 0.1564
[Epoch 74] step 160 loss: 0.1350
[Epoch 74] step 170 loss: 0.1538
[Epoch 74] step 180 loss: 0.0850
[Epoch 74] step 190 loss: 0.1115
[Epoch 74] step 200 loss: 0.0900
[Epoch 74] step 210 loss: 0.0979
[Epoch 74] step 220 loss: 0.1670
[Epoch 74] step 230 loss: 0.1282
[Epoch 74] step 240 loss: 0.1001
[Epoch 74] step 250 loss: 0.1099
[Epoch 74] step 260 loss: 0.0816
[Epoch 74] step 270 loss: 0.0954
[Epoch 74] step 280 loss: 0.1054
[Epoch 74] step 290 loss: 0.1081
[Epoch 74] step 300 loss: 0.0894
[Epoch 74] step 310 loss: 0.1152
[Epoch 74] step 320 loss: 0.1373
[Epoch 74] step 330 loss: 0.1067
[Epoch 74] step 340 loss: 0.1154
[Epoch 74] step 350 loss: 0.1450
[Epoch 74] step 360 loss: 0.1126
[Epoch 74] step 370 loss: 0.1069
[Epoch 74] step 380 loss: 0.1550
[Epoch 74] step 390 loss: 0.1389
[Epoch 74] step 400 loss: 0.1303
[Epoch 74] step 410 loss: 0.1418
[Epoch 74] step 420 loss: 0.1253
[Epoch 74] step 430 loss: 0.0939
[Epoch 74] step 440 loss: 0.1529
[Epoch 74] step 450 loss: 0.1233
[Epoch 74] step 460 loss: 0.1207
[Epoch 74] step 470 loss: 0.2216
[Epoch 74] step 480 loss: 0.1562
[Epoch 74] step 490 loss: 0.1135
[Epoch 74] step 500 loss: 0.1295
[Epoch 74] step 510 loss: 0.1276
[Epoch 74] step 520 loss: 0.1066
[Epoch 74] step 530 loss: 0.1924
[Epoch 74] step 540 loss: 0.1108
[Epoch 74] step 550 loss: 0.0866
[Epoch 74] step 560 loss: 0.1092
==== Epoch 74 avg loss: 0.1252 ====
[Epoch 75] step 0 loss: 0.1622
[Epoch 75] step 10 loss: 0.1244
[Epoch 75] step 20 loss: 0.1001
[Epoch 75] step 30 loss: 0.1989
[Epoch 75] step 40 loss: 0.0677
[Epoch 75] step 50 loss: 0.1180
[Epoch 75] step 60 loss: 0.1086
[Epoch 75] step 70 loss: 0.1683
[Epoch 75] step 80 loss: 0.1156
[Epoch 75] step 90 loss: 0.1180
[Epoch 75] step 100 loss: 0.1004
[Epoch 75] step 110 loss: 0.1159
[Epoch 75] step 120 loss: 0.1794
[Epoch 75] step 130 loss: 0.1213
[Epoch 75] step 140 loss: 0.1026
[Epoch 75] step 150 loss: 0.1114
[Epoch 75] step 160 loss: 0.1294
[Epoch 75] step 170 loss: 0.0718
[Epoch 75] step 180 loss: 0.1111
[Epoch 75] step 190 loss: 0.0927
[Epoch 75] step 200 loss: 0.1736
[Epoch 75] step 210 loss: 0.1193
[Epoch 75] step 220 loss: 0.1312
[Epoch 75] step 230 loss: 0.0888
[Epoch 75] step 240 loss: 0.1171
[Epoch 75] step 250 loss: 0.1507
[Epoch 75] step 260 loss: 0.1487
[Epoch 75] step 270 loss: 0.0715
[Epoch 75] step 280 loss: 0.0970
[Epoch 75] step 290 loss: 0.0595
[Epoch 75] step 300 loss: 0.1379
[Epoch 75] step 310 loss: 0.0858
[Epoch 75] step 320 loss: 0.1441
[Epoch 75] step 330 loss: 0.1120
[Epoch 75] step 340 loss: 0.1055
[Epoch 75] step 350 loss: 0.1454
[Epoch 75] step 360 loss: 0.1534
[Epoch 75] step 370 loss: 0.1195
[Epoch 75] step 380 loss: 0.1194
[Epoch 75] step 390 loss: 0.1338
[Epoch 75] step 400 loss: 0.1557
[Epoch 75] step 410 loss: 0.1185
[Epoch 75] step 420 loss: 0.1618
[Epoch 75] step 430 loss: 0.2070
[Epoch 75] step 440 loss: 0.1065
[Epoch 75] step 450 loss: 0.1073
[Epoch 75] step 460 loss: 0.0994
[Epoch 75] step 470 loss: 0.1000
[Epoch 75] step 480 loss: 0.1165
[Epoch 75] step 490 loss: 0.0957
[Epoch 75] step 500 loss: 0.1545
[Epoch 75] step 510 loss: 0.1167
[Epoch 75] step 520 loss: 0.1119
[Epoch 75] step 530 loss: 0.1551
[Epoch 75] step 540 loss: 0.1112
[Epoch 75] step 550 loss: 0.1493
[Epoch 75] step 560 loss: 0.1657
==== Epoch 75 avg loss: 0.1214 ====
[Epoch 76] step 0 loss: 0.1246
[Epoch 76] step 10 loss: 0.1458
[Epoch 76] step 20 loss: 0.1077
[Epoch 76] step 30 loss: 0.1170
[Epoch 76] step 40 loss: 0.1674
[Epoch 76] step 50 loss: 0.0939
[Epoch 76] step 60 loss: 0.1257
[Epoch 76] step 70 loss: 0.1102
[Epoch 76] step 80 loss: 0.0887
[Epoch 76] step 90 loss: 0.1163
[Epoch 76] step 100 loss: 0.1214
[Epoch 76] step 110 loss: 0.0989
[Epoch 76] step 120 loss: 0.0854
[Epoch 76] step 130 loss: 0.1353
[Epoch 76] step 140 loss: 0.1661
[Epoch 76] step 150 loss: 0.0680
[Epoch 76] step 160 loss: 0.1043
[Epoch 76] step 170 loss: 0.1367
[Epoch 76] step 180 loss: 0.1128
[Epoch 76] step 190 loss: 0.1245
[Epoch 76] step 200 loss: 0.1264
[Epoch 76] step 210 loss: 0.0800
[Epoch 76] step 220 loss: 0.0961
[Epoch 76] step 230 loss: 0.0617
[Epoch 76] step 240 loss: 0.0739
[Epoch 76] step 250 loss: 0.1384
[Epoch 76] step 260 loss: 0.1028
[Epoch 76] step 270 loss: 0.1095
[Epoch 76] step 280 loss: 0.1149
[Epoch 76] step 290 loss: 0.1587
[Epoch 76] step 300 loss: 0.1109
[Epoch 76] step 310 loss: 0.0726
[Epoch 76] step 320 loss: 0.1395
[Epoch 76] step 330 loss: 0.1227
[Epoch 76] step 340 loss: 0.1045
[Epoch 76] step 350 loss: 0.1351
[Epoch 76] step 360 loss: 0.1122
[Epoch 76] step 370 loss: 0.1508
[Epoch 76] step 380 loss: 0.1257
[Epoch 76] step 390 loss: 0.1120
[Epoch 76] step 400 loss: 0.1639
[Epoch 76] step 410 loss: 0.1644
[Epoch 76] step 420 loss: 0.1186
[Epoch 76] step 430 loss: 0.1256
[Epoch 76] step 440 loss: 0.1291
[Epoch 76] step 450 loss: 0.1537
[Epoch 76] step 460 loss: 0.1320
[Epoch 76] step 470 loss: 0.0946
[Epoch 76] step 480 loss: 0.1495
[Epoch 76] step 490 loss: 0.1089
[Epoch 76] step 500 loss: 0.1565
[Epoch 76] step 510 loss: 0.1238
[Epoch 76] step 520 loss: 0.1462
[Epoch 76] step 530 loss: 0.1435
[Epoch 76] step 540 loss: 0.0970
[Epoch 76] step 550 loss: 0.0980
[Epoch 76] step 560 loss: 0.1398
==== Epoch 76 avg loss: 0.1180 ====
[Epoch 77] step 0 loss: 0.0869
[Epoch 77] step 10 loss: 0.0808
[Epoch 77] step 20 loss: 0.0650
[Epoch 77] step 30 loss: 0.0697
[Epoch 77] step 40 loss: 0.1206
[Epoch 77] step 50 loss: 0.1419
[Epoch 77] step 60 loss: 0.0916
[Epoch 77] step 70 loss: 0.1150
[Epoch 77] step 80 loss: 0.0807
[Epoch 77] step 90 loss: 0.1113
[Epoch 77] step 100 loss: 0.1402
[Epoch 77] step 110 loss: 0.0824
[Epoch 77] step 120 loss: 0.1116
[Epoch 77] step 130 loss: 0.1367
[Epoch 77] step 140 loss: 0.1272
[Epoch 77] step 150 loss: 0.0970
[Epoch 77] step 160 loss: 0.1462
[Epoch 77] step 170 loss: 0.1016
[Epoch 77] step 180 loss: 0.0872
[Epoch 77] step 190 loss: 0.1072
[Epoch 77] step 200 loss: 0.1321
[Epoch 77] step 210 loss: 0.1476
[Epoch 77] step 220 loss: 0.1103
[Epoch 77] step 230 loss: 0.1243
[Epoch 77] step 240 loss: 0.1292
[Epoch 77] step 250 loss: 0.1441
[Epoch 77] step 260 loss: 0.1130
[Epoch 77] step 270 loss: 0.1148
[Epoch 77] step 280 loss: 0.1154
[Epoch 77] step 290 loss: 0.0950
[Epoch 77] step 300 loss: 0.1123
[Epoch 77] step 310 loss: 0.1168
[Epoch 77] step 320 loss: 0.0879
[Epoch 77] step 330 loss: 0.0942
[Epoch 77] step 340 loss: 0.1159
[Epoch 77] step 350 loss: 0.1199
[Epoch 77] step 360 loss: 0.0950
[Epoch 77] step 370 loss: 0.1046
[Epoch 77] step 380 loss: 0.1154
[Epoch 77] step 390 loss: 0.1327
[Epoch 77] step 400 loss: 0.1464
[Epoch 77] step 410 loss: 0.1068
[Epoch 77] step 420 loss: 0.1090
[Epoch 77] step 430 loss: 0.0649
[Epoch 77] step 440 loss: 0.0630
[Epoch 77] step 450 loss: 0.1442
[Epoch 77] step 460 loss: 0.1069
[Epoch 77] step 470 loss: 0.1305
[Epoch 77] step 480 loss: 0.1001
[Epoch 77] step 490 loss: 0.1571
[Epoch 77] step 500 loss: 0.0983
[Epoch 77] step 510 loss: 0.1324
[Epoch 77] step 520 loss: 0.0878
[Epoch 77] step 530 loss: 0.0906
[Epoch 77] step 540 loss: 0.0976
[Epoch 77] step 550 loss: 0.1085
[Epoch 77] step 560 loss: 0.1230
==== Epoch 77 avg loss: 0.1126 ====
[Epoch 78] step 0 loss: 0.1023
[Epoch 78] step 10 loss: 0.1161
[Epoch 78] step 20 loss: 0.0963
[Epoch 78] step 30 loss: 0.0746
[Epoch 78] step 40 loss: 0.1129
[Epoch 78] step 50 loss: 0.1370
[Epoch 78] step 60 loss: 0.1135
[Epoch 78] step 70 loss: 0.1273
[Epoch 78] step 80 loss: 0.1007
[Epoch 78] step 90 loss: 0.0772
[Epoch 78] step 100 loss: 0.0910
[Epoch 78] step 110 loss: 0.1039
[Epoch 78] step 120 loss: 0.0852
[Epoch 78] step 130 loss: 0.0712
[Epoch 78] step 140 loss: 0.1212
[Epoch 78] step 150 loss: 0.0916
[Epoch 78] step 160 loss: 0.0942
[Epoch 78] step 170 loss: 0.1300
[Epoch 78] step 180 loss: 0.0831
[Epoch 78] step 190 loss: 0.1150
[Epoch 78] step 200 loss: 0.0728
[Epoch 78] step 210 loss: 0.0874
[Epoch 78] step 220 loss: 0.1221
[Epoch 78] step 230 loss: 0.1212
[Epoch 78] step 240 loss: 0.1051
[Epoch 78] step 250 loss: 0.1047
[Epoch 78] step 260 loss: 0.1264
[Epoch 78] step 270 loss: 0.1922
[Epoch 78] step 280 loss: 0.0909
[Epoch 78] step 290 loss: 0.1531
[Epoch 78] step 300 loss: 0.0853
[Epoch 78] step 310 loss: 0.1345
[Epoch 78] step 320 loss: 0.1384
[Epoch 78] step 330 loss: 0.1414
[Epoch 78] step 340 loss: 0.1146
[Epoch 78] step 350 loss: 0.1517
[Epoch 78] step 360 loss: 0.0833
[Epoch 78] step 370 loss: 0.2064
[Epoch 78] step 380 loss: 0.0922
[Epoch 78] step 390 loss: 0.1192
[Epoch 78] step 400 loss: 0.0973
[Epoch 78] step 410 loss: 0.1374
[Epoch 78] step 420 loss: 0.1270
[Epoch 78] step 430 loss: 0.1532
[Epoch 78] step 440 loss: 0.1900
[Epoch 78] step 450 loss: 0.1584
[Epoch 78] step 460 loss: 0.0645
[Epoch 78] step 470 loss: 0.1011
[Epoch 78] step 480 loss: 0.1540
[Epoch 78] step 490 loss: 0.1327
[Epoch 78] step 500 loss: 0.1680
[Epoch 78] step 510 loss: 0.1096
[Epoch 78] step 520 loss: 0.1730
[Epoch 78] step 530 loss: 0.1416
[Epoch 78] step 540 loss: 0.1149
[Epoch 78] step 550 loss: 0.1370
[Epoch 78] step 560 loss: 0.1231
==== Epoch 78 avg loss: 0.1201 ====
[Epoch 79] step 0 loss: 0.1424
[Epoch 79] step 10 loss: 0.0964
[Epoch 79] step 20 loss: 0.1459
[Epoch 79] step 30 loss: 0.1149
[Epoch 79] step 40 loss: 0.1528
[Epoch 79] step 50 loss: 0.1244
[Epoch 79] step 60 loss: 0.1631
[Epoch 79] step 70 loss: 0.0808
[Epoch 79] step 80 loss: 0.0995
[Epoch 79] step 90 loss: 0.1038
[Epoch 79] step 100 loss: 0.1525
[Epoch 79] step 110 loss: 0.1243
[Epoch 79] step 120 loss: 0.1077
[Epoch 79] step 130 loss: 0.0887
[Epoch 79] step 140 loss: 0.1035
[Epoch 79] step 150 loss: 0.0891
[Epoch 79] step 160 loss: 0.1582
[Epoch 79] step 170 loss: 0.1318
[Epoch 79] step 180 loss: 0.0925
[Epoch 79] step 190 loss: 0.1343
[Epoch 79] step 200 loss: 0.1025
[Epoch 79] step 210 loss: 0.1280
[Epoch 79] step 220 loss: 0.1262
[Epoch 79] step 230 loss: 0.1200
[Epoch 79] step 240 loss: 0.1378
[Epoch 79] step 250 loss: 0.1212
[Epoch 79] step 260 loss: 0.1293
[Epoch 79] step 270 loss: 0.1497
[Epoch 79] step 280 loss: 0.1112
[Epoch 79] step 290 loss: 0.1205
[Epoch 79] step 300 loss: 0.1055
[Epoch 79] step 310 loss: 0.0945
[Epoch 79] step 320 loss: 0.1356
[Epoch 79] step 330 loss: 0.1121
[Epoch 79] step 340 loss: 0.0915
[Epoch 79] step 350 loss: 0.0887
[Epoch 79] step 360 loss: 0.0811
[Epoch 79] step 370 loss: 0.1238
[Epoch 79] step 380 loss: 0.1067
[Epoch 79] step 390 loss: 0.1764
[Epoch 79] step 400 loss: 0.1080
[Epoch 79] step 410 loss: 0.1483
[Epoch 79] step 420 loss: 0.1264
[Epoch 79] step 430 loss: 0.1299
[Epoch 79] step 440 loss: 0.1309
[Epoch 79] step 450 loss: 0.1221
[Epoch 79] step 460 loss: 0.1542
[Epoch 79] step 470 loss: 0.0762
[Epoch 79] step 480 loss: 0.1053
[Epoch 79] step 490 loss: 0.1141
[Epoch 79] step 500 loss: 0.0971
[Epoch 79] step 510 loss: 0.1088
[Epoch 79] step 520 loss: 0.1369
[Epoch 79] step 530 loss: 0.1278
[Epoch 79] step 540 loss: 0.1376
[Epoch 79] step 550 loss: 0.1035
[Epoch 79] step 560 loss: 0.1245
==== Epoch 79 avg loss: 0.1218 ====
[Epoch 80] step 0 loss: 0.0676
[Epoch 80] step 10 loss: 0.1375
[Epoch 80] step 20 loss: 0.0991
[Epoch 80] step 30 loss: 0.1025
[Epoch 80] step 40 loss: 0.1017
[Epoch 80] step 50 loss: 0.0931
[Epoch 80] step 60 loss: 0.1531
[Epoch 80] step 70 loss: 0.1298
[Epoch 80] step 80 loss: 0.1237
[Epoch 80] step 90 loss: 0.1289
[Epoch 80] step 100 loss: 0.1467
[Epoch 80] step 110 loss: 0.1130
[Epoch 80] step 120 loss: 0.1418
[Epoch 80] step 130 loss: 0.0794
[Epoch 80] step 140 loss: 0.0800
[Epoch 80] step 150 loss: 0.0727
[Epoch 80] step 160 loss: 0.1076
[Epoch 80] step 170 loss: 0.1091
[Epoch 80] step 180 loss: 0.0718
[Epoch 80] step 190 loss: 0.1198
[Epoch 80] step 200 loss: 0.0931
[Epoch 80] step 210 loss: 0.1155
[Epoch 80] step 220 loss: 0.1098
[Epoch 80] step 230 loss: 0.1104
[Epoch 80] step 240 loss: 0.1012
[Epoch 80] step 250 loss: 0.1137
[Epoch 80] step 260 loss: 0.1259
[Epoch 80] step 270 loss: 0.1205
[Epoch 80] step 280 loss: 0.1096
[Epoch 80] step 290 loss: 0.1045
[Epoch 80] step 300 loss: 0.0982
[Epoch 80] step 310 loss: 0.1366
[Epoch 80] step 320 loss: 0.1453
[Epoch 80] step 330 loss: 0.1323
[Epoch 80] step 340 loss: 0.1236
[Epoch 80] step 350 loss: 0.0943
[Epoch 80] step 360 loss: 0.0838
[Epoch 80] step 370 loss: 0.0716
[Epoch 80] step 380 loss: 0.0846
[Epoch 80] step 390 loss: 0.1046
[Epoch 80] step 400 loss: 0.1186
[Epoch 80] step 410 loss: 0.0919
[Epoch 80] step 420 loss: 0.0854
[Epoch 80] step 430 loss: 0.0989
[Epoch 80] step 440 loss: 0.0823
[Epoch 80] step 450 loss: 0.1163
[Epoch 80] step 460 loss: 0.1236
[Epoch 80] step 470 loss: 0.1315
[Epoch 80] step 480 loss: 0.1154
[Epoch 80] step 490 loss: 0.0907
[Epoch 80] step 500 loss: 0.0983
[Epoch 80] step 510 loss: 0.0992
[Epoch 80] step 520 loss: 0.1080
[Epoch 80] step 530 loss: 0.0759
[Epoch 80] step 540 loss: 0.0885
[Epoch 80] step 550 loss: 0.0755
[Epoch 80] step 560 loss: 0.1917
==== Epoch 80 avg loss: 0.1141 ====
[Epoch 81] step 0 loss: 0.0977
[Epoch 81] step 10 loss: 0.0826
[Epoch 81] step 20 loss: 0.1128
[Epoch 81] step 30 loss: 0.1241
[Epoch 81] step 40 loss: 0.0787
[Epoch 81] step 50 loss: 0.0712
[Epoch 81] step 60 loss: 0.1188
[Epoch 81] step 70 loss: 0.0754
[Epoch 81] step 80 loss: 0.1138
[Epoch 81] step 90 loss: 0.0996
[Epoch 81] step 100 loss: 0.0903
[Epoch 81] step 110 loss: 0.1323
[Epoch 81] step 120 loss: 0.1360
[Epoch 81] step 130 loss: 0.0705
[Epoch 81] step 140 loss: 0.1379
[Epoch 81] step 150 loss: 0.1289
[Epoch 81] step 160 loss: 0.0901
[Epoch 81] step 170 loss: 0.0902
[Epoch 81] step 180 loss: 0.0919
[Epoch 81] step 190 loss: 0.0995
[Epoch 81] step 200 loss: 0.0996
[Epoch 81] step 210 loss: 0.1141
[Epoch 81] step 220 loss: 0.0642
[Epoch 81] step 230 loss: 0.1254
[Epoch 81] step 240 loss: 0.0940
[Epoch 81] step 250 loss: 0.1010
[Epoch 81] step 260 loss: 0.0760
[Epoch 81] step 270 loss: 0.1140
[Epoch 81] step 280 loss: 0.0762
[Epoch 81] step 290 loss: 0.1464
[Epoch 81] step 300 loss: 0.1184
[Epoch 81] step 310 loss: 0.1045
[Epoch 81] step 320 loss: 0.0646
[Epoch 81] step 330 loss: 0.0683
[Epoch 81] step 340 loss: 0.0997
[Epoch 81] step 350 loss: 0.0868
[Epoch 81] step 360 loss: 0.1275
[Epoch 81] step 370 loss: 0.0676
[Epoch 81] step 380 loss: 0.1110
[Epoch 81] step 390 loss: 0.1448
[Epoch 81] step 400 loss: 0.1065
[Epoch 81] step 410 loss: 0.1135
[Epoch 81] step 420 loss: 0.1238
[Epoch 81] step 430 loss: 0.1424
[Epoch 81] step 440 loss: 0.1201
[Epoch 81] step 450 loss: 0.1091
[Epoch 81] step 460 loss: 0.1150
[Epoch 81] step 470 loss: 0.0896
[Epoch 81] step 480 loss: 0.1018
[Epoch 81] step 490 loss: 0.1277
[Epoch 81] step 500 loss: 0.0734
[Epoch 81] step 510 loss: 0.1219
[Epoch 81] step 520 loss: 0.1290
[Epoch 81] step 530 loss: 0.0951
[Epoch 81] step 540 loss: 0.1298
[Epoch 81] step 550 loss: 0.1023
[Epoch 81] step 560 loss: 0.1140
==== Epoch 81 avg loss: 0.1080 ====
[Epoch 82] step 0 loss: 0.1211
[Epoch 82] step 10 loss: 0.1041
[Epoch 82] step 20 loss: 0.0651
[Epoch 82] step 30 loss: 0.0822
[Epoch 82] step 40 loss: 0.1061
[Epoch 82] step 50 loss: 0.0955
[Epoch 82] step 60 loss: 0.0802
[Epoch 82] step 70 loss: 0.0907
[Epoch 82] step 80 loss: 0.0593
[Epoch 82] step 90 loss: 0.0723
[Epoch 82] step 100 loss: 0.0939
[Epoch 82] step 110 loss: 0.0855
Traceback (most recent call last):
  File "/home/vipuser/wby/proj_params/music-detr/train6_stage1_onset.py", line 137, in <module>
    scaler.step(optimizer)
  File "/home/vipuser/miniconda3/envs/py39/lib/python3.9/site-packages/torch/amp/grad_scaler.py", line 465, in step
    retval = self._maybe_opt_step(optimizer, optimizer_state, *args, **kwargs)
  File "/home/vipuser/miniconda3/envs/py39/lib/python3.9/site-packages/torch/amp/grad_scaler.py", line 359, in _maybe_opt_step
    if not sum(v.item() for v in optimizer_state["found_inf_per_device"].values()):
  File "/home/vipuser/miniconda3/envs/py39/lib/python3.9/site-packages/torch/amp/grad_scaler.py", line 359, in <genexpr>
    if not sum(v.item() for v in optimizer_state["found_inf_per_device"].values()):
  File "/home/vipuser/miniconda3/envs/py39/lib/python3.9/site-packages/torch/utils/data/_utils/signal_handling.py", line 73, in handler
    _error_if_any_worker_fails()
RuntimeError: DataLoader worker (pid 68782) is killed by signal: Terminated. 
