nohup: ignoring input
../dataset/baby/prototype/1,min.mid: 6 chords
../dataset/baby/prototype/2,maj.mid: 6 chords
../dataset/baby/prototype/3,dom.mid: 6 chords
../dataset/baby/prototype/4,dim.mid: 6 chords
../dataset/baby/prototype/5,aug.mid: 6 chords
总 chord 数: 30
总 preset 数: 314
ignore preset: 37
device: cuda
没有训练记录
[Epoch 1] step 0 loss: 4.5993
[Epoch 1] step 10 loss: 3.6354
[Epoch 1] step 20 loss: 3.3200
[Epoch 1] step 30 loss: 2.6366
[Epoch 1] step 40 loss: 2.1445
[Epoch 1] step 50 loss: 1.8219
[Epoch 1] step 60 loss: 1.3383
[Epoch 1] step 70 loss: 1.1468
[Epoch 1] step 80 loss: 1.4953
[Epoch 1] step 90 loss: 1.2642
[Epoch 1] step 100 loss: 1.8597
[Epoch 1] step 110 loss: 1.6362
[Epoch 1] step 120 loss: 0.8742
[Epoch 1] step 130 loss: 2.1626
[Epoch 1] step 140 loss: 0.7984
[Epoch 1] step 150 loss: 1.1118
[Epoch 1] step 160 loss: 0.9499
[Epoch 1] step 170 loss: 1.1419
[Epoch 1] step 180 loss: 0.4378
[Epoch 1] step 190 loss: 0.7926
[Epoch 1] step 200 loss: 1.0015
[Epoch 1] step 210 loss: 0.8636
[Epoch 1] step 220 loss: 0.3448
[Epoch 1] step 230 loss: 0.4377
[Epoch 1] step 240 loss: 0.7790
[Epoch 1] step 250 loss: 1.5111
[Epoch 1] step 260 loss: 0.7488
[Epoch 1] step 270 loss: 1.0635
[Epoch 1] step 280 loss: 0.6434
[Epoch 1] step 290 loss: 1.2968
[Epoch 1] step 300 loss: 0.9488
[Epoch 1] step 310 loss: 0.6566
[Epoch 1] step 320 loss: 0.4505
[Epoch 1] step 330 loss: 1.2791
[Epoch 1] step 340 loss: 0.4178
[Epoch 1] step 350 loss: 0.3133
[Epoch 1] step 360 loss: 0.2108
[Epoch 1] step 370 loss: 0.9465
[Epoch 1] step 380 loss: 2.0679
[Epoch 1] step 390 loss: 1.5294
[Epoch 1] step 400 loss: 0.5305
[Epoch 1] step 410 loss: 0.8728
[Epoch 1] step 420 loss: 0.9441
[Epoch 1] step 430 loss: 1.1398
[Epoch 1] step 440 loss: 1.0062
[Epoch 1] step 450 loss: 0.6394
[Epoch 1] step 460 loss: 0.7896
[Epoch 1] step 470 loss: 1.0881
[Epoch 1] step 480 loss: 1.2126
[Epoch 1] step 490 loss: 1.4779
[Epoch 1] step 500 loss: 0.8900
[Epoch 1] step 510 loss: 0.9219
[Epoch 1] step 520 loss: 0.4074
[Epoch 1] step 530 loss: 0.4367
[Epoch 1] step 540 loss: 1.4079
[Epoch 1] step 550 loss: 1.2218
[Epoch 1] step 560 loss: 0.2796
[Epoch 1] step 570 loss: 0.8521
[Epoch 1] step 580 loss: 2.0636
[Epoch 1] step 590 loss: 1.4325
[Epoch 1] step 600 loss: 0.2706
[Epoch 1] step 610 loss: 0.8002
[Epoch 1] step 620 loss: 0.6970
[Epoch 1] step 630 loss: 1.3961
[Epoch 1] step 640 loss: 1.0098
[Epoch 1] step 650 loss: 0.8272
[Epoch 1] step 660 loss: 0.8063
[Epoch 1] step 670 loss: 1.7355
[Epoch 1] step 680 loss: 0.7771
[Epoch 1] step 690 loss: 0.7721
[Epoch 1] step 700 loss: 1.7548
[Epoch 1] step 710 loss: 0.7636
[Epoch 1] step 720 loss: 2.2956
[Epoch 1] step 730 loss: 0.5229
[Epoch 1] step 740 loss: 0.5966
[Epoch 1] step 750 loss: 2.2269
[Epoch 1] step 760 loss: 0.7081
[Epoch 1] step 770 loss: 1.0424
[Epoch 1] step 780 loss: 0.8954
[Epoch 1] step 790 loss: 0.8423
[Epoch 1] step 800 loss: 0.2055
[Epoch 1] step 810 loss: 0.8792
[Epoch 1] step 820 loss: 0.0299
[Epoch 1] step 830 loss: 0.1458
[Epoch 1] step 840 loss: 1.2601
[Epoch 1] step 850 loss: 0.7518
[Epoch 1] step 860 loss: 3.9425
[Epoch 1] step 870 loss: 1.2816
[Epoch 1] step 880 loss: 1.5385
[Epoch 1] step 890 loss: 0.6857
[Epoch 1] step 900 loss: 0.2338
[Epoch 1] step 910 loss: 0.3279
[Epoch 1] step 920 loss: 0.9027
[Epoch 1] step 930 loss: 0.3420
[Epoch 1] step 940 loss: 0.5583
[Epoch 1] step 950 loss: 1.0986
[Epoch 1] step 960 loss: 1.2899
[Epoch 1] step 970 loss: 1.0266
[Epoch 1] step 980 loss: 0.5137
[Epoch 1] step 990 loss: 0.7841
[Epoch 1] step 1000 loss: 0.2241
[Epoch 1] step 1010 loss: 0.1612
[Epoch 1] step 1020 loss: 0.8630
[Epoch 1] step 1030 loss: 0.3915
[Epoch 1] step 1040 loss: 0.3471
[Epoch 1] step 1050 loss: 0.6910
[Epoch 1] step 1060 loss: 0.8307
[Epoch 1] step 1070 loss: 0.7869
[Epoch 1] step 1080 loss: 0.6802
[Epoch 1] step 1090 loss: 0.0896
[Epoch 1] step 1100 loss: 1.2823
[Epoch 1] step 1110 loss: 0.9557
[Epoch 1] step 1120 loss: 0.8189
[Epoch 1] step 1130 loss: 0.2512
[Epoch 1] step 1140 loss: 0.7859
[Epoch 1] step 1150 loss: 1.0048
[Epoch 1] step 1160 loss: 0.4825
[Epoch 1] step 1170 loss: 0.4855
[Epoch 1] step 1180 loss: 0.6431
[Epoch 1] step 1190 loss: 1.2981
[Epoch 1] step 1200 loss: 1.2600
[Epoch 1] step 1210 loss: 1.0223
[Epoch 1] step 1220 loss: 0.7535
[Epoch 1] step 1230 loss: 0.8837
[Epoch 1] step 1240 loss: 3.2788
[Epoch 1] step 1250 loss: 0.6554
[Epoch 1] step 1260 loss: 1.6463
[Epoch 1] step 1270 loss: 0.4350
[Epoch 1] step 1280 loss: 0.1400
[Epoch 1] step 1290 loss: 0.5779
[Epoch 1] step 1300 loss: 0.0817
[Epoch 1] step 1310 loss: 1.1616
[Epoch 1] step 1320 loss: 0.1314
[Epoch 1] step 1330 loss: 0.5263
[Epoch 1] step 1340 loss: 0.6089
[Epoch 1] step 1350 loss: 0.7185
[Epoch 1] step 1360 loss: 0.0411
[Epoch 1] step 1370 loss: 1.6803
[Epoch 1] step 1380 loss: 0.3408
[Epoch 1] step 1390 loss: 0.7754
[Epoch 1] step 1400 loss: 0.9809
[Epoch 1] step 1410 loss: 1.1565
[Epoch 1] step 1420 loss: 0.3446
[Epoch 1] step 1430 loss: 1.3089
[Epoch 1] step 1440 loss: 0.1957
[Epoch 1] step 1450 loss: 1.2025
[Epoch 1] step 1460 loss: 1.8457
[Epoch 1] step 1470 loss: 0.9107
[Epoch 1] step 1480 loss: 1.0489
[Epoch 1] step 1490 loss: 1.4209
[Epoch 1] step 1500 loss: 0.6415
[Epoch 1] step 1510 loss: 0.7401
[Epoch 1] step 1520 loss: 0.7445
[Epoch 1] step 1530 loss: 0.7093
[Epoch 1] step 1540 loss: 1.2198
[Epoch 1] step 1550 loss: 0.6514
[Epoch 1] step 1560 loss: 0.6259
[Epoch 1] step 1570 loss: 1.0393
[Epoch 1] step 1580 loss: 0.9326
[Epoch 1] step 1590 loss: 0.2208
[Epoch 1] step 1600 loss: 0.7195
[Epoch 1] step 1610 loss: 0.6658
[Epoch 1] step 1620 loss: 0.2029
[Epoch 1] step 1630 loss: 0.4490
[Epoch 1] step 1640 loss: 0.4269
[Epoch 1] step 1650 loss: 3.4459
[Epoch 1] step 1660 loss: 0.3985
[Epoch 1] step 1670 loss: 0.9461
[Epoch 1] step 1680 loss: 0.3638
[Epoch 1] step 1690 loss: 0.4135
[Epoch 1] step 1700 loss: 0.8915
[Epoch 1] step 1710 loss: 0.3684
[Epoch 1] step 1720 loss: 0.7793
[Epoch 1] step 1730 loss: 0.8863
[Epoch 1] step 1740 loss: 0.4439
[Epoch 1] step 1750 loss: 0.6656
[Epoch 1] step 1760 loss: 0.4596
[Epoch 1] step 1770 loss: 0.0374
[Epoch 1] step 1780 loss: 1.2833
[Epoch 1] step 1790 loss: 1.8860
[Epoch 1] step 1800 loss: 0.0714
[Epoch 1] step 1810 loss: 0.3223
[Epoch 1] step 1820 loss: 0.7713
[Epoch 1] step 1830 loss: 1.2908
[Epoch 1] step 1840 loss: 0.7880
[Epoch 1] step 1850 loss: 0.3042
[Epoch 1] step 1860 loss: 1.8853
[Epoch 1] step 1870 loss: 0.1516
[Epoch 1] step 1880 loss: 0.7358
[Epoch 1] step 1890 loss: 0.5892
[Epoch 1] step 1900 loss: 0.6201
[Epoch 1] step 1910 loss: 0.3137
[Epoch 1] step 1920 loss: 0.7475
[Epoch 1] step 1930 loss: 0.3610
[Epoch 1] step 1940 loss: 0.8963
[Epoch 1] step 1950 loss: 1.4429
[Epoch 1] step 1960 loss: 0.3372
[Epoch 1] step 1970 loss: 1.6235
[Epoch 1] step 1980 loss: 2.1069
[Epoch 1] step 1990 loss: 1.3502
[Epoch 1] step 2000 loss: 1.4168
[Epoch 1] step 2010 loss: 1.1988
[Epoch 1] step 2020 loss: 1.0410
[Epoch 1] step 2030 loss: 0.3993
[Epoch 1] step 2040 loss: 0.7267
[Epoch 1] step 2050 loss: 1.0972
[Epoch 1] step 2060 loss: 0.5992
[Epoch 1] step 2070 loss: 0.2436
[Epoch 1] step 2080 loss: 1.0331
[Epoch 1] step 2090 loss: 1.3764
[Epoch 1] step 2100 loss: 1.3922
[Epoch 1] step 2110 loss: 0.4847
[Epoch 1] step 2120 loss: 0.5585
[Epoch 1] step 2130 loss: 2.7384
[Epoch 1] step 2140 loss: 0.5094
[Epoch 1] step 2150 loss: 0.5797
[Epoch 1] step 2160 loss: 1.5233
[Epoch 1] step 2170 loss: 0.9668
[Epoch 1] step 2180 loss: 1.5585
[Epoch 1] step 2190 loss: 0.5361
[Epoch 1] step 2200 loss: 2.6380
[Epoch 1] step 2210 loss: 2.7679
[Epoch 1] step 2220 loss: 0.8652
[Epoch 1] step 2230 loss: 0.5079
[Epoch 1] step 2240 loss: 0.8999
[Epoch 1] step 2250 loss: 0.4812
[Epoch 1] step 2260 loss: 0.6938
[Epoch 1] step 2270 loss: 0.7280
[Epoch 1] step 2280 loss: 0.9808
[Epoch 1] step 2290 loss: 0.2904
[Epoch 1] step 2300 loss: 0.6001
[Epoch 1] step 2310 loss: 0.3146
[Epoch 1] step 2320 loss: 0.5329
[Epoch 1] step 2330 loss: 0.3969
[Epoch 1] step 2340 loss: 0.6638
[Epoch 1] step 2350 loss: 1.1037
[Epoch 1] step 2360 loss: 1.7848
[Epoch 1] step 2370 loss: 0.5026
[Epoch 1] step 2380 loss: 1.5198
[Epoch 1] step 2390 loss: 1.6310
[Epoch 1] step 2400 loss: 0.1230
[Epoch 1] step 2410 loss: 1.2198
[Epoch 1] step 2420 loss: 0.2380
[Epoch 1] step 2430 loss: 0.6295
[Epoch 1] step 2440 loss: 0.9533
[Epoch 1] step 2450 loss: 0.3008
[Epoch 1] step 2460 loss: 0.6268
[Epoch 1] step 2470 loss: 0.8226
[Epoch 1] step 2480 loss: 0.7590
[Epoch 1] step 2490 loss: 1.2197
[Epoch 1] step 2500 loss: 0.9429
[Epoch 1] step 2510 loss: 0.2881
[Epoch 1] step 2520 loss: 0.0257
[Epoch 1] step 2530 loss: 5.2380
[Epoch 1] step 2540 loss: 0.6839
[Epoch 1] step 2550 loss: 1.2139
[Epoch 1] step 2560 loss: 0.4082
[Epoch 1] step 2570 loss: 1.4848
[Epoch 1] step 2580 loss: 0.3183
[Epoch 1] step 2590 loss: 0.6507
[Epoch 1] step 2600 loss: 0.5983
[Epoch 1] step 2610 loss: 0.5334
[Epoch 1] step 2620 loss: 0.5730
[Epoch 1] step 2630 loss: 0.2576
[Epoch 1] step 2640 loss: 0.3759
[Epoch 1] step 2650 loss: 0.3429
[Epoch 1] step 2660 loss: 1.3453
[Epoch 1] step 2670 loss: 0.5135
[Epoch 1] step 2680 loss: 0.4890
[Epoch 1] step 2690 loss: 0.7964
[Epoch 1] step 2700 loss: 0.7545
[Epoch 1] step 2710 loss: 0.7807
[Epoch 1] step 2720 loss: 0.5396
[Epoch 1] step 2730 loss: 0.1698
[Epoch 1] step 2740 loss: 0.2548
[Epoch 1] step 2750 loss: 0.2281
[Epoch 1] step 2760 loss: 0.3927
[Epoch 1] step 2770 loss: 0.6035
[Epoch 1] step 2780 loss: 0.0266
[Epoch 1] step 2790 loss: 1.1107
[Epoch 1] step 2800 loss: 1.3014
[Epoch 1] step 2810 loss: 0.4008
[Epoch 1] step 2820 loss: 0.2623
[Epoch 1] step 2830 loss: 0.5101
[Epoch 1] step 2840 loss: 0.4876
[Epoch 1] step 2850 loss: 1.2738
[Epoch 1] step 2860 loss: 1.2467
[Epoch 1] step 2870 loss: 1.0826
[Epoch 1] step 2880 loss: 0.5945
[Epoch 1] step 2890 loss: 1.1184
[Epoch 1] step 2900 loss: 0.3509
[Epoch 1] step 2910 loss: 0.0093
[Epoch 1] step 2920 loss: 0.8126
[Epoch 1] step 2930 loss: 0.9182
[Epoch 1] step 2940 loss: 0.4962
[Epoch 1] step 2950 loss: 0.2479
[Epoch 1] step 2960 loss: 0.8294
[Epoch 1] step 2970 loss: 0.5206
[Epoch 1] step 2980 loss: 0.2642
[Epoch 1] step 2990 loss: 0.5452
[Epoch 1] step 3000 loss: 0.2115
[Epoch 1] step 3010 loss: 0.9517
[Epoch 1] step 3020 loss: 0.6995
[Epoch 1] step 3030 loss: 3.5405
[Epoch 1] step 3040 loss: 0.4635
[Epoch 1] step 3050 loss: 0.0215
[Epoch 1] step 3060 loss: 0.1434
[Epoch 1] step 3070 loss: 0.3011
[Epoch 1] step 3080 loss: 0.1418
[Epoch 1] step 3090 loss: 0.2428
[Epoch 1] step 3100 loss: 0.4510
[Epoch 1] step 3110 loss: 0.7546
[Epoch 1] step 3120 loss: 0.4020
[Epoch 1] step 3130 loss: 1.5433
[Epoch 1] step 3140 loss: 0.0685
[Epoch 1] step 3150 loss: 0.8396
[Epoch 1] step 3160 loss: 0.6763
[Epoch 1] step 3170 loss: 2.9145
[Epoch 1] step 3180 loss: 0.2905
[Epoch 1] step 3190 loss: 0.7059
[Epoch 1] step 3200 loss: 1.8150
[Epoch 1] step 3210 loss: 1.3666
[Epoch 1] step 3220 loss: 0.4150
[Epoch 1] step 3230 loss: 0.3527
[Epoch 1] step 3240 loss: 0.3934
[Epoch 1] step 3250 loss: 0.6195
[Epoch 1] step 3260 loss: 0.8175
[Epoch 1] step 3270 loss: 0.1055
[Epoch 1] step 3280 loss: 0.8095
[Epoch 1] step 3290 loss: 0.4601
[Epoch 1] step 3300 loss: 0.1047
[Epoch 1] step 3310 loss: 0.4510
[Epoch 1] step 3320 loss: 0.5891
[Epoch 1] step 3330 loss: 0.6889
[Epoch 1] step 3340 loss: 0.3283
[Epoch 1] step 3350 loss: 0.3747
[Epoch 1] step 3360 loss: 0.7382
[Epoch 1] step 3370 loss: 0.4246
[Epoch 1] step 3380 loss: 0.9036
[Epoch 1] step 3390 loss: 0.4190
[Epoch 1] step 3400 loss: 2.2741
[Epoch 1] step 3410 loss: 0.3689
[Epoch 1] step 3420 loss: 0.8658
[Epoch 1] step 3430 loss: 0.5571
[Epoch 1] step 3440 loss: 0.8689
[Epoch 1] step 3450 loss: 0.7361
[Epoch 1] step 3460 loss: 0.7898
[Epoch 1] step 3470 loss: 0.7524
[Epoch 1] step 3480 loss: 1.0577
[Epoch 1] step 3490 loss: 0.4718
[Epoch 1] step 3500 loss: 0.4483
[Epoch 1] step 3510 loss: 0.4360
[Epoch 1] step 3520 loss: 0.6551
[Epoch 1] step 3530 loss: 0.1325
[Epoch 1] step 3540 loss: 0.3520
[Epoch 1] step 3550 loss: 0.8507
[Epoch 1] step 3560 loss: 0.2678
[Epoch 1] step 3570 loss: 0.3166
[Epoch 1] step 3580 loss: 1.3650
[Epoch 1] step 3590 loss: 2.0347
[Epoch 1] step 3600 loss: 0.5306
[Epoch 1] step 3610 loss: 0.5191
[Epoch 1] step 3620 loss: 0.5049
[Epoch 1] step 3630 loss: 0.4055
[Epoch 1] step 3640 loss: 0.3982
[Epoch 1] step 3650 loss: 0.1694
[Epoch 1] step 3660 loss: 0.5963
[Epoch 1] step 3670 loss: 0.9950
[Epoch 1] step 3680 loss: 0.1654
[Epoch 1] step 3690 loss: 1.3148
[Epoch 1] step 3700 loss: 0.7824
[Epoch 1] step 3710 loss: 0.3215
[Epoch 1] step 3720 loss: 1.1849
[Epoch 1] step 3730 loss: 0.3778
[Epoch 1] step 3740 loss: 0.8702
[Epoch 1] step 3750 loss: 0.9413
[Epoch 1] step 3760 loss: 0.8392
[Epoch 1] step 3770 loss: 0.3701
[Epoch 1] step 3780 loss: 2.7894
[Epoch 1] step 3790 loss: 0.4047
[Epoch 1] step 3800 loss: 1.3597
[Epoch 1] step 3810 loss: 1.2280
[Epoch 1] step 3820 loss: 1.2278
[Epoch 1] step 3830 loss: 1.7360
[Epoch 1] step 3840 loss: 1.3948
[Epoch 1] step 3850 loss: 0.8187
[Epoch 1] step 3860 loss: 0.7387
[Epoch 1] step 3870 loss: 1.2361
[Epoch 1] step 3880 loss: 1.0920
[Epoch 1] step 3890 loss: 0.3064
[Epoch 1] step 3900 loss: 0.6578
[Epoch 1] step 3910 loss: 2.5949
[Epoch 1] step 3920 loss: 0.2971
[Epoch 1] step 3930 loss: 0.9112
[Epoch 1] step 3940 loss: 0.8761
[Epoch 1] step 3950 loss: 0.7682
[Epoch 1] step 3960 loss: 1.4286
[Epoch 1] step 3970 loss: 0.2588
[Epoch 1] step 3980 loss: 0.6340
[Epoch 1] step 3990 loss: 0.6580
[Epoch 1] step 4000 loss: 0.4560
[Epoch 1] step 4010 loss: 0.6893
[Epoch 1] step 4020 loss: 0.4194
[Epoch 1] step 4030 loss: 0.2105
[Epoch 1] step 4040 loss: 0.9761
[Epoch 1] step 4050 loss: 0.9273
[Epoch 1] step 4060 loss: 0.9294
[Epoch 1] step 4070 loss: 0.5388
[Epoch 1] step 4080 loss: 0.4459
[Epoch 1] step 4090 loss: 0.9830
[Epoch 1] step 4100 loss: 0.3844
[Epoch 1] step 4110 loss: 0.5034
[Epoch 1] step 4120 loss: 0.7266
[Epoch 1] step 4130 loss: 1.3821
[Epoch 1] step 4140 loss: 0.1637
[Epoch 1] step 4150 loss: 1.3221
[Epoch 1] step 4160 loss: 0.2940
[Epoch 1] step 4170 loss: 0.4092
[Epoch 1] step 4180 loss: 0.7637
[Epoch 1] step 4190 loss: 0.1719
[Epoch 1] step 4200 loss: 0.4590
[Epoch 1] step 4210 loss: 0.4716
[Epoch 1] step 4220 loss: 2.7825
[Epoch 1] step 4230 loss: 0.9391
[Epoch 1] step 4240 loss: 0.7126
[Epoch 1] step 4250 loss: 0.6959
[Epoch 1] step 4260 loss: 0.3514
[Epoch 1] step 4270 loss: 0.5737
[Epoch 1] step 4280 loss: 0.3934
[Epoch 1] step 4290 loss: 0.3815
[Epoch 1] step 4300 loss: 0.5032
[Epoch 1] step 4310 loss: 0.3515
[Epoch 1] step 4320 loss: 0.6685
[Epoch 1] step 4330 loss: 0.1207
[Epoch 1] step 4340 loss: 0.6029
[Epoch 1] step 4350 loss: 1.1299
[Epoch 1] step 4360 loss: 0.1803
[Epoch 1] step 4370 loss: 0.3175
[Epoch 1] step 4380 loss: 0.6610
[Epoch 1] step 4390 loss: 0.9773
[Epoch 1] step 4400 loss: 0.5153
[Epoch 1] step 4410 loss: 1.0639
[Epoch 1] step 4420 loss: 0.0951
[Epoch 1] step 4430 loss: 0.3268
[Epoch 1] step 4440 loss: 0.3677
[Epoch 1] step 4450 loss: 0.3104
[Epoch 1] step 4460 loss: 1.9641
[Epoch 1] step 4470 loss: 0.4030
[Epoch 1] step 4480 loss: 0.5938
[Epoch 1] step 4490 loss: 0.3611
[Epoch 1] step 4500 loss: 0.5451
[Epoch 1] step 4510 loss: 0.8192
[Epoch 1] step 4520 loss: 0.4580
[Epoch 1] step 4530 loss: 0.2589
[Epoch 1] step 4540 loss: 0.9353
[Epoch 1] step 4550 loss: 1.7784
[Epoch 1] step 4560 loss: 0.7221
[Epoch 1] step 4570 loss: 0.6641
[Epoch 1] step 4580 loss: 0.5091
[Epoch 1] step 4590 loss: 0.4545
[Epoch 1] step 4600 loss: 1.0660
[Epoch 1] step 4610 loss: 0.7280
[Epoch 1] step 4620 loss: 0.0062
[Epoch 1] step 4630 loss: 0.2292
[Epoch 1] step 4640 loss: 0.6216
[Epoch 1] step 4650 loss: 1.0888
[Epoch 1] step 4660 loss: 0.1296
[Epoch 1] step 4670 loss: 0.5124
[Epoch 1] step 4680 loss: 0.5422
[Epoch 1] step 4690 loss: 0.6582
[Epoch 1] step 4700 loss: 2.8736
[Epoch 1] step 4710 loss: 1.1868
[Epoch 1] step 4720 loss: 0.4262
[Epoch 1] step 4730 loss: 0.0725
[Epoch 1] step 4740 loss: 1.1955
[Epoch 1] step 4750 loss: 0.2266
[Epoch 1] step 4760 loss: 0.8965
[Epoch 1] step 4770 loss: 0.7286
[Epoch 1] step 4780 loss: 0.1171
[Epoch 1] step 4790 loss: 1.0625
[Epoch 1] step 4800 loss: 0.7221
[Epoch 1] step 4810 loss: 1.4284
[Epoch 1] step 4820 loss: 0.5060
[Epoch 1] step 4830 loss: 0.2345
[Epoch 1] step 4840 loss: 0.6698
[Epoch 1] step 4850 loss: 0.5458
[Epoch 1] step 4860 loss: 1.1511
[Epoch 1] step 4870 loss: 0.7478
[Epoch 1] step 4880 loss: 2.1547
[Epoch 1] step 4890 loss: 0.3177
[Epoch 1] step 4900 loss: 1.1351
[Epoch 1] step 4910 loss: 0.3978
[Epoch 1] step 4920 loss: 0.6113
[Epoch 1] step 4930 loss: 0.3749
[Epoch 1] step 4940 loss: 1.1867
[Epoch 1] step 4950 loss: 0.5944
[Epoch 1] step 4960 loss: 1.4429
[Epoch 1] step 4970 loss: 0.2649
[Epoch 1] step 4980 loss: 0.9391
[Epoch 1] step 4990 loss: 0.8131
[Epoch 1] step 5000 loss: 1.0798
[Epoch 1] step 5010 loss: 0.6686
[Epoch 1] step 5020 loss: 0.7914
[Epoch 1] step 5030 loss: 0.5828
[Epoch 1] step 5040 loss: 0.7766
[Epoch 1] step 5050 loss: 0.2727
[Epoch 1] step 5060 loss: 1.0403
[Epoch 1] step 5070 loss: 6.0000
[Epoch 1] step 5080 loss: 0.1103
[Epoch 1] step 5090 loss: 1.4879
[Epoch 1] step 5100 loss: 0.9417
[Epoch 1] step 5110 loss: 0.2373
[Epoch 1] step 5120 loss: 0.6174
[Epoch 1] step 5130 loss: 0.8205
[Epoch 1] step 5140 loss: 0.4469
[Epoch 1] step 5150 loss: 0.0759
[Epoch 1] step 5160 loss: 0.1014
[Epoch 1] step 5170 loss: 0.7517
[Epoch 1] step 5180 loss: 1.5480
[Epoch 1] step 5190 loss: 0.7187
[Epoch 1] step 5200 loss: 0.0354
[Epoch 1] step 5210 loss: 0.1314
[Epoch 1] step 5220 loss: 0.5641
[Epoch 1] step 5230 loss: 0.6005
[Epoch 1] step 5240 loss: 0.7906
[Epoch 1] step 5250 loss: 0.9608
[Epoch 1] step 5260 loss: 0.2257
[Epoch 1] step 5270 loss: 0.4762
[Epoch 1] step 5280 loss: 0.3408
[Epoch 1] step 5290 loss: 0.4542
[Epoch 1] step 5300 loss: 1.1405
[Epoch 1] step 5310 loss: 1.1498
[Epoch 1] step 5320 loss: 0.1122
[Epoch 1] step 5330 loss: 0.5928
[Epoch 1] step 5340 loss: 1.2256
[Epoch 1] step 5350 loss: 0.6619
[Epoch 1] step 5360 loss: 0.2740
[Epoch 1] step 5370 loss: 0.5765
[Epoch 1] step 5380 loss: 0.1979
[Epoch 1] step 5390 loss: 0.2609
[Epoch 1] step 5400 loss: 0.5983
[Epoch 1] step 5410 loss: 0.7413
[Epoch 1] step 5420 loss: 0.3088
[Epoch 1] step 5430 loss: 0.1140
[Epoch 1] step 5440 loss: 0.6607
[Epoch 1] step 5450 loss: 0.1507
[Epoch 1] step 5460 loss: 0.8724
[Epoch 1] step 5470 loss: 0.8529
[Epoch 1] step 5480 loss: 1.1481
[Epoch 1] step 5490 loss: 0.0655
[Epoch 1] step 5500 loss: 0.3048
[Epoch 1] step 5510 loss: 0.0986
[Epoch 1] step 5520 loss: 1.3172
[Epoch 1] step 5530 loss: 0.8080
[Epoch 1] step 5540 loss: 1.0567
[Epoch 1] step 5550 loss: 0.0647
[Epoch 1] step 5560 loss: 0.6275
[Epoch 1] step 5570 loss: 0.3330
[Epoch 1] step 5580 loss: 0.9184
[Epoch 1] step 5590 loss: 0.2706
[Epoch 1] step 5600 loss: 0.5884
[Epoch 1] step 5610 loss: 0.9006
[Epoch 1] step 5620 loss: 0.1484
[Epoch 1] step 5630 loss: 0.8310
[Epoch 1] step 5640 loss: 2.0601
[Epoch 1] step 5650 loss: 0.2708
[Epoch 1] step 5660 loss: 1.1624
[Epoch 1] step 5670 loss: 0.6326
[Epoch 1] step 5680 loss: 2.2903
[Epoch 1] step 5690 loss: 0.4759
[Epoch 1] step 5700 loss: 0.6607
[Epoch 1] step 5710 loss: 0.3958
[Epoch 1] step 5720 loss: 0.1874
[Epoch 1] step 5730 loss: 0.2497
[Epoch 1] step 5740 loss: 0.5343
[Epoch 1] step 5750 loss: 0.5902
[Epoch 1] step 5760 loss: 0.6295
[Epoch 1] step 5770 loss: 0.7201
[Epoch 1] step 5780 loss: 0.3083
[Epoch 1] step 5790 loss: 0.4120
[Epoch 1] step 5800 loss: 0.7637
[Epoch 1] step 5810 loss: 0.1853
[Epoch 1] step 5820 loss: 0.6349
[Epoch 1] step 5830 loss: 0.7564
[Epoch 1] step 5840 loss: 0.2133
[Epoch 1] step 5850 loss: 0.5537
[Epoch 1] step 5860 loss: 1.8991
[Epoch 1] step 5870 loss: 0.5010
[Epoch 1] step 5880 loss: 0.7876
[Epoch 1] step 5890 loss: 0.4808
[Epoch 1] step 5900 loss: 0.9378
[Epoch 1] step 5910 loss: 0.6398
[Epoch 1] step 5920 loss: 2.4257
[Epoch 1] step 5930 loss: 0.4654
[Epoch 1] step 5940 loss: 0.1829
[Epoch 1] step 5950 loss: 0.3565
[Epoch 1] step 5960 loss: 0.5127
[Epoch 1] step 5970 loss: 0.3134
[Epoch 1] step 5980 loss: 1.2233
[Epoch 1] step 5990 loss: 0.5228
[Epoch 1] step 6000 loss: 0.9705
[Epoch 1] step 6010 loss: 0.3473
[Epoch 1] step 6020 loss: 0.2544
[Epoch 1] step 6030 loss: 0.4263
[Epoch 1] step 6040 loss: 1.8724
[Epoch 1] step 6050 loss: 0.4738
[Epoch 1] step 6060 loss: 0.4377
[Epoch 1] step 6070 loss: 2.1278
[Epoch 1] step 6080 loss: 0.7607
[Epoch 1] step 6090 loss: 0.7831
[Epoch 1] step 6100 loss: 0.3052
[Epoch 1] step 6110 loss: 0.3569
[Epoch 1] step 6120 loss: 0.0339
[Epoch 1] step 6130 loss: 0.3663
[Epoch 1] step 6140 loss: 0.0763
[Epoch 1] step 6150 loss: 0.5455
[Epoch 1] step 6160 loss: 0.3100
[Epoch 1] step 6170 loss: 0.8501
[Epoch 1] step 6180 loss: 0.2658
==== Epoch 1 avg loss: 0.8062 ====
[Epoch 2] step 0 loss: 0.7370
[Epoch 2] step 10 loss: 0.3082
[Epoch 2] step 20 loss: 0.1884
[Epoch 2] step 30 loss: 0.8145
[Epoch 2] step 40 loss: 0.0177
[Epoch 2] step 50 loss: 0.7511
[Epoch 2] step 60 loss: 0.8035
