nohup: ignoring input
device: cuda
[Epoch 4] step 0 loss: 0.2048
[Epoch 4] step 10 loss: 0.1470
[Epoch 4] step 20 loss: 0.1197
[Epoch 4] step 30 loss: 0.1855
[Epoch 4] step 40 loss: 0.1548
[Epoch 4] step 50 loss: 0.1179
[Epoch 4] step 60 loss: 0.1670
[Epoch 4] step 70 loss: 0.1741
[Epoch 4] step 80 loss: 0.1362
[Epoch 4] step 90 loss: 0.1451
[Epoch 4] step 100 loss: 0.1154
[Epoch 4] step 110 loss: 0.1486
[Epoch 4] step 120 loss: 0.1538
[Epoch 4] step 130 loss: 0.1678
==== Epoch 4 avg loss: 0.1415 ====
[Epoch 5] step 0 loss: 0.1120
[Epoch 5] step 10 loss: 0.1329
[Epoch 5] step 20 loss: 0.1012
[Epoch 5] step 30 loss: 0.1301
[Epoch 5] step 40 loss: 0.1108
[Epoch 5] step 50 loss: 0.1152
[Epoch 5] step 60 loss: 0.1348
[Epoch 5] step 70 loss: 0.1419
[Epoch 5] step 80 loss: 0.0948
[Epoch 5] step 90 loss: 0.1461
[Epoch 5] step 100 loss: 0.1495
[Epoch 5] step 110 loss: 0.1366
[Epoch 5] step 120 loss: 0.1675
[Epoch 5] step 130 loss: 0.0990
==== Epoch 5 avg loss: 0.1332 ====
[Epoch 6] step 0 loss: 0.1058
[Epoch 6] step 10 loss: 0.1064
[Epoch 6] step 20 loss: 0.1233
[Epoch 6] step 30 loss: 0.1500
[Epoch 6] step 40 loss: 0.1694
[Epoch 6] step 50 loss: 0.1496
[Epoch 6] step 60 loss: 0.1015
[Epoch 6] step 70 loss: 0.0999
[Epoch 6] step 80 loss: 0.1013
[Epoch 6] step 90 loss: 0.1025
[Epoch 6] step 100 loss: 0.1198
[Epoch 6] step 110 loss: 0.1480
[Epoch 6] step 120 loss: 0.1598
[Epoch 6] step 130 loss: 0.1242
==== Epoch 6 avg loss: 0.1275 ====
[Epoch 7] step 0 loss: 0.1169
[Epoch 7] step 10 loss: 0.1207
[Epoch 7] step 20 loss: 0.1330
[Epoch 7] step 30 loss: 0.1119
[Epoch 7] step 40 loss: 0.1685
[Epoch 7] step 50 loss: 0.1336
[Epoch 7] step 60 loss: 0.1078
[Epoch 7] step 70 loss: 0.1031
[Epoch 7] step 80 loss: 0.1247
[Epoch 7] step 90 loss: 0.0668
[Epoch 7] step 100 loss: 0.1054
[Epoch 7] step 110 loss: 0.1082
[Epoch 7] step 120 loss: 0.1375
[Epoch 7] step 130 loss: 0.1030
==== Epoch 7 avg loss: 0.1216 ====
[Epoch 8] step 0 loss: 0.0730
[Epoch 8] step 10 loss: 0.1563
[Epoch 8] step 20 loss: 0.1056
[Epoch 8] step 30 loss: 0.1031
[Epoch 8] step 40 loss: 0.1241
[Epoch 8] step 50 loss: 0.0778
[Epoch 8] step 60 loss: 0.0853
[Epoch 8] step 70 loss: 0.0923
[Epoch 8] step 80 loss: 0.0852
[Epoch 8] step 90 loss: 0.0930
[Epoch 8] step 100 loss: 0.1113
[Epoch 8] step 110 loss: 0.1726
[Epoch 8] step 120 loss: 0.0850
[Epoch 8] step 130 loss: 0.1314
==== Epoch 8 avg loss: 0.1168 ====
[Epoch 9] step 0 loss: 0.1211
[Epoch 9] step 10 loss: 0.1188
[Epoch 9] step 20 loss: 0.1369
[Epoch 9] step 30 loss: 0.1288
[Epoch 9] step 40 loss: 0.1328
[Epoch 9] step 50 loss: 0.1307
[Epoch 9] step 60 loss: 0.1161
[Epoch 9] step 70 loss: 0.1052
[Epoch 9] step 80 loss: 0.0994
[Epoch 9] step 90 loss: 0.1276
[Epoch 9] step 100 loss: 0.0761
[Epoch 9] step 110 loss: 0.1242
[Epoch 9] step 120 loss: 0.1761
[Epoch 9] step 130 loss: 0.1058
==== Epoch 9 avg loss: 0.1117 ====
[Epoch 10] step 0 loss: 0.1018
[Epoch 10] step 10 loss: 0.0911
[Epoch 10] step 20 loss: 0.1383
[Epoch 10] step 30 loss: 0.1134
[Epoch 10] step 40 loss: 0.1372
[Epoch 10] step 50 loss: 0.0690
[Epoch 10] step 60 loss: 0.1023
[Epoch 10] step 70 loss: 0.0809
[Epoch 10] step 80 loss: 0.0805
[Epoch 10] step 90 loss: 0.1185
[Epoch 10] step 100 loss: 0.1563
[Epoch 10] step 110 loss: 0.0967
[Epoch 10] step 120 loss: 0.1153
[Epoch 10] step 130 loss: 0.0598
==== Epoch 10 avg loss: 0.1047 ====
[Epoch 11] step 0 loss: 0.0955
[Epoch 11] step 10 loss: 0.0924
[Epoch 11] step 20 loss: 0.1526
[Epoch 11] step 30 loss: 0.0508
[Epoch 11] step 40 loss: 0.0788
[Epoch 11] step 50 loss: 0.0906
[Epoch 11] step 60 loss: 0.0793
[Epoch 11] step 70 loss: 0.0705
[Epoch 11] step 80 loss: 0.0853
[Epoch 11] step 90 loss: 0.1086
[Epoch 11] step 100 loss: 0.1091
[Epoch 11] step 110 loss: 0.1318
[Epoch 11] step 120 loss: 0.0637
[Epoch 11] step 130 loss: 0.1037
==== Epoch 11 avg loss: 0.0993 ====
[Epoch 12] step 0 loss: 0.0925
[Epoch 12] step 10 loss: 0.0527
[Epoch 12] step 20 loss: 0.0818
[Epoch 12] step 30 loss: 0.1010
[Epoch 12] step 40 loss: 0.1092
[Epoch 12] step 50 loss: 0.0899
[Epoch 12] step 60 loss: 0.0587
[Epoch 12] step 70 loss: 0.0934
[Epoch 12] step 80 loss: 0.1064
[Epoch 12] step 90 loss: 0.1244
[Epoch 12] step 100 loss: 0.1042
[Epoch 12] step 110 loss: 0.1165
[Epoch 12] step 120 loss: 0.0790
[Epoch 12] step 130 loss: 0.0675
==== Epoch 12 avg loss: 0.0949 ====
[Epoch 13] step 0 loss: 0.0717
[Epoch 13] step 10 loss: 0.0604
[Epoch 13] step 20 loss: 0.0807
[Epoch 13] step 30 loss: 0.1133
[Epoch 13] step 40 loss: 0.1007
[Epoch 13] step 50 loss: 0.1040
[Epoch 13] step 60 loss: 0.0787
[Epoch 13] step 70 loss: 0.1003
[Epoch 13] step 80 loss: 0.0622
[Epoch 13] step 90 loss: 0.0876
[Epoch 13] step 100 loss: 0.0824
[Epoch 13] step 110 loss: 0.0862
[Epoch 13] step 120 loss: 0.1039
[Epoch 13] step 130 loss: 0.1444
==== Epoch 13 avg loss: 0.0892 ====
[Epoch 14] step 0 loss: 0.0699
[Epoch 14] step 10 loss: 0.0710
[Epoch 14] step 20 loss: 0.0519
[Epoch 14] step 30 loss: 0.1156
[Epoch 14] step 40 loss: 0.0878
[Epoch 14] step 50 loss: 0.1036
[Epoch 14] step 60 loss: 0.0825
[Epoch 14] step 70 loss: 0.1000
[Epoch 14] step 80 loss: 0.0763
[Epoch 14] step 90 loss: 0.1100
[Epoch 14] step 100 loss: 0.0473
[Epoch 14] step 110 loss: 0.0550
[Epoch 14] step 120 loss: 0.0823
[Epoch 14] step 130 loss: 0.0932
==== Epoch 14 avg loss: 0.0850 ====
[Epoch 15] step 0 loss: 0.0817
[Epoch 15] step 10 loss: 0.0475
[Epoch 15] step 20 loss: 0.0877
[Epoch 15] step 30 loss: 0.0934
[Epoch 15] step 40 loss: 0.0537
[Epoch 15] step 50 loss: 0.0588
[Epoch 15] step 60 loss: 0.0532
[Epoch 15] step 70 loss: 0.0722
[Epoch 15] step 80 loss: 0.0745
[Epoch 15] step 90 loss: 0.0537
[Epoch 15] step 100 loss: 0.0839
[Epoch 15] step 110 loss: 0.0654
[Epoch 15] step 120 loss: 0.0828
[Epoch 15] step 130 loss: 0.0932
==== Epoch 15 avg loss: 0.0782 ====
[Epoch 16] step 0 loss: 0.0496
[Epoch 16] step 10 loss: 0.0590
[Epoch 16] step 20 loss: 0.0584
[Epoch 16] step 30 loss: 0.0543
[Epoch 16] step 40 loss: 0.0944
[Epoch 16] step 50 loss: 0.1098
[Epoch 16] step 60 loss: 0.1106
[Epoch 16] step 70 loss: 0.0703
[Epoch 16] step 80 loss: 0.0633
[Epoch 16] step 90 loss: 0.0965
[Epoch 16] step 100 loss: 0.0612
[Epoch 16] step 110 loss: 0.1027
[Epoch 16] step 120 loss: 0.0993
[Epoch 16] step 130 loss: 0.0819
==== Epoch 16 avg loss: 0.0730 ====
[Epoch 17] step 0 loss: 0.0543
[Epoch 17] step 10 loss: 0.0660
[Epoch 17] step 20 loss: 0.0685
[Epoch 17] step 30 loss: 0.0969
[Epoch 17] step 40 loss: 0.0476
[Epoch 17] step 50 loss: 0.0880
[Epoch 17] step 60 loss: 0.0543
[Epoch 17] step 70 loss: 0.0728
[Epoch 17] step 80 loss: 0.0764
[Epoch 17] step 90 loss: 0.0260
[Epoch 17] step 100 loss: 0.0680
[Epoch 17] step 110 loss: 0.0735
[Epoch 17] step 120 loss: 0.0749
[Epoch 17] step 130 loss: 0.0743
==== Epoch 17 avg loss: 0.0695 ====
[Epoch 18] step 0 loss: 0.0661
[Epoch 18] step 10 loss: 0.0652
[Epoch 18] step 20 loss: 0.0776
[Epoch 18] step 30 loss: 0.0857
[Epoch 18] step 40 loss: 0.1023
[Epoch 18] step 50 loss: 0.0672
[Epoch 18] step 60 loss: 0.0739
[Epoch 18] step 70 loss: 0.0814
[Epoch 18] step 80 loss: 0.0378
[Epoch 18] step 90 loss: 0.0760
[Epoch 18] step 100 loss: 0.0882
[Epoch 18] step 110 loss: 0.0715
[Epoch 18] step 120 loss: 0.1012
[Epoch 18] step 130 loss: 0.1075
==== Epoch 18 avg loss: 0.0817 ====
[Epoch 19] step 0 loss: 0.0860
[Epoch 19] step 10 loss: 0.0464
[Epoch 19] step 20 loss: 0.0589
[Epoch 19] step 30 loss: 0.0422
[Epoch 19] step 40 loss: 0.0634
[Epoch 19] step 50 loss: 0.0702
[Epoch 19] step 60 loss: 0.0881
[Epoch 19] step 70 loss: 0.0502
[Epoch 19] step 80 loss: 0.1026
[Epoch 19] step 90 loss: 0.0954
[Epoch 19] step 100 loss: 0.0373
[Epoch 19] step 110 loss: 0.0379
[Epoch 19] step 120 loss: 0.0722
[Epoch 19] step 130 loss: 0.0849
==== Epoch 19 avg loss: 0.0713 ====
[Epoch 20] step 0 loss: 0.0732
[Epoch 20] step 10 loss: 0.0421
[Epoch 20] step 20 loss: 0.0441
[Epoch 20] step 30 loss: 0.0327
[Epoch 20] step 40 loss: 0.0791
[Epoch 20] step 50 loss: 0.0692
[Epoch 20] step 60 loss: 0.0424
[Epoch 20] step 70 loss: 0.0886
[Epoch 20] step 80 loss: 0.0584
[Epoch 20] step 90 loss: 0.0681
[Epoch 20] step 100 loss: 0.0603
[Epoch 20] step 110 loss: 0.0793
[Epoch 20] step 120 loss: 0.0668
[Epoch 20] step 130 loss: 0.0824
==== Epoch 20 avg loss: 0.0636 ====
[Epoch 21] step 0 loss: 0.0396
[Epoch 21] step 10 loss: 0.0804
[Epoch 21] step 20 loss: 0.0412
[Epoch 21] step 30 loss: 0.0494
[Epoch 21] step 40 loss: 0.0820
[Epoch 21] step 50 loss: 0.0371
[Epoch 21] step 60 loss: 0.0511
[Epoch 21] step 70 loss: 0.1122
[Epoch 21] step 80 loss: 0.0604
[Epoch 21] step 90 loss: 0.0682
[Epoch 21] step 100 loss: 0.0624
[Epoch 21] step 110 loss: 0.0486
[Epoch 21] step 120 loss: 0.0804
[Epoch 21] step 130 loss: 0.0419
==== Epoch 21 avg loss: 0.0596 ====
[Epoch 22] step 0 loss: 0.0471
[Epoch 22] step 10 loss: 0.0599
[Epoch 22] step 20 loss: 0.0542
[Epoch 22] step 30 loss: 0.0946
[Epoch 22] step 40 loss: 0.0422
[Epoch 22] step 50 loss: 0.0416
[Epoch 22] step 60 loss: 0.0442
[Epoch 22] step 70 loss: 0.0439
[Epoch 22] step 80 loss: 0.0452
[Epoch 22] step 90 loss: 0.0392
[Epoch 22] step 100 loss: 0.0316
[Epoch 22] step 110 loss: 0.0629
[Epoch 22] step 120 loss: 0.0454
[Epoch 22] step 130 loss: 0.0350
==== Epoch 22 avg loss: 0.0511 ====
[Epoch 23] step 0 loss: 0.0390
[Epoch 23] step 10 loss: 0.0362
[Epoch 23] step 20 loss: 0.0569
[Epoch 23] step 30 loss: 0.0377
[Epoch 23] step 40 loss: 0.0529
[Epoch 23] step 50 loss: 0.0430
[Epoch 23] step 60 loss: 0.0408
[Epoch 23] step 70 loss: 0.0424
[Epoch 23] step 80 loss: 0.0376
[Epoch 23] step 90 loss: 0.0464
[Epoch 23] step 100 loss: 0.0434
[Epoch 23] step 110 loss: 0.0505
[Epoch 23] step 120 loss: 0.0487
[Epoch 23] step 130 loss: 0.0227
==== Epoch 23 avg loss: 0.0448 ====
[Epoch 24] step 0 loss: 0.0187
[Epoch 24] step 10 loss: 0.0245
[Epoch 24] step 20 loss: 0.0388
[Epoch 24] step 30 loss: 0.0320
[Epoch 24] step 40 loss: 0.0438
[Epoch 24] step 50 loss: 0.0341
[Epoch 24] step 60 loss: 0.0436
[Epoch 24] step 70 loss: 0.0335
[Epoch 24] step 80 loss: 0.0379
[Epoch 24] step 90 loss: 0.0175
[Epoch 24] step 100 loss: 0.0678
[Epoch 24] step 110 loss: 0.0412
[Epoch 24] step 120 loss: 0.0364
[Epoch 24] step 130 loss: 0.0215
==== Epoch 24 avg loss: 0.0399 ====
[Epoch 25] step 0 loss: 0.0305
[Epoch 25] step 10 loss: 0.0176
[Epoch 25] step 20 loss: 0.0197
[Epoch 25] step 30 loss: 0.0340
[Epoch 25] step 40 loss: 0.0279
[Epoch 25] step 50 loss: 0.0300
[Epoch 25] step 60 loss: 0.0222
[Epoch 25] step 70 loss: 0.0374
[Epoch 25] step 80 loss: 0.0300
[Epoch 25] step 90 loss: 0.0256
[Epoch 25] step 100 loss: 0.0787
[Epoch 25] step 110 loss: 0.0394
[Epoch 25] step 120 loss: 0.0185
[Epoch 25] step 130 loss: 0.0383
==== Epoch 25 avg loss: 0.0346 ====
[Epoch 26] step 0 loss: 0.0246
[Epoch 26] step 10 loss: 0.0236
[Epoch 26] step 20 loss: 0.0288
[Epoch 26] step 30 loss: 0.0193
[Epoch 26] step 40 loss: 0.0171
[Epoch 26] step 50 loss: 0.0211
[Epoch 26] step 60 loss: 0.0166
[Epoch 26] step 70 loss: 0.0378
[Epoch 26] step 80 loss: 0.0357
[Epoch 26] step 90 loss: 0.0294
[Epoch 26] step 100 loss: 0.0360
[Epoch 26] step 110 loss: 0.0331
[Epoch 26] step 120 loss: 0.0272
[Epoch 26] step 130 loss: 0.0336
==== Epoch 26 avg loss: 0.0299 ====
[Epoch 27] step 0 loss: 0.0258
[Epoch 27] step 10 loss: 0.0297
[Epoch 27] step 20 loss: 0.0160
[Epoch 27] step 30 loss: 0.0172
[Epoch 27] step 40 loss: 0.0261
[Epoch 27] step 50 loss: 0.0350
[Epoch 27] step 60 loss: 0.0220
[Epoch 27] step 70 loss: 0.0259
[Epoch 27] step 80 loss: 0.0322
[Epoch 27] step 90 loss: 0.0170
[Epoch 27] step 100 loss: 0.0342
[Epoch 27] step 110 loss: 0.0362
[Epoch 27] step 120 loss: 0.0174
[Epoch 27] step 130 loss: 0.0201
==== Epoch 27 avg loss: 0.0271 ====
[Epoch 28] step 0 loss: 0.0242
[Epoch 28] step 10 loss: 0.0151
[Epoch 28] step 20 loss: 0.0167
[Epoch 28] step 30 loss: 0.0124
[Epoch 28] step 40 loss: 0.0205
[Epoch 28] step 50 loss: 0.0204
[Epoch 28] step 60 loss: 0.0152
[Epoch 28] step 70 loss: 0.0255
[Epoch 28] step 80 loss: 0.0169
[Epoch 28] step 90 loss: 0.0129
[Epoch 28] step 100 loss: 0.0321
[Epoch 28] step 110 loss: 0.0181
[Epoch 28] step 120 loss: 0.0454
[Epoch 28] step 130 loss: 0.0123
==== Epoch 28 avg loss: 0.0268 ====
[Epoch 29] step 0 loss: 0.0208
[Epoch 29] step 10 loss: 0.0084
[Epoch 29] step 20 loss: 0.0144
[Epoch 29] step 30 loss: 0.0420
[Epoch 29] step 40 loss: 0.0154
[Epoch 29] step 50 loss: 0.0393
[Epoch 29] step 60 loss: 0.0293
[Epoch 29] step 70 loss: 0.0226
[Epoch 29] step 80 loss: 0.0262
[Epoch 29] step 90 loss: 0.0158
[Epoch 29] step 100 loss: 0.0331
[Epoch 29] step 110 loss: 0.0203
[Epoch 29] step 120 loss: 0.0386
[Epoch 29] step 130 loss: 0.0167
==== Epoch 29 avg loss: 0.0230 ====
[Epoch 30] step 0 loss: 0.0115
[Epoch 30] step 10 loss: 0.0090
[Epoch 30] step 20 loss: 0.0127
[Epoch 30] step 30 loss: 0.0172
[Epoch 30] step 40 loss: 0.0177
[Epoch 30] step 50 loss: 0.0141
[Epoch 30] step 60 loss: 0.0163
[Epoch 30] step 70 loss: 0.0093
[Epoch 30] step 80 loss: 0.0054
[Epoch 30] step 90 loss: 0.0270
[Epoch 30] step 100 loss: 0.0123
[Epoch 30] step 110 loss: 0.0173
[Epoch 30] step 120 loss: 0.0224
[Epoch 30] step 130 loss: 0.0192
==== Epoch 30 avg loss: 0.0199 ====
[Epoch 31] step 0 loss: 0.0270
[Epoch 31] step 10 loss: 0.0195
[Epoch 31] step 20 loss: 0.0126
[Epoch 31] step 30 loss: 0.0367
[Epoch 31] step 40 loss: 0.0316
[Epoch 31] step 50 loss: 0.0210
[Epoch 31] step 60 loss: 0.0171
[Epoch 31] step 70 loss: 0.0289
[Epoch 31] step 80 loss: 0.0082
[Epoch 31] step 90 loss: 0.0200
[Epoch 31] step 100 loss: 0.0102
[Epoch 31] step 110 loss: 0.0132
[Epoch 31] step 120 loss: 0.0160
[Epoch 31] step 130 loss: 0.0207
==== Epoch 31 avg loss: 0.0186 ====
[Epoch 32] step 0 loss: 0.0048
[Epoch 32] step 10 loss: 0.0205
[Epoch 32] step 20 loss: 0.0102
[Epoch 32] step 30 loss: 0.0079
[Epoch 32] step 40 loss: 0.0086
[Epoch 32] step 50 loss: 0.0133
[Epoch 32] step 60 loss: 0.0122
[Epoch 32] step 70 loss: 0.0127
[Epoch 32] step 80 loss: 0.0180
[Epoch 32] step 90 loss: 0.0091
[Epoch 32] step 100 loss: 0.0090
[Epoch 32] step 110 loss: 0.0177
[Epoch 32] step 120 loss: 0.0169
[Epoch 32] step 130 loss: 0.0104
==== Epoch 32 avg loss: 0.0163 ====
[Epoch 33] step 0 loss: 0.0367
[Epoch 33] step 10 loss: 0.0227
[Epoch 33] step 20 loss: 0.0071
[Epoch 33] step 30 loss: 0.0065
[Epoch 33] step 40 loss: 0.0047
[Epoch 33] step 50 loss: 0.0108
[Epoch 33] step 60 loss: 0.0059
[Epoch 33] step 70 loss: 0.0034
[Epoch 33] step 80 loss: 0.0052
[Epoch 33] step 90 loss: 0.0101
[Epoch 33] step 100 loss: 0.0025
[Epoch 33] step 110 loss: 0.0039
[Epoch 33] step 120 loss: 0.0041
[Epoch 33] step 130 loss: 0.0067
==== Epoch 33 avg loss: 0.0083 ====
[Epoch 34] step 0 loss: 0.0041
[Epoch 34] step 10 loss: 0.0029
[Epoch 34] step 20 loss: 0.0028
[Epoch 34] step 30 loss: 0.0017
[Epoch 34] step 40 loss: 0.0023
[Epoch 34] step 50 loss: 0.0060
[Epoch 34] step 60 loss: 0.0032
[Epoch 34] step 70 loss: 0.0075
[Epoch 34] step 80 loss: 0.0062
[Epoch 34] step 90 loss: 0.0021
[Epoch 34] step 100 loss: 0.0033
[Epoch 34] step 110 loss: 0.0018
[Epoch 34] step 120 loss: 0.0129
[Epoch 34] step 130 loss: 0.0031
==== Epoch 34 avg loss: 0.0049 ====
[Epoch 35] step 0 loss: 0.0029
[Epoch 35] step 10 loss: 0.0081
[Epoch 35] step 20 loss: 0.0053
[Epoch 35] step 30 loss: 0.0037
[Epoch 35] step 40 loss: 0.0025
[Epoch 35] step 50 loss: 0.0039
[Epoch 35] step 60 loss: 0.0023
[Epoch 35] step 70 loss: 0.0067
[Epoch 35] step 80 loss: 0.0013
[Epoch 35] step 90 loss: 0.0027
[Epoch 35] step 100 loss: 0.0052
[Epoch 35] step 110 loss: 0.0051
[Epoch 35] step 120 loss: 0.0032
[Epoch 35] step 130 loss: 0.0031
==== Epoch 35 avg loss: 0.0040 ====
[Epoch 36] step 0 loss: 0.0030
[Epoch 36] step 10 loss: 0.0046
[Epoch 36] step 20 loss: 0.0021
[Epoch 36] step 30 loss: 0.0032
[Epoch 36] step 40 loss: 0.0019
[Epoch 36] step 50 loss: 0.0042
[Epoch 36] step 60 loss: 0.0026
[Epoch 36] step 70 loss: 0.0015
[Epoch 36] step 80 loss: 0.0037
[Epoch 36] step 90 loss: 0.0044
[Epoch 36] step 100 loss: 0.0018
[Epoch 36] step 110 loss: 0.0041
[Epoch 36] step 120 loss: 0.0029
[Epoch 36] step 130 loss: 0.0045
==== Epoch 36 avg loss: 0.0031 ====
[Epoch 37] step 0 loss: 0.0030
[Epoch 37] step 10 loss: 0.0028
[Epoch 37] step 20 loss: 0.0017
[Epoch 37] step 30 loss: 0.0098
[Epoch 37] step 40 loss: 0.0051
[Epoch 37] step 50 loss: 0.0039
[Epoch 37] step 60 loss: 0.0049
[Epoch 37] step 70 loss: 0.0010
[Epoch 37] step 80 loss: 0.0014
[Epoch 37] step 90 loss: 0.0038
[Epoch 37] step 100 loss: 0.0084
[Epoch 37] step 110 loss: 0.0040
[Epoch 37] step 120 loss: 0.0075
[Epoch 37] step 130 loss: 0.0020
==== Epoch 37 avg loss: 0.0039 ====
[Epoch 38] step 0 loss: 0.0010
[Epoch 38] step 10 loss: 0.0029
[Epoch 38] step 20 loss: 0.0007
[Epoch 38] step 30 loss: 0.0019
[Epoch 38] step 40 loss: 0.0021
[Epoch 38] step 50 loss: 0.0012
[Epoch 38] step 60 loss: 0.0055
[Epoch 38] step 70 loss: 0.0021
[Epoch 38] step 80 loss: 0.0014
[Epoch 38] step 90 loss: 0.0117
[Epoch 38] step 100 loss: 0.0108
[Epoch 38] step 110 loss: 0.0028
[Epoch 38] step 120 loss: 0.0031
[Epoch 38] step 130 loss: 0.0009
==== Epoch 38 avg loss: 0.0033 ====
[Epoch 39] step 0 loss: 0.0005
[Epoch 39] step 10 loss: 0.0021
[Epoch 39] step 20 loss: 0.0047
[Epoch 39] step 30 loss: 0.0104
[Epoch 39] step 40 loss: 0.0009
[Epoch 39] step 50 loss: 0.0020
[Epoch 39] step 60 loss: 0.0097
[Epoch 39] step 70 loss: 0.0009
[Epoch 39] step 80 loss: 0.0020
[Epoch 39] step 90 loss: 0.0020
[Epoch 39] step 100 loss: 0.0009
[Epoch 39] step 110 loss: 0.0020
[Epoch 39] step 120 loss: 0.0012
[Epoch 39] step 130 loss: 0.0042
==== Epoch 39 avg loss: 0.0031 ====
[Epoch 40] step 0 loss: 0.0026
[Epoch 40] step 10 loss: 0.0011
[Epoch 40] step 20 loss: 0.0010
[Epoch 40] step 30 loss: 0.0017
[Epoch 40] step 40 loss: 0.0010
[Epoch 40] step 50 loss: 0.0040
[Epoch 40] step 60 loss: 0.0029
[Epoch 40] step 70 loss: 0.0011
[Epoch 40] step 80 loss: 0.0028
[Epoch 40] step 90 loss: 0.0014
[Epoch 40] step 100 loss: 0.0022
[Epoch 40] step 110 loss: 0.0019
[Epoch 40] step 120 loss: 0.0010
[Epoch 40] step 130 loss: 0.0010
==== Epoch 40 avg loss: 0.0025 ====
[Epoch 41] step 0 loss: 0.0019
[Epoch 41] step 10 loss: 0.0073
[Epoch 41] step 20 loss: 0.0016
[Epoch 41] step 30 loss: 0.0008
[Epoch 41] step 40 loss: 0.0016
[Epoch 41] step 50 loss: 0.0042
[Epoch 41] step 60 loss: 0.0012
[Epoch 41] step 70 loss: 0.0012
[Epoch 41] step 80 loss: 0.0120
[Epoch 41] step 90 loss: 0.0008
[Epoch 41] step 100 loss: 0.0021
[Epoch 41] step 110 loss: 0.0040
[Epoch 41] step 120 loss: 0.0016
[Epoch 41] step 130 loss: 0.0033
==== Epoch 41 avg loss: 0.0034 ====
[Epoch 42] step 0 loss: 0.0006
[Epoch 42] step 10 loss: 0.0014
[Epoch 42] step 20 loss: 0.0009
[Epoch 42] step 30 loss: 0.0005
[Epoch 42] step 40 loss: 0.0008
[Epoch 42] step 50 loss: 0.0019
[Epoch 42] step 60 loss: 0.0124
[Epoch 42] step 70 loss: 0.0776
[Epoch 42] step 80 loss: 0.0120
[Epoch 42] step 90 loss: 0.0514
[Epoch 42] step 100 loss: 0.0161
[Epoch 42] step 110 loss: 0.0168
[Epoch 42] step 120 loss: 0.0288
[Epoch 42] step 130 loss: 0.0156
==== Epoch 42 avg loss: 0.0132 ====
[Epoch 43] step 0 loss: 0.0050
[Epoch 43] step 10 loss: 0.0270
[Epoch 43] step 20 loss: 0.0028
[Epoch 43] step 30 loss: 0.0040
[Epoch 43] step 40 loss: 0.0484
[Epoch 43] step 50 loss: 0.0469
[Epoch 43] step 60 loss: 0.0039
[Epoch 43] step 70 loss: 0.0083
[Epoch 43] step 80 loss: 0.0180
[Epoch 43] step 90 loss: 0.0344
[Epoch 43] step 100 loss: 0.0442
[Epoch 43] step 110 loss: 0.0265
[Epoch 43] step 120 loss: 0.0681
[Epoch 43] step 130 loss: 0.0898
==== Epoch 43 avg loss: 0.0270 ====
[Epoch 44] step 0 loss: 0.0610
[Epoch 44] step 10 loss: 0.0336
[Epoch 44] step 20 loss: 0.0356
[Epoch 44] step 30 loss: 0.0585
[Epoch 44] step 40 loss: 0.0653
[Epoch 44] step 50 loss: 0.0467
[Epoch 44] step 60 loss: 0.1108
[Epoch 44] step 70 loss: 0.1278
[Epoch 44] step 80 loss: 0.0368
[Epoch 44] step 90 loss: 0.0280
[Epoch 44] step 100 loss: 0.0515
[Epoch 44] step 110 loss: 0.0419
[Epoch 44] step 120 loss: 0.0576
[Epoch 44] step 130 loss: 0.0857
==== Epoch 44 avg loss: 0.0594 ====
[Epoch 45] step 0 loss: 0.0088
[Epoch 45] step 10 loss: 0.0267
[Epoch 45] step 20 loss: 0.0365
[Epoch 45] step 30 loss: 0.0155
[Epoch 45] step 40 loss: 0.0393
[Epoch 45] step 50 loss: 0.0239
[Epoch 45] step 60 loss: 0.1414
[Epoch 45] step 70 loss: 0.0771
[Epoch 45] step 80 loss: 0.0237
[Epoch 45] step 90 loss: 0.0707
[Epoch 45] step 100 loss: 0.0279
[Epoch 45] step 110 loss: 0.0917
[Epoch 45] step 120 loss: 0.0173
[Epoch 45] step 130 loss: 0.0766
==== Epoch 45 avg loss: 0.0406 ====
[Epoch 46] step 0 loss: 0.0485
[Epoch 46] step 10 loss: 0.0080
[Epoch 46] step 20 loss: 0.0047
[Epoch 46] step 30 loss: 0.0373
[Epoch 46] step 40 loss: 0.0156
[Epoch 46] step 50 loss: 0.0346
[Epoch 46] step 60 loss: 0.0180
[Epoch 46] step 70 loss: 0.0442
[Epoch 46] step 80 loss: 0.0742
[Epoch 46] step 90 loss: 0.0221
[Epoch 46] step 100 loss: 0.0286
[Epoch 46] step 110 loss: 0.0063
[Epoch 46] step 120 loss: 0.0202
[Epoch 46] step 130 loss: 0.0315
==== Epoch 46 avg loss: 0.0372 ====
[Epoch 47] step 0 loss: 0.0451
[Epoch 47] step 10 loss: 0.0261
[Epoch 47] step 20 loss: 0.0296
[Epoch 47] step 30 loss: 0.0572
[Epoch 47] step 40 loss: 0.0133
[Epoch 47] step 50 loss: 0.0117
[Epoch 47] step 60 loss: 0.0251
[Epoch 47] step 70 loss: 0.0153
[Epoch 47] step 80 loss: 0.0290
[Epoch 47] step 90 loss: 0.0197
[Epoch 47] step 100 loss: 0.0092
[Epoch 47] step 110 loss: 0.0128
[Epoch 47] step 120 loss: 0.0263
[Epoch 47] step 130 loss: 0.0339
==== Epoch 47 avg loss: 0.0291 ====
[Epoch 48] step 0 loss: 0.0272
[Epoch 48] step 10 loss: 0.0431
[Epoch 48] step 20 loss: 0.0227
[Epoch 48] step 30 loss: 0.0156
[Epoch 48] step 40 loss: 0.0068
[Epoch 48] step 50 loss: 0.0246
[Epoch 48] step 60 loss: 0.0570
[Epoch 48] step 70 loss: 0.0073
[Epoch 48] step 80 loss: 0.0379
[Epoch 48] step 90 loss: 0.0401
[Epoch 48] step 100 loss: 0.0187
[Epoch 48] step 110 loss: 0.0103
[Epoch 48] step 120 loss: 0.0274
[Epoch 48] step 130 loss: 0.0246
==== Epoch 48 avg loss: 0.0250 ====
[Epoch 49] step 0 loss: 0.0305
[Epoch 49] step 10 loss: 0.0112
[Epoch 49] step 20 loss: 0.0329
[Epoch 49] step 30 loss: 0.0110
[Epoch 49] step 40 loss: 0.0085
[Epoch 49] step 50 loss: 0.0065
[Epoch 49] step 60 loss: 0.0155
[Epoch 49] step 70 loss: 0.0259
[Epoch 49] step 80 loss: 0.0253
[Epoch 49] step 90 loss: 0.0144
[Epoch 49] step 100 loss: 0.0078
[Epoch 49] step 110 loss: 0.0126
[Epoch 49] step 120 loss: 0.0091
[Epoch 49] step 130 loss: 0.0134
==== Epoch 49 avg loss: 0.0201 ====
[Epoch 50] step 0 loss: 0.0095
[Epoch 50] step 10 loss: 0.0386
[Epoch 50] step 20 loss: 0.0069
[Epoch 50] step 30 loss: 0.0650
[Epoch 50] step 40 loss: 0.0051
[Epoch 50] step 50 loss: 0.0117
[Epoch 50] step 60 loss: 0.0158
[Epoch 50] step 70 loss: 0.0159
[Epoch 50] step 80 loss: 0.0126
[Epoch 50] step 90 loss: 0.0819
[Epoch 50] step 100 loss: 0.0185
[Epoch 50] step 110 loss: 0.0093
[Epoch 50] step 120 loss: 0.0093
[Epoch 50] step 130 loss: 0.0230
==== Epoch 50 avg loss: 0.0182 ====
[Epoch 51] step 0 loss: 0.0267
[Epoch 51] step 10 loss: 0.0207
[Epoch 51] step 20 loss: 0.0758
[Epoch 51] step 30 loss: 0.0015
[Epoch 51] step 40 loss: 0.0041
[Epoch 51] step 50 loss: 0.0137
[Epoch 51] step 60 loss: 0.0203
[Epoch 51] step 70 loss: 0.0238
[Epoch 51] step 80 loss: 0.0437
[Epoch 51] step 90 loss: 0.0209
[Epoch 51] step 100 loss: 0.0374
[Epoch 51] step 110 loss: 0.0591
[Epoch 51] step 120 loss: 0.0062
[Epoch 51] step 130 loss: 0.0163
==== Epoch 51 avg loss: 0.0185 ====
[Epoch 52] step 0 loss: 0.0032
[Epoch 52] step 10 loss: 0.0051
[Epoch 52] step 20 loss: 0.0067
[Epoch 52] step 30 loss: 0.0133
[Epoch 52] step 40 loss: 0.0141
[Epoch 52] step 50 loss: 0.0194
[Epoch 52] step 60 loss: 0.0062
[Epoch 52] step 70 loss: 0.0088
[Epoch 52] step 80 loss: 0.0247
[Epoch 52] step 90 loss: 0.0318
[Epoch 52] step 100 loss: 0.0151
[Epoch 52] step 110 loss: 0.0273
[Epoch 52] step 120 loss: 0.0244
[Epoch 52] step 130 loss: 0.0070
==== Epoch 52 avg loss: 0.0164 ====
[Epoch 53] step 0 loss: 0.0013
[Epoch 53] step 10 loss: 0.0599
[Epoch 53] step 20 loss: 0.0201
[Epoch 53] step 30 loss: 0.0183
Traceback (most recent call last):
  File "/home/vipuser/wby/proj_params/music-detr/train6_stage1_onset.py", line 132, in <module>
    scaler.scale(loss).backward()
  File "/home/vipuser/miniconda3/envs/py39/lib/python3.9/site-packages/torch/_tensor.py", line 647, in backward
    torch.autograd.backward(
  File "/home/vipuser/miniconda3/envs/py39/lib/python3.9/site-packages/torch/autograd/__init__.py", line 354, in backward
    _engine_run_backward(
  File "/home/vipuser/miniconda3/envs/py39/lib/python3.9/site-packages/torch/autograd/graph.py", line 829, in _engine_run_backward
    return Variable._execution_engine.run_backward(  # Calls into the C++ engine to run the backward pass
  File "/home/vipuser/miniconda3/envs/py39/lib/python3.9/site-packages/torch/utils/data/_utils/signal_handling.py", line 73, in handler
    _error_if_any_worker_fails()
RuntimeError: DataLoader worker (pid 56052) is killed by signal: Terminated. 
