nohup: ignoring input
../dataset/baby/prototype/1,min.mid: 6 chords
../dataset/baby/prototype/2,maj.mid: 6 chords
../dataset/baby/prototype/3,dom.mid: 6 chords
../dataset/baby/prototype/4,dim.mid: 6 chords
../dataset/baby/prototype/5,aug.mid: 6 chords
总 chord 数: 30
总 preset 数: 314
ignore preset: 37
device: cuda
没有训练记录
[Epoch 1] step 0 loss: 4.0994
[Epoch 1] step 10 loss: 4.0934
[Epoch 1] step 20 loss: 4.0946
[Epoch 1] step 30 loss: 4.0722
[Epoch 1] step 40 loss: 4.0947
[Epoch 1] step 50 loss: 4.0734
[Epoch 1] step 60 loss: 4.0780
[Epoch 1] step 70 loss: 4.0620
[Epoch 1] step 80 loss: 4.0699
[Epoch 1] step 90 loss: 4.0820
[Epoch 1] step 100 loss: 4.0093
[Epoch 1] step 110 loss: 4.0535
[Epoch 1] step 120 loss: 3.9719
[Epoch 1] step 130 loss: 3.9874
[Epoch 1] step 140 loss: 3.9640
[Epoch 1] step 150 loss: 3.8687
[Epoch 1] step 160 loss: 3.6799
[Epoch 1] step 170 loss: 3.8359
[Epoch 1] step 180 loss: 3.7338
[Epoch 1] step 190 loss: 3.3056
[Epoch 1] step 200 loss: 3.9155
[Epoch 1] step 210 loss: 3.7197
[Epoch 1] step 220 loss: 3.6100
[Epoch 1] step 230 loss: 3.7301
[Epoch 1] step 240 loss: 3.5035
[Epoch 1] step 250 loss: 3.7579
[Epoch 1] step 260 loss: 3.5932
[Epoch 1] step 270 loss: 3.4301
[Epoch 1] step 280 loss: 4.1239
[Epoch 1] step 290 loss: 3.1794
[Epoch 1] step 300 loss: 2.6371
[Epoch 1] step 310 loss: 3.4801
[Epoch 1] step 320 loss: 3.3484
[Epoch 1] step 330 loss: 2.7953
[Epoch 1] step 340 loss: 3.0476
[Epoch 1] step 350 loss: 3.5239
[Epoch 1] step 360 loss: 3.3129
[Epoch 1] step 370 loss: 3.2379
[Epoch 1] step 380 loss: 3.4527
[Epoch 1] step 390 loss: 2.9999
[Epoch 1] step 400 loss: 3.1258
[Epoch 1] step 410 loss: 2.6882
[Epoch 1] step 420 loss: 2.7957
[Epoch 1] step 430 loss: 2.7196
[Epoch 1] step 440 loss: 3.3810
[Epoch 1] step 450 loss: 3.3160
[Epoch 1] step 460 loss: 3.7643
[Epoch 1] step 470 loss: 6.3232
[Epoch 1] step 480 loss: 3.4087
[Epoch 1] step 490 loss: 3.1937
[Epoch 1] step 500 loss: 3.1317
[Epoch 1] step 510 loss: 2.7928
[Epoch 1] step 520 loss: 2.7809
[Epoch 1] step 530 loss: 2.6692
[Epoch 1] step 540 loss: 2.6501
[Epoch 1] step 550 loss: 3.4612
[Epoch 1] step 560 loss: 2.2342
[Epoch 1] step 570 loss: 3.0093
[Epoch 1] step 580 loss: 2.6304
[Epoch 1] step 590 loss: 2.4167
[Epoch 1] step 600 loss: 2.5152
[Epoch 1] step 610 loss: 2.5520
[Epoch 1] step 620 loss: 2.5556
[Epoch 1] step 630 loss: 2.6491
[Epoch 1] step 640 loss: 2.9382
[Epoch 1] step 650 loss: 2.7721
[Epoch 1] step 660 loss: 2.1659
[Epoch 1] step 670 loss: 2.4512
[Epoch 1] step 680 loss: 2.2382
[Epoch 1] step 690 loss: 3.2297
[Epoch 1] step 700 loss: 3.6897
[Epoch 1] step 710 loss: 2.5488
[Epoch 1] step 720 loss: 3.2868
[Epoch 1] step 730 loss: 2.9188
[Epoch 1] step 740 loss: 2.0508
[Epoch 1] step 750 loss: 2.7018
[Epoch 1] step 760 loss: 2.7707
[Epoch 1] step 770 loss: 2.4679
[Epoch 1] step 780 loss: 2.7231
[Epoch 1] step 790 loss: 2.2862
[Epoch 1] step 800 loss: 2.8246
[Epoch 1] step 810 loss: 2.0721
[Epoch 1] step 820 loss: 2.9304
[Epoch 1] step 830 loss: 3.5474
[Epoch 1] step 840 loss: 2.5516
[Epoch 1] step 850 loss: 1.9843
[Epoch 1] step 860 loss: 3.3548
[Epoch 1] step 870 loss: 2.5348
[Epoch 1] step 880 loss: 2.2617
[Epoch 1] step 890 loss: 2.4556
[Epoch 1] step 900 loss: 2.9392
[Epoch 1] step 910 loss: 2.4009
[Epoch 1] step 920 loss: 2.8312
[Epoch 1] step 930 loss: 2.7168
[Epoch 1] step 940 loss: 2.7111
[Epoch 1] step 950 loss: 2.8923
[Epoch 1] step 960 loss: 1.7498
[Epoch 1] step 970 loss: 2.2415
[Epoch 1] step 980 loss: 2.7734
[Epoch 1] step 990 loss: 2.9742
[Epoch 1] step 1000 loss: 2.7585
[Epoch 1] step 1010 loss: 2.4625
[Epoch 1] step 1020 loss: 2.6496
[Epoch 1] step 1030 loss: 2.6796
[Epoch 1] step 1040 loss: 1.5743
[Epoch 1] step 1050 loss: 1.9976
[Epoch 1] step 1060 loss: 2.6376
[Epoch 1] step 1070 loss: 2.6395
[Epoch 1] step 1080 loss: 2.3016
[Epoch 1] step 1090 loss: 2.5696
[Epoch 1] step 1100 loss: 2.8562
[Epoch 1] step 1110 loss: 2.7578
[Epoch 1] step 1120 loss: 2.0484
[Epoch 1] step 1130 loss: 2.2001
[Epoch 1] step 1140 loss: 1.7764
[Epoch 1] step 1150 loss: 2.1992
[Epoch 1] step 1160 loss: 2.7768
[Epoch 1] step 1170 loss: 2.2843
[Epoch 1] step 1180 loss: 2.6265
[Epoch 1] step 1190 loss: 2.5758
[Epoch 1] step 1200 loss: 2.8208
[Epoch 1] step 1210 loss: 2.1993
[Epoch 1] step 1220 loss: 2.2843
[Epoch 1] step 1230 loss: 2.7892
[Epoch 1] step 1240 loss: 2.2655
[Epoch 1] step 1250 loss: 3.0320
[Epoch 1] step 1260 loss: 2.5236
[Epoch 1] step 1270 loss: 2.5225
[Epoch 1] step 1280 loss: 1.8869
[Epoch 1] step 1290 loss: 2.9908
[Epoch 1] step 1300 loss: 2.4074
[Epoch 1] step 1310 loss: 3.1072
[Epoch 1] step 1320 loss: 1.7533
[Epoch 1] step 1330 loss: 2.1476
[Epoch 1] step 1340 loss: 2.3619
[Epoch 1] step 1350 loss: 2.2053
[Epoch 1] step 1360 loss: 2.9154
[Epoch 1] step 1370 loss: 2.1846
[Epoch 1] step 1380 loss: 1.9357
[Epoch 1] step 1390 loss: 2.4455
[Epoch 1] step 1400 loss: 2.4966
[Epoch 1] step 1410 loss: 2.2462
[Epoch 1] step 1420 loss: 1.8244
[Epoch 1] step 1430 loss: 2.8511
[Epoch 1] step 1440 loss: 1.7170
[Epoch 1] step 1450 loss: 2.0899
[Epoch 1] step 1460 loss: 2.2152
[Epoch 1] step 1470 loss: 2.0153
[Epoch 1] step 1480 loss: 2.7631
[Epoch 1] step 1490 loss: 1.9869
[Epoch 1] step 1500 loss: 2.6965
[Epoch 1] step 1510 loss: 1.6456
[Epoch 1] step 1520 loss: 2.0802
[Epoch 1] step 1530 loss: 2.4612
[Epoch 1] step 1540 loss: 1.5525
[Epoch 1] step 1550 loss: 2.4889
[Epoch 1] step 1560 loss: 3.5184
[Epoch 1] step 1570 loss: 2.8036
[Epoch 1] step 1580 loss: 2.3778
[Epoch 1] step 1590 loss: 1.7265
[Epoch 1] step 1600 loss: 1.9831
[Epoch 1] step 1610 loss: 1.8595
[Epoch 1] step 1620 loss: 2.0288
[Epoch 1] step 1630 loss: 2.4414
[Epoch 1] step 1640 loss: 1.9315
[Epoch 1] step 1650 loss: 2.5655
[Epoch 1] step 1660 loss: 1.7611
[Epoch 1] step 1670 loss: 1.6049
[Epoch 1] step 1680 loss: 2.1515
[Epoch 1] step 1690 loss: 1.9638
[Epoch 1] step 1700 loss: 2.1929
[Epoch 1] step 1710 loss: 2.4546
[Epoch 1] step 1720 loss: 2.4549
[Epoch 1] step 1730 loss: 2.6216
[Epoch 1] step 1740 loss: 3.2553
[Epoch 1] step 1750 loss: 2.0401
[Epoch 1] step 1760 loss: 2.2167
[Epoch 1] step 1770 loss: 2.1104
[Epoch 1] step 1780 loss: 2.3544
[Epoch 1] step 1790 loss: 2.5634
[Epoch 1] step 1800 loss: 1.6902
[Epoch 1] step 1810 loss: 2.5425
[Epoch 1] step 1820 loss: 2.1175
[Epoch 1] step 1830 loss: 1.7216
[Epoch 1] step 1840 loss: 2.7074
[Epoch 1] step 1850 loss: 1.6978
[Epoch 1] step 1860 loss: 1.5284
[Epoch 1] step 1870 loss: 2.3162
[Epoch 1] step 1880 loss: 1.7354
[Epoch 1] step 1890 loss: 2.4621
[Epoch 1] step 1900 loss: 2.3583
[Epoch 1] step 1910 loss: 1.9074
[Epoch 1] step 1920 loss: 2.9222
[Epoch 1] step 1930 loss: 1.9920
[Epoch 1] step 1940 loss: 2.1150
[Epoch 1] step 1950 loss: 2.1883
[Epoch 1] step 1960 loss: 1.7789
[Epoch 1] step 1970 loss: 2.0206
[Epoch 1] step 1980 loss: 2.1682
[Epoch 1] step 1990 loss: 1.9863
[Epoch 1] step 2000 loss: 2.8644
[Epoch 1] step 2010 loss: 1.4764
[Epoch 1] step 2020 loss: 1.7063
[Epoch 1] step 2030 loss: 2.5211
[Epoch 1] step 2040 loss: 2.5238
[Epoch 1] step 2050 loss: 2.3672
[Epoch 1] step 2060 loss: 1.5052
[Epoch 1] step 2070 loss: 3.0324
[Epoch 1] step 2080 loss: 2.1411
[Epoch 1] step 2090 loss: 1.7767
[Epoch 1] step 2100 loss: 1.5805
[Epoch 1] step 2110 loss: 1.9466
[Epoch 1] step 2120 loss: 2.4449
[Epoch 1] step 2130 loss: 1.7581
[Epoch 1] step 2140 loss: 2.0313
[Epoch 1] step 2150 loss: 1.7067
[Epoch 1] step 2160 loss: 2.5018
[Epoch 1] step 2170 loss: 1.6181
[Epoch 1] step 2180 loss: 1.7261
[Epoch 1] step 2190 loss: 2.0031
[Epoch 1] step 2200 loss: 1.8640
[Epoch 1] step 2210 loss: 1.6446
[Epoch 1] step 2220 loss: 1.9529
[Epoch 1] step 2230 loss: 2.1680
[Epoch 1] step 2240 loss: 1.6680
[Epoch 1] step 2250 loss: 1.9931
[Epoch 1] step 2260 loss: 2.3995
[Epoch 1] step 2270 loss: 2.3819
[Epoch 1] step 2280 loss: 2.0370
[Epoch 1] step 2290 loss: 1.7611
[Epoch 1] step 2300 loss: 1.7935
[Epoch 1] step 2310 loss: 2.0565
[Epoch 1] step 2320 loss: 1.9370
[Epoch 1] step 2330 loss: 2.1019
[Epoch 1] step 2340 loss: 1.8053
[Epoch 1] step 2350 loss: 1.5357
[Epoch 1] step 2360 loss: 1.5670
[Epoch 1] step 2370 loss: 1.9703
[Epoch 1] step 2380 loss: 1.5085
[Epoch 1] step 2390 loss: 1.1912
[Epoch 1] step 2400 loss: 2.3457
[Epoch 1] step 2410 loss: 1.7192
[Epoch 1] step 2420 loss: 1.4981
[Epoch 1] step 2430 loss: 1.7742
[Epoch 1] step 2440 loss: 2.2621
[Epoch 1] step 2450 loss: 1.9344
[Epoch 1] step 2460 loss: 2.0193
[Epoch 1] step 2470 loss: 2.2271
[Epoch 1] step 2480 loss: 1.7583
[Epoch 1] step 2490 loss: 1.6022
[Epoch 1] step 2500 loss: 1.3651
[Epoch 1] step 2510 loss: 1.0496
[Epoch 1] step 2520 loss: 1.8766
[Epoch 1] step 2530 loss: 1.9212
[Epoch 1] step 2540 loss: 1.7658
[Epoch 1] step 2550 loss: 2.8669
[Epoch 1] step 2560 loss: 1.3761
[Epoch 1] step 2570 loss: 2.3730
[Epoch 1] step 2580 loss: 1.7973
[Epoch 1] step 2590 loss: 1.6508
[Epoch 1] step 2600 loss: 1.9810
[Epoch 1] step 2610 loss: 1.3738
[Epoch 1] step 2620 loss: 1.8572
[Epoch 1] step 2630 loss: 1.4505
[Epoch 1] step 2640 loss: 2.2807
[Epoch 1] step 2650 loss: 1.6083
[Epoch 1] step 2660 loss: 1.6518
[Epoch 1] step 2670 loss: 1.6757
[Epoch 1] step 2680 loss: 1.5752
[Epoch 1] step 2690 loss: 1.6836
[Epoch 1] step 2700 loss: 1.9060
[Epoch 1] step 2710 loss: 1.2981
[Epoch 1] step 2720 loss: 1.6298
[Epoch 1] step 2730 loss: 1.4591
[Epoch 1] step 2740 loss: 1.5268
[Epoch 1] step 2750 loss: 1.7161
[Epoch 1] step 2760 loss: 1.6265
[Epoch 1] step 2770 loss: 1.3520
[Epoch 1] step 2780 loss: 2.0565
[Epoch 1] step 2790 loss: 2.8228
[Epoch 1] step 2800 loss: 1.8216
[Epoch 1] step 2810 loss: 1.4446
[Epoch 1] step 2820 loss: 1.8935
[Epoch 1] step 2830 loss: 1.7742
[Epoch 1] step 2840 loss: 4.4901
[Epoch 1] step 2850 loss: 1.5272
[Epoch 1] step 2860 loss: 1.2809
[Epoch 1] step 2870 loss: 1.9764
[Epoch 1] step 2880 loss: 1.3321
[Epoch 1] step 2890 loss: 1.7090
[Epoch 1] step 2900 loss: 1.7673
[Epoch 1] step 2910 loss: 1.8981
[Epoch 1] step 2920 loss: 1.5489
[Epoch 1] step 2930 loss: 1.7811
[Epoch 1] step 2940 loss: 2.1258
[Epoch 1] step 2950 loss: 1.9611
[Epoch 1] step 2960 loss: 2.7562
[Epoch 1] step 2970 loss: 1.4488
[Epoch 1] step 2980 loss: 2.0388
[Epoch 1] step 2990 loss: 1.6945
[Epoch 1] step 3000 loss: 1.8764
[Epoch 1] step 3010 loss: 1.9118
[Epoch 1] step 3020 loss: 1.7222
[Epoch 1] step 3030 loss: 1.2651
[Epoch 1] step 3040 loss: 2.0060
[Epoch 1] step 3050 loss: 1.6417
[Epoch 1] step 3060 loss: 1.2079
[Epoch 1] step 3070 loss: 1.4314
[Epoch 1] step 3080 loss: 0.7024
[Epoch 1] step 3090 loss: 1.1362
[Epoch 1] step 3100 loss: 1.9757
[Epoch 1] step 3110 loss: 1.7537
[Epoch 1] step 3120 loss: 1.6716
[Epoch 1] step 3130 loss: 1.6707
[Epoch 1] step 3140 loss: 1.3295
[Epoch 1] step 3150 loss: 1.2959
[Epoch 1] step 3160 loss: 1.9855
[Epoch 1] step 3170 loss: 2.9801
[Epoch 1] step 3180 loss: 1.4581
[Epoch 1] step 3190 loss: 1.4861
[Epoch 1] step 3200 loss: 1.6318
[Epoch 1] step 3210 loss: 1.1052
[Epoch 1] step 3220 loss: 1.4138
[Epoch 1] step 3230 loss: 2.1145
[Epoch 1] step 3240 loss: 1.4724
[Epoch 1] step 3250 loss: 2.4060
[Epoch 1] step 3260 loss: 1.5449
[Epoch 1] step 3270 loss: 1.7301
[Epoch 1] step 3280 loss: 1.8091
[Epoch 1] step 3290 loss: 1.7192
[Epoch 1] step 3300 loss: 2.1827
[Epoch 1] step 3310 loss: 1.6144
[Epoch 1] step 3320 loss: 1.7899
[Epoch 1] step 3330 loss: 1.2494
[Epoch 1] step 3340 loss: 1.3320
[Epoch 1] step 3350 loss: 1.8723
[Epoch 1] step 3360 loss: 1.1440
[Epoch 1] step 3370 loss: 1.7823
[Epoch 1] step 3380 loss: 2.0663
[Epoch 1] step 3390 loss: 1.4288
[Epoch 1] step 3400 loss: 2.0325
[Epoch 1] step 3410 loss: 1.6615
[Epoch 1] step 3420 loss: 2.8062
[Epoch 1] step 3430 loss: 1.7729
[Epoch 1] step 3440 loss: 1.5227
[Epoch 1] step 3450 loss: 1.5503
[Epoch 1] step 3460 loss: 2.2255
[Epoch 1] step 3470 loss: 1.7798
[Epoch 1] step 3480 loss: 2.0160
[Epoch 1] step 3490 loss: 1.5062
[Epoch 1] step 3500 loss: 2.0939
[Epoch 1] step 3510 loss: 2.0395
[Epoch 1] step 3520 loss: 1.9197
[Epoch 1] step 3530 loss: 1.5248
[Epoch 1] step 3540 loss: 1.1553
[Epoch 1] step 3550 loss: 1.4941
[Epoch 1] step 3560 loss: 1.3273
[Epoch 1] step 3570 loss: 1.7498
[Epoch 1] step 3580 loss: 1.4038
[Epoch 1] step 3590 loss: 1.6968
[Epoch 1] step 3600 loss: 1.6088
[Epoch 1] step 3610 loss: 1.2380
[Epoch 1] step 3620 loss: 1.5804
[Epoch 1] step 3630 loss: 2.0232
[Epoch 1] step 3640 loss: 0.7603
[Epoch 1] step 3650 loss: 1.3323
[Epoch 1] step 3660 loss: 1.6336
[Epoch 1] step 3670 loss: 1.3833
[Epoch 1] step 3680 loss: 2.8234
[Epoch 1] step 3690 loss: 1.1652
[Epoch 1] step 3700 loss: 1.5029
[Epoch 1] step 3710 loss: 1.7985
[Epoch 1] step 3720 loss: 1.0704
[Epoch 1] step 3730 loss: 0.9851
[Epoch 1] step 3740 loss: 0.8711
[Epoch 1] step 3750 loss: 1.1612
[Epoch 1] step 3760 loss: 1.9616
[Epoch 1] step 3770 loss: 0.8059
[Epoch 1] step 3780 loss: 1.5178
[Epoch 1] step 3790 loss: 1.1238
[Epoch 1] step 3800 loss: 1.0160
[Epoch 1] step 3810 loss: 1.9429
[Epoch 1] step 3820 loss: 1.5363
[Epoch 1] step 3830 loss: 1.4841
[Epoch 1] step 3840 loss: 1.2378
[Epoch 1] step 3850 loss: 1.9449
[Epoch 1] step 3860 loss: 1.5965
[Epoch 1] step 3870 loss: 1.2448
[Epoch 1] step 3880 loss: 2.0727
[Epoch 1] step 3890 loss: 0.5720
[Epoch 1] step 3900 loss: 1.4863
[Epoch 1] step 3910 loss: 1.3981
[Epoch 1] step 3920 loss: 1.6042
[Epoch 1] step 3930 loss: 1.4014
[Epoch 1] step 3940 loss: 1.1326
[Epoch 1] step 3950 loss: 0.6802
[Epoch 1] step 3960 loss: 1.3900
[Epoch 1] step 3970 loss: 0.8182
[Epoch 1] step 3980 loss: 1.7845
[Epoch 1] step 3990 loss: 1.7598
[Epoch 1] step 4000 loss: 1.5844
[Epoch 1] step 4010 loss: 1.4211
[Epoch 1] step 4020 loss: 1.5330
[Epoch 1] step 4030 loss: 1.8913
[Epoch 1] step 4040 loss: 1.4851
[Epoch 1] step 4050 loss: 1.9561
[Epoch 1] step 4060 loss: 1.0074
[Epoch 1] step 4070 loss: 1.5955
[Epoch 1] step 4080 loss: 1.1070
[Epoch 1] step 4090 loss: 1.1989
[Epoch 1] step 4100 loss: 0.8313
[Epoch 1] step 4110 loss: 1.5489
[Epoch 1] step 4120 loss: 1.0233
[Epoch 1] step 4130 loss: 1.7220
[Epoch 1] step 4140 loss: 1.4161
[Epoch 1] step 4150 loss: 0.9710
[Epoch 1] step 4160 loss: 1.9869
[Epoch 1] step 4170 loss: 1.2556
[Epoch 1] step 4180 loss: 1.7109
[Epoch 1] step 4190 loss: 1.2289
[Epoch 1] step 4200 loss: 0.8941
[Epoch 1] step 4210 loss: 0.7768
[Epoch 1] step 4220 loss: 1.5094
[Epoch 1] step 4230 loss: 1.0580
[Epoch 1] step 4240 loss: 1.5359
[Epoch 1] step 4250 loss: 1.7540
[Epoch 1] step 4260 loss: 0.9093
[Epoch 1] step 4270 loss: 2.0329
[Epoch 1] step 4280 loss: 1.1782
[Epoch 1] step 4290 loss: 1.2539
[Epoch 1] step 4300 loss: 0.9977
[Epoch 1] step 4310 loss: 1.7245
[Epoch 1] step 4320 loss: 1.6665
[Epoch 1] step 4330 loss: 1.5977
[Epoch 1] step 4340 loss: 1.3531
[Epoch 1] step 4350 loss: 2.7101
[Epoch 1] step 4360 loss: 1.4356
[Epoch 1] step 4370 loss: 1.5475
[Epoch 1] step 4380 loss: 2.1684
[Epoch 1] step 4390 loss: 1.5588
[Epoch 1] step 4400 loss: 1.5023
[Epoch 1] step 4410 loss: 2.3606
[Epoch 1] step 4420 loss: 1.7308
[Epoch 1] step 4430 loss: 1.9253
[Epoch 1] step 4440 loss: 0.4940
[Epoch 1] step 4450 loss: 1.4603
[Epoch 1] step 4460 loss: 1.8319
[Epoch 1] step 4470 loss: 1.6427
[Epoch 1] step 4480 loss: 1.1869
[Epoch 1] step 4490 loss: 1.3964
[Epoch 1] step 4500 loss: 1.8409
[Epoch 1] step 4510 loss: 0.7539
[Epoch 1] step 4520 loss: 1.5754
[Epoch 1] step 4530 loss: 1.5757
[Epoch 1] step 4540 loss: 1.9641
[Epoch 1] step 4550 loss: 2.0921
[Epoch 1] step 4560 loss: 0.5807
[Epoch 1] step 4570 loss: 1.0407
[Epoch 1] step 4580 loss: 1.7431
[Epoch 1] step 4590 loss: 1.0544
[Epoch 1] step 4600 loss: 2.4883
[Epoch 1] step 4610 loss: 1.3741
[Epoch 1] step 4620 loss: 2.2984
[Epoch 1] step 4630 loss: 1.6151
[Epoch 1] step 4640 loss: 1.3766
[Epoch 1] step 4650 loss: 1.2312
[Epoch 1] step 4660 loss: 1.5788
[Epoch 1] step 4670 loss: 1.4738
[Epoch 1] step 4680 loss: 1.6192
[Epoch 1] step 4690 loss: 1.4765
[Epoch 1] step 4700 loss: 1.3826
[Epoch 1] step 4710 loss: 1.5190
[Epoch 1] step 4720 loss: 1.4680
[Epoch 1] step 4730 loss: 1.1064
[Epoch 1] step 4740 loss: 1.7626
[Epoch 1] step 4750 loss: 2.2810
[Epoch 1] step 4760 loss: 1.2432
[Epoch 1] step 4770 loss: 1.3391
[Epoch 1] step 4780 loss: 1.4656
[Epoch 1] step 4790 loss: 2.1670
[Epoch 1] step 4800 loss: 0.9601
[Epoch 1] step 4810 loss: 0.8736
[Epoch 1] step 4820 loss: 1.2705
[Epoch 1] step 4830 loss: 0.4159
[Epoch 1] step 4840 loss: 2.1443
[Epoch 1] step 4850 loss: 0.8998
[Epoch 1] step 4860 loss: 0.7894
[Epoch 1] step 4870 loss: 1.1988
[Epoch 1] step 4880 loss: 1.1478
[Epoch 1] step 4890 loss: 1.4573
[Epoch 1] step 4900 loss: 0.7953
[Epoch 1] step 4910 loss: 2.0450
[Epoch 1] step 4920 loss: 1.1491
[Epoch 1] step 4930 loss: 0.6104
[Epoch 1] step 4940 loss: 1.1338
[Epoch 1] step 4950 loss: 1.0123
[Epoch 1] step 4960 loss: 1.1653
[Epoch 1] step 4970 loss: 0.7051
[Epoch 1] step 4980 loss: 2.0514
[Epoch 1] step 4990 loss: 1.9389
[Epoch 1] step 5000 loss: 0.9547
[Epoch 1] step 5010 loss: 0.5208
[Epoch 1] step 5020 loss: 1.2839
[Epoch 1] step 5030 loss: 1.2847
[Epoch 1] step 5040 loss: 1.6828
[Epoch 1] step 5050 loss: 1.9068
[Epoch 1] step 5060 loss: 0.4507
[Epoch 1] step 5070 loss: 3.2867
[Epoch 1] step 5080 loss: 1.5045
[Epoch 1] step 5090 loss: 1.1077
[Epoch 1] step 5100 loss: 2.2074
[Epoch 1] step 5110 loss: 1.0208
[Epoch 1] step 5120 loss: 1.1916
[Epoch 1] step 5130 loss: 1.1999
[Epoch 1] step 5140 loss: 1.3069
[Epoch 1] step 5150 loss: 1.3761
[Epoch 1] step 5160 loss: 1.5660
[Epoch 1] step 5170 loss: 1.0351
[Epoch 1] step 5180 loss: 1.3193
[Epoch 1] step 5190 loss: 0.7047
[Epoch 1] step 5200 loss: 1.7440
[Epoch 1] step 5210 loss: 0.4449
[Epoch 1] step 5220 loss: 1.7341
[Epoch 1] step 5230 loss: 0.6034
[Epoch 1] step 5240 loss: 0.7846
[Epoch 1] step 5250 loss: 1.5578
[Epoch 1] step 5260 loss: 0.5240
[Epoch 1] step 5270 loss: 0.8131
[Epoch 1] step 5280 loss: 0.7464
[Epoch 1] step 5290 loss: 1.1633
[Epoch 1] step 5300 loss: 0.8837
[Epoch 1] step 5310 loss: 1.1277
[Epoch 1] step 5320 loss: 0.8530
[Epoch 1] step 5330 loss: 1.1982
[Epoch 1] step 5340 loss: 0.7351
[Epoch 1] step 5350 loss: 1.0784
[Epoch 1] step 5360 loss: 0.9493
[Epoch 1] step 5370 loss: 1.3781
[Epoch 1] step 5380 loss: 1.5696
[Epoch 1] step 5390 loss: 1.4637
[Epoch 1] step 5400 loss: 1.1658
[Epoch 1] step 5410 loss: 0.5983
[Epoch 1] step 5420 loss: 1.0009
[Epoch 1] step 5430 loss: 1.2849
[Epoch 1] step 5440 loss: 1.6061
[Epoch 1] step 5450 loss: 1.2110
[Epoch 1] step 5460 loss: 1.9821
[Epoch 1] step 5470 loss: 0.8018
[Epoch 1] step 5480 loss: 0.5315
[Epoch 1] step 5490 loss: 0.6039
[Epoch 1] step 5500 loss: 2.5837
[Epoch 1] step 5510 loss: 1.7361
[Epoch 1] step 5520 loss: 3.4644
[Epoch 1] step 5530 loss: 1.2627
[Epoch 1] step 5540 loss: 1.0687
[Epoch 1] step 5550 loss: 1.6981
[Epoch 1] step 5560 loss: 0.5936
[Epoch 1] step 5570 loss: 0.9153
[Epoch 1] step 5580 loss: 1.4550
[Epoch 1] step 5590 loss: 1.8664
[Epoch 1] step 5600 loss: 0.9645
[Epoch 1] step 5610 loss: 1.0579
[Epoch 1] step 5620 loss: 1.3050
[Epoch 1] step 5630 loss: 0.8532
[Epoch 1] step 5640 loss: 0.8110
[Epoch 1] step 5650 loss: 0.4307
[Epoch 1] step 5660 loss: 1.0638
[Epoch 1] step 5670 loss: 1.4222
[Epoch 1] step 5680 loss: 0.9841
[Epoch 1] step 5690 loss: 0.9956
[Epoch 1] step 5700 loss: 1.2806
[Epoch 1] step 5710 loss: 0.6685
[Epoch 1] step 5720 loss: 2.4168
[Epoch 1] step 5730 loss: 0.9383
[Epoch 1] step 5740 loss: 1.5252
[Epoch 1] step 5750 loss: 1.2753
[Epoch 1] step 5760 loss: 1.5575
[Epoch 1] step 5770 loss: 0.8560
[Epoch 1] step 5780 loss: 1.1176
[Epoch 1] step 5790 loss: 1.2456
[Epoch 1] step 5800 loss: 1.4576
[Epoch 1] step 5810 loss: 0.7088
[Epoch 1] step 5820 loss: 0.9736
[Epoch 1] step 5830 loss: 1.0972
[Epoch 1] step 5840 loss: 1.1901
[Epoch 1] step 5850 loss: 0.6962
[Epoch 1] step 5860 loss: 1.1814
[Epoch 1] step 5870 loss: 1.1311
[Epoch 1] step 5880 loss: 1.1190
[Epoch 1] step 5890 loss: 0.8956
[Epoch 1] step 5900 loss: 1.0445
[Epoch 1] step 5910 loss: 1.8707
[Epoch 1] step 5920 loss: 1.2022
[Epoch 1] step 5930 loss: 1.8705
[Epoch 1] step 5940 loss: 1.4614
[Epoch 1] step 5950 loss: 2.3570
[Epoch 1] step 5960 loss: 0.9442
[Epoch 1] step 5970 loss: 1.5503
[Epoch 1] step 5980 loss: 0.7452
[Epoch 1] step 5990 loss: 2.0686
[Epoch 1] step 6000 loss: 1.5402
[Epoch 1] step 6010 loss: 1.2083
[Epoch 1] step 6020 loss: 1.3730
[Epoch 1] step 6030 loss: 0.7053
[Epoch 1] step 6040 loss: 0.5879
[Epoch 1] step 6050 loss: 1.6305
[Epoch 1] step 6060 loss: 0.7958
[Epoch 1] step 6070 loss: 1.3229
[Epoch 1] step 6080 loss: 1.4964
[Epoch 1] step 6090 loss: 1.5763
[Epoch 1] step 6100 loss: 0.8235
[Epoch 1] step 6110 loss: 1.5235
[Epoch 1] step 6120 loss: 1.6574
[Epoch 1] step 6130 loss: 1.4953
[Epoch 1] step 6140 loss: 0.8611
[Epoch 1] step 6150 loss: 1.9656
[Epoch 1] step 6160 loss: 1.3671
[Epoch 1] step 6170 loss: 0.9705
[Epoch 1] step 6180 loss: 1.4969
==== Epoch 1 avg loss: 1.9075 ====
[Epoch 2] step 0 loss: 1.1941
[Epoch 2] step 10 loss: 0.9637
[Epoch 2] step 20 loss: 1.6328
[Epoch 2] step 30 loss: 1.9042
[Epoch 2] step 40 loss: 1.4216
[Epoch 2] step 50 loss: 3.1925
[Epoch 2] step 60 loss: 1.3013
[Epoch 2] step 70 loss: 1.0156
[Epoch 2] step 80 loss: 0.8864
[Epoch 2] step 90 loss: 1.1149
[Epoch 2] step 100 loss: 1.4082
[Epoch 2] step 110 loss: 1.4579
[Epoch 2] step 120 loss: 0.7879
[Epoch 2] step 130 loss: 1.1152
[Epoch 2] step 140 loss: 2.0369
[Epoch 2] step 150 loss: 1.1783
[Epoch 2] step 160 loss: 0.9403
[Epoch 2] step 170 loss: 0.9607
[Epoch 2] step 180 loss: 1.5607
[Epoch 2] step 190 loss: 1.1260
[Epoch 2] step 200 loss: 0.6916
[Epoch 2] step 210 loss: 0.9447
[Epoch 2] step 220 loss: 0.7611
[Epoch 2] step 230 loss: 1.1177
[Epoch 2] step 240 loss: 0.8427
[Epoch 2] step 250 loss: 0.9577
[Epoch 2] step 260 loss: 0.8003
[Epoch 2] step 270 loss: 0.8106
[Epoch 2] step 280 loss: 0.8374
[Epoch 2] step 290 loss: 1.5600
[Epoch 2] step 300 loss: 0.7972
[Epoch 2] step 310 loss: 1.7977
[Epoch 2] step 320 loss: 1.8918
[Epoch 2] step 330 loss: 3.0373
[Epoch 2] step 340 loss: 0.9621
[Epoch 2] step 350 loss: 1.3886
[Epoch 2] step 360 loss: 0.6574
[Epoch 2] step 370 loss: 0.7663
[Epoch 2] step 380 loss: 0.8544
[Epoch 2] step 390 loss: 0.9992
[Epoch 2] step 400 loss: 0.9950
[Epoch 2] step 410 loss: 0.7210
[Epoch 2] step 420 loss: 1.6317
[Epoch 2] step 430 loss: 0.5380
[Epoch 2] step 440 loss: 1.4273
[Epoch 2] step 450 loss: 0.6142
[Epoch 2] step 460 loss: 0.4344
[Epoch 2] step 470 loss: 0.6436
[Epoch 2] step 480 loss: 0.8097
[Epoch 2] step 490 loss: 1.2654
[Epoch 2] step 500 loss: 0.3932
[Epoch 2] step 510 loss: 0.6122
[Epoch 2] step 520 loss: 1.1672
[Epoch 2] step 530 loss: 2.8517
[Epoch 2] step 540 loss: 0.5453
[Epoch 2] step 550 loss: 2.2627
[Epoch 2] step 560 loss: 1.1569
[Epoch 2] step 570 loss: 0.7113
[Epoch 2] step 580 loss: 1.1977
[Epoch 2] step 590 loss: 1.2892
[Epoch 2] step 600 loss: 1.6719
[Epoch 2] step 610 loss: 0.9779
[Epoch 2] step 620 loss: 0.5975
[Epoch 2] step 630 loss: 2.1454
[Epoch 2] step 640 loss: 1.3005
[Epoch 2] step 650 loss: 0.5685
[Epoch 2] step 660 loss: 1.1848
[Epoch 2] step 670 loss: 0.7027
[Epoch 2] step 680 loss: 0.4515
[Epoch 2] step 690 loss: 1.2118
[Epoch 2] step 700 loss: 0.9791
[Epoch 2] step 710 loss: 1.0887
[Epoch 2] step 720 loss: 0.3298
[Epoch 2] step 730 loss: 0.8981
[Epoch 2] step 740 loss: 1.3759
[Epoch 2] step 750 loss: 1.6291
[Epoch 2] step 760 loss: 0.5165
[Epoch 2] step 770 loss: 1.3987
[Epoch 2] step 780 loss: 0.9633
[Epoch 2] step 790 loss: 0.4423
[Epoch 2] step 800 loss: 1.2637
[Epoch 2] step 810 loss: 0.2926
[Epoch 2] step 820 loss: 0.7732
[Epoch 2] step 830 loss: 0.9701
[Epoch 2] step 840 loss: 1.5087
[Epoch 2] step 850 loss: 0.9892
[Epoch 2] step 860 loss: 0.8024
[Epoch 2] step 870 loss: 1.6940
[Epoch 2] step 880 loss: 1.4779
[Epoch 2] step 890 loss: 0.7300
[Epoch 2] step 900 loss: 1.4374
[Epoch 2] step 910 loss: 0.5947
[Epoch 2] step 920 loss: 0.8454
[Epoch 2] step 930 loss: 1.1067
[Epoch 2] step 940 loss: 1.9013
[Epoch 2] step 950 loss: 0.8223
[Epoch 2] step 960 loss: 0.6815
[Epoch 2] step 970 loss: 1.7651
[Epoch 2] step 980 loss: 1.0519
[Epoch 2] step 990 loss: 1.8963
[Epoch 2] step 1000 loss: 0.5836
[Epoch 2] step 1010 loss: 1.1272
[Epoch 2] step 1020 loss: 0.9799
[Epoch 2] step 1030 loss: 0.9198
[Epoch 2] step 1040 loss: 0.5714
[Epoch 2] step 1050 loss: 1.8862
[Epoch 2] step 1060 loss: 1.4030
[Epoch 2] step 1070 loss: 0.8724
[Epoch 2] step 1080 loss: 1.5385
[Epoch 2] step 1090 loss: 2.2108
[Epoch 2] step 1100 loss: 0.8199
[Epoch 2] step 1110 loss: 0.3753
[Epoch 2] step 1120 loss: 1.5131
[Epoch 2] step 1130 loss: 1.0833
[Epoch 2] step 1140 loss: 0.8329
[Epoch 2] step 1150 loss: 1.9396
[Epoch 2] step 1160 loss: 1.3917
[Epoch 2] step 1170 loss: 1.4270
[Epoch 2] step 1180 loss: 0.4227
[Epoch 2] step 1190 loss: 1.3208
[Epoch 2] step 1200 loss: 1.4045
[Epoch 2] step 1210 loss: 1.3737
[Epoch 2] step 1220 loss: 0.8301
[Epoch 2] step 1230 loss: 0.9530
[Epoch 2] step 1240 loss: 0.6308
[Epoch 2] step 1250 loss: 0.8670
[Epoch 2] step 1260 loss: 0.6716
[Epoch 2] step 1270 loss: 3.4334
[Epoch 2] step 1280 loss: 2.2975
[Epoch 2] step 1290 loss: 0.9615
[Epoch 2] step 1300 loss: 2.5864
[Epoch 2] step 1310 loss: 1.2237
[Epoch 2] step 1320 loss: 0.3892
[Epoch 2] step 1330 loss: 0.4494
[Epoch 2] step 1340 loss: 3.3367
[Epoch 2] step 1350 loss: 1.0385
[Epoch 2] step 1360 loss: 1.6195
[Epoch 2] step 1370 loss: 0.9353
[Epoch 2] step 1380 loss: 1.5101
[Epoch 2] step 1390 loss: 1.2700
[Epoch 2] step 1400 loss: 0.7407
[Epoch 2] step 1410 loss: 1.0627
[Epoch 2] step 1420 loss: 1.0358
[Epoch 2] step 1430 loss: 0.8671
[Epoch 2] step 1440 loss: 0.1925
[Epoch 2] step 1450 loss: 1.2217
[Epoch 2] step 1460 loss: 0.4185
[Epoch 2] step 1470 loss: 1.1153
[Epoch 2] step 1480 loss: 1.4107
[Epoch 2] step 1490 loss: 1.0934
[Epoch 2] step 1500 loss: 0.8456
[Epoch 2] step 1510 loss: 1.8375
[Epoch 2] step 1520 loss: 0.9162
[Epoch 2] step 1530 loss: 2.1763
[Epoch 2] step 1540 loss: 0.6096
[Epoch 2] step 1550 loss: 2.6409
[Epoch 2] step 1560 loss: 0.7538
[Epoch 2] step 1570 loss: 0.7963
[Epoch 2] step 1580 loss: 0.8190
[Epoch 2] step 1590 loss: 1.0005
[Epoch 2] step 1600 loss: 0.6407
[Epoch 2] step 1610 loss: 1.2148
[Epoch 2] step 1620 loss: 3.9906
[Epoch 2] step 1630 loss: 0.8821
[Epoch 2] step 1640 loss: 0.8185
[Epoch 2] step 1650 loss: 2.6066
[Epoch 2] step 1660 loss: 2.5334
[Epoch 2] step 1670 loss: 0.8394
[Epoch 2] step 1680 loss: 0.8437
[Epoch 2] step 1690 loss: 1.1207
[Epoch 2] step 1700 loss: 1.6420
[Epoch 2] step 1710 loss: 1.3759
[Epoch 2] step 1720 loss: 0.6490
[Epoch 2] step 1730 loss: 0.9036
[Epoch 2] step 1740 loss: 1.0245
[Epoch 2] step 1750 loss: 0.8702
[Epoch 2] step 1760 loss: 1.7283
[Epoch 2] step 1770 loss: 0.9212
[Epoch 2] step 1780 loss: 1.4859
[Epoch 2] step 1790 loss: 0.8045
[Epoch 2] step 1800 loss: 1.4205
[Epoch 2] step 1810 loss: 1.2878
[Epoch 2] step 1820 loss: 0.9026
[Epoch 2] step 1830 loss: 1.4210
[Epoch 2] step 1840 loss: 1.3089
[Epoch 2] step 1850 loss: 0.7147
[Epoch 2] step 1860 loss: 0.5667
[Epoch 2] step 1870 loss: 1.1671
[Epoch 2] step 1880 loss: 1.4572
[Epoch 2] step 1890 loss: 0.7089
[Epoch 2] step 1900 loss: 0.3031
[Epoch 2] step 1910 loss: 1.3974
[Epoch 2] step 1920 loss: 1.4992
[Epoch 2] step 1930 loss: 0.4470
[Epoch 2] step 1940 loss: 0.9379
[Epoch 2] step 1950 loss: 1.2276
[Epoch 2] step 1960 loss: 0.3475
[Epoch 2] step 1970 loss: 0.6153
[Epoch 2] step 1980 loss: 1.0262
[Epoch 2] step 1990 loss: 0.7186
[Epoch 2] step 2000 loss: 1.2727
[Epoch 2] step 2010 loss: 0.8968
[Epoch 2] step 2020 loss: 1.2654
[Epoch 2] step 2030 loss: 2.4394
[Epoch 2] step 2040 loss: 1.0064
[Epoch 2] step 2050 loss: 1.5448
[Epoch 2] step 2060 loss: 0.5823
[Epoch 2] step 2070 loss: 1.1662
[Epoch 2] step 2080 loss: 1.1789
[Epoch 2] step 2090 loss: 1.2289
[Epoch 2] step 2100 loss: 0.9418
[Epoch 2] step 2110 loss: 1.0597
[Epoch 2] step 2120 loss: 0.6870
[Epoch 2] step 2130 loss: 1.2498
[Epoch 2] step 2140 loss: 1.4359
[Epoch 2] step 2150 loss: 0.8567
[Epoch 2] step 2160 loss: 1.4073
[Epoch 2] step 2170 loss: 1.0592
[Epoch 2] step 2180 loss: 1.3861
[Epoch 2] step 2190 loss: 0.3297
[Epoch 2] step 2200 loss: 1.5006
[Epoch 2] step 2210 loss: 2.2892
[Epoch 2] step 2220 loss: 0.9340
[Epoch 2] step 2230 loss: 2.0418
[Epoch 2] step 2240 loss: 1.3608
[Epoch 2] step 2250 loss: 0.7222
[Epoch 2] step 2260 loss: 1.0452
[Epoch 2] step 2270 loss: 1.3968
[Epoch 2] step 2280 loss: 1.2335
[Epoch 2] step 2290 loss: 0.9775
[Epoch 2] step 2300 loss: 1.9353
[Epoch 2] step 2310 loss: 0.6247
[Epoch 2] step 2320 loss: 0.8456
[Epoch 2] step 2330 loss: 0.6317
[Epoch 2] step 2340 loss: 1.2721
[Epoch 2] step 2350 loss: 1.1661
[Epoch 2] step 2360 loss: 0.7641
[Epoch 2] step 2370 loss: 1.8215
[Epoch 2] step 2380 loss: 1.8970
[Epoch 2] step 2390 loss: 0.9808
[Epoch 2] step 2400 loss: 0.9826
[Epoch 2] step 2410 loss: 0.5744
[Epoch 2] step 2420 loss: 0.8188
[Epoch 2] step 2430 loss: 0.8119
[Epoch 2] step 2440 loss: 0.5926
[Epoch 2] step 2450 loss: 0.9679
[Epoch 2] step 2460 loss: 0.8076
[Epoch 2] step 2470 loss: 0.7375
[Epoch 2] step 2480 loss: 0.6678
[Epoch 2] step 2490 loss: 1.9555
[Epoch 2] step 2500 loss: 0.6789
[Epoch 2] step 2510 loss: 0.4638
[Epoch 2] step 2520 loss: 1.3453
[Epoch 2] step 2530 loss: 1.2742
[Epoch 2] step 2540 loss: 1.7614
[Epoch 2] step 2550 loss: 0.9874
[Epoch 2] step 2560 loss: 1.5654
[Epoch 2] step 2570 loss: 0.8852
[Epoch 2] step 2580 loss: 2.2556
[Epoch 2] step 2590 loss: 1.3550
[Epoch 2] step 2600 loss: 0.5746
[Epoch 2] step 2610 loss: 1.0845
[Epoch 2] step 2620 loss: 0.8621
[Epoch 2] step 2630 loss: 0.7322
[Epoch 2] step 2640 loss: 0.8346
[Epoch 2] step 2650 loss: 1.3355
[Epoch 2] step 2660 loss: 1.5502
[Epoch 2] step 2670 loss: 0.9449
[Epoch 2] step 2680 loss: 1.1037
[Epoch 2] step 2690 loss: 0.8926
[Epoch 2] step 2700 loss: 1.4901
[Epoch 2] step 2710 loss: 1.0402
[Epoch 2] step 2720 loss: 1.5741
[Epoch 2] step 2730 loss: 1.3493
[Epoch 2] step 2740 loss: 1.5035
[Epoch 2] step 2750 loss: 1.4116
[Epoch 2] step 2760 loss: 0.8932
[Epoch 2] step 2770 loss: 0.4736
[Epoch 2] step 2780 loss: 0.6235
[Epoch 2] step 2790 loss: 1.5263
[Epoch 2] step 2800 loss: 1.0311
[Epoch 2] step 2810 loss: 1.0591
[Epoch 2] step 2820 loss: 1.5655
[Epoch 2] step 2830 loss: 1.2815
[Epoch 2] step 2840 loss: 0.9817
[Epoch 2] step 2850 loss: 0.6315
[Epoch 2] step 2860 loss: 1.2889
[Epoch 2] step 2870 loss: 1.6958
[Epoch 2] step 2880 loss: 1.5182
[Epoch 2] step 2890 loss: 2.4764
[Epoch 2] step 2900 loss: 1.2571
[Epoch 2] step 2910 loss: 1.4539
[Epoch 2] step 2920 loss: 3.0516
[Epoch 2] step 2930 loss: 0.9176
[Epoch 2] step 2940 loss: 0.9103
[Epoch 2] step 2950 loss: 0.8949
[Epoch 2] step 2960 loss: 0.5531
[Epoch 2] step 2970 loss: 0.8986
[Epoch 2] step 2980 loss: 0.8792
[Epoch 2] step 2990 loss: 1.7289
[Epoch 2] step 3000 loss: 1.0303
[Epoch 2] step 3010 loss: 1.1801
[Epoch 2] step 3020 loss: 0.5408
[Epoch 2] step 3030 loss: 1.3940
[Epoch 2] step 3040 loss: 0.7338
[Epoch 2] step 3050 loss: 0.6881
[Epoch 2] step 3060 loss: 0.7615
[Epoch 2] step 3070 loss: 2.1217
[Epoch 2] step 3080 loss: 1.3361
[Epoch 2] step 3090 loss: 1.5642
[Epoch 2] step 3100 loss: 0.8939
[Epoch 2] step 3110 loss: 0.7997
[Epoch 2] step 3120 loss: 0.7504
[Epoch 2] step 3130 loss: 0.8554
[Epoch 2] step 3140 loss: 0.8301
[Epoch 2] step 3150 loss: 0.6742
[Epoch 2] step 3160 loss: 1.2723
[Epoch 2] step 3170 loss: 0.8552
[Epoch 2] step 3180 loss: 1.7796
[Epoch 2] step 3190 loss: 0.9088
[Epoch 2] step 3200 loss: 0.6858
[Epoch 2] step 3210 loss: 1.0322
[Epoch 2] step 3220 loss: 0.8161
[Epoch 2] step 3230 loss: 0.9514
[Epoch 2] step 3240 loss: 0.9342
[Epoch 2] step 3250 loss: 1.2483
[Epoch 2] step 3260 loss: 0.8591
[Epoch 2] step 3270 loss: 1.1401
[Epoch 2] step 3280 loss: 0.5312
[Epoch 2] step 3290 loss: 0.7550
[Epoch 2] step 3300 loss: 0.9052
[Epoch 2] step 3310 loss: 1.9204
[Epoch 2] step 3320 loss: 1.7298
[Epoch 2] step 3330 loss: 0.7413
[Epoch 2] step 3340 loss: 0.7982
[Epoch 2] step 3350 loss: 0.8913
[Epoch 2] step 3360 loss: 1.4366
[Epoch 2] step 3370 loss: 1.1143
[Epoch 2] step 3380 loss: 0.7333
[Epoch 2] step 3390 loss: 1.2212
[Epoch 2] step 3400 loss: 0.7389
[Epoch 2] step 3410 loss: 0.7297
[Epoch 2] step 3420 loss: 1.0643
[Epoch 2] step 3430 loss: 0.4028
[Epoch 2] step 3440 loss: 0.9184
[Epoch 2] step 3450 loss: 1.7313
[Epoch 2] step 3460 loss: 1.1408
[Epoch 2] step 3470 loss: 1.2934
[Epoch 2] step 3480 loss: 1.2241
[Epoch 2] step 3490 loss: 0.4321
[Epoch 2] step 3500 loss: 0.8249
[Epoch 2] step 3510 loss: 1.3686
[Epoch 2] step 3520 loss: 1.1738
[Epoch 2] step 3530 loss: 1.8719
[Epoch 2] step 3540 loss: 1.8957
[Epoch 2] step 3550 loss: 1.2319
[Epoch 2] step 3560 loss: 1.2996
[Epoch 2] step 3570 loss: 0.8983
[Epoch 2] step 3580 loss: 0.9518
[Epoch 2] step 3590 loss: 1.4554
[Epoch 2] step 3600 loss: 0.5713
[Epoch 2] step 3610 loss: 1.8284
[Epoch 2] step 3620 loss: 1.0252
[Epoch 2] step 3630 loss: 2.4148
[Epoch 2] step 3640 loss: 0.5054
[Epoch 2] step 3650 loss: 2.5671
[Epoch 2] step 3660 loss: 1.4777
[Epoch 2] step 3670 loss: 1.2684
[Epoch 2] step 3680 loss: 1.1822
[Epoch 2] step 3690 loss: 1.1684
[Epoch 2] step 3700 loss: 1.3467
[Epoch 2] step 3710 loss: 1.5691
[Epoch 2] step 3720 loss: 1.3077
[Epoch 2] step 3730 loss: 0.7872
[Epoch 2] step 3740 loss: 1.7642
[Epoch 2] step 3750 loss: 0.9054
[Epoch 2] step 3760 loss: 0.8159
[Epoch 2] step 3770 loss: 0.7358
[Epoch 2] step 3780 loss: 0.8951
[Epoch 2] step 3790 loss: 0.8811
[Epoch 2] step 3800 loss: 1.3891
[Epoch 2] step 3810 loss: 1.7003
[Epoch 2] step 3820 loss: 0.7208
[Epoch 2] step 3830 loss: 2.3471
[Epoch 2] step 3840 loss: 0.2590
[Epoch 2] step 3850 loss: 1.1812
[Epoch 2] step 3860 loss: 0.8103
[Epoch 2] step 3870 loss: 1.1523
[Epoch 2] step 3880 loss: 1.7964
[Epoch 2] step 3890 loss: 1.6940
[Epoch 2] step 3900 loss: 0.5941
[Epoch 2] step 3910 loss: 0.9064
[Epoch 2] step 3920 loss: 0.8169
[Epoch 2] step 3930 loss: 0.7396
[Epoch 2] step 3940 loss: 1.0587
[Epoch 2] step 3950 loss: 1.6258
[Epoch 2] step 3960 loss: 1.5640
[Epoch 2] step 3970 loss: 1.0418
[Epoch 2] step 3980 loss: 1.2611
[Epoch 2] step 3990 loss: 0.6570
[Epoch 2] step 4000 loss: 0.6994
[Epoch 2] step 4010 loss: 0.4622
[Epoch 2] step 4020 loss: 1.3444
[Epoch 2] step 4030 loss: 0.6926
[Epoch 2] step 4040 loss: 0.7687
[Epoch 2] step 4050 loss: 1.0407
[Epoch 2] step 4060 loss: 1.5969
[Epoch 2] step 4070 loss: 1.5735
[Epoch 2] step 4080 loss: 1.0089
[Epoch 2] step 4090 loss: 1.4799
[Epoch 2] step 4100 loss: 0.3920
[Epoch 2] step 4110 loss: 0.6792
[Epoch 2] step 4120 loss: 1.1467
[Epoch 2] step 4130 loss: 0.6539
[Epoch 2] step 4140 loss: 2.0945
[Epoch 2] step 4150 loss: 0.9823
[Epoch 2] step 4160 loss: 0.7141
[Epoch 2] step 4170 loss: 0.4326
[Epoch 2] step 4180 loss: 1.1663
[Epoch 2] step 4190 loss: 0.6312
[Epoch 2] step 4200 loss: 1.6311
[Epoch 2] step 4210 loss: 0.9294
[Epoch 2] step 4220 loss: 0.6169
[Epoch 2] step 4230 loss: 1.0428
[Epoch 2] step 4240 loss: 1.4427
[Epoch 2] step 4250 loss: 0.7142
[Epoch 2] step 4260 loss: 1.1948
[Epoch 2] step 4270 loss: 1.4706
[Epoch 2] step 4280 loss: 0.6501
[Epoch 2] step 4290 loss: 1.0787
[Epoch 2] step 4300 loss: 1.1646
[Epoch 2] step 4310 loss: 0.7210
[Epoch 2] step 4320 loss: 2.4764
[Epoch 2] step 4330 loss: 1.1919
[Epoch 2] step 4340 loss: 0.4593
[Epoch 2] step 4350 loss: 1.7337
[Epoch 2] step 4360 loss: 0.8335
[Epoch 2] step 4370 loss: 1.0609
[Epoch 2] step 4380 loss: 1.1662
[Epoch 2] step 4390 loss: 0.8318
[Epoch 2] step 4400 loss: 1.1547
[Epoch 2] step 4410 loss: 1.2173
[Epoch 2] step 4420 loss: 1.0272
[Epoch 2] step 4430 loss: 0.7935
[Epoch 2] step 4440 loss: 1.0351
[Epoch 2] step 4450 loss: 0.3868
[Epoch 2] step 4460 loss: 1.0622
[Epoch 2] step 4470 loss: 0.8868
[Epoch 2] step 4480 loss: 0.8182
[Epoch 2] step 4490 loss: 0.8659
[Epoch 2] step 4500 loss: 0.2728
[Epoch 2] step 4510 loss: 0.7106
[Epoch 2] step 4520 loss: 0.7879
[Epoch 2] step 4530 loss: 1.1999
[Epoch 2] step 4540 loss: 0.3361
[Epoch 2] step 4550 loss: 1.1784
[Epoch 2] step 4560 loss: 0.8372
[Epoch 2] step 4570 loss: 1.4508
[Epoch 2] step 4580 loss: 0.5683
[Epoch 2] step 4590 loss: 1.0977
[Epoch 2] step 4600 loss: 1.7532
[Epoch 2] step 4610 loss: 0.7856
[Epoch 2] step 4620 loss: 0.4765
[Epoch 2] step 4630 loss: 0.7778
[Epoch 2] step 4640 loss: 1.3074
[Epoch 2] step 4650 loss: 0.6946
[Epoch 2] step 4660 loss: 0.9709
[Epoch 2] step 4670 loss: 0.4365
[Epoch 2] step 4680 loss: 1.0887
[Epoch 2] step 4690 loss: 0.8027
[Epoch 2] step 4700 loss: 1.4453
[Epoch 2] step 4710 loss: 0.8450
[Epoch 2] step 4720 loss: 1.4789
[Epoch 2] step 4730 loss: 0.2273
[Epoch 2] step 4740 loss: 1.2269
[Epoch 2] step 4750 loss: 0.5850
[Epoch 2] step 4760 loss: 1.2764
[Epoch 2] step 4770 loss: 1.3738
[Epoch 2] step 4780 loss: 1.3001
[Epoch 2] step 4790 loss: 0.4710
[Epoch 2] step 4800 loss: 1.0792
[Epoch 2] step 4810 loss: 0.5458
[Epoch 2] step 4820 loss: 0.4790
[Epoch 2] step 4830 loss: 0.7278
[Epoch 2] step 4840 loss: 0.6630
[Epoch 2] step 4850 loss: 0.7379
[Epoch 2] step 4860 loss: 0.9708
[Epoch 2] step 4870 loss: 1.0518
[Epoch 2] step 4880 loss: 2.6320
[Epoch 2] step 4890 loss: 1.2774
[Epoch 2] step 4900 loss: 0.9312
[Epoch 2] step 4910 loss: 0.7755
[Epoch 2] step 4920 loss: 2.2952
[Epoch 2] step 4930 loss: 0.5858
[Epoch 2] step 4940 loss: 0.5652
[Epoch 2] step 4950 loss: 0.6241
[Epoch 2] step 4960 loss: 1.0524
[Epoch 2] step 4970 loss: 1.1771
[Epoch 2] step 4980 loss: 0.9804
[Epoch 2] step 4990 loss: 0.9477
[Epoch 2] step 5000 loss: 2.7370
[Epoch 2] step 5010 loss: 0.7704
[Epoch 2] step 5020 loss: 1.4901
[Epoch 2] step 5030 loss: 0.7745
[Epoch 2] step 5040 loss: 0.8829
[Epoch 2] step 5050 loss: 1.4731
[Epoch 2] step 5060 loss: 1.1681
[Epoch 2] step 5070 loss: 2.0075
[Epoch 2] step 5080 loss: 1.6841
[Epoch 2] step 5090 loss: 0.5188
[Epoch 2] step 5100 loss: 0.7068
[Epoch 2] step 5110 loss: 0.3967
[Epoch 2] step 5120 loss: 1.5841
[Epoch 2] step 5130 loss: 0.6712
[Epoch 2] step 5140 loss: 0.7841
[Epoch 2] step 5150 loss: 1.9796
[Epoch 2] step 5160 loss: 0.8713
[Epoch 2] step 5170 loss: 1.1692
[Epoch 2] step 5180 loss: 0.5327
[Epoch 2] step 5190 loss: 1.2787
[Epoch 2] step 5200 loss: 1.7976
[Epoch 2] step 5210 loss: 0.8514
[Epoch 2] step 5220 loss: 1.1902
[Epoch 2] step 5230 loss: 1.4089
[Epoch 2] step 5240 loss: 0.8297
[Epoch 2] step 5250 loss: 0.4432
[Epoch 2] step 5260 loss: 1.6714
[Epoch 2] step 5270 loss: 0.8326
[Epoch 2] step 5280 loss: 1.0374
[Epoch 2] step 5290 loss: 1.3926
[Epoch 2] step 5300 loss: 0.6775
[Epoch 2] step 5310 loss: 1.0716
[Epoch 2] step 5320 loss: 1.1074
[Epoch 2] step 5330 loss: 0.9994
[Epoch 2] step 5340 loss: 0.8629
[Epoch 2] step 5350 loss: 0.4260
[Epoch 2] step 5360 loss: 2.0600
[Epoch 2] step 5370 loss: 0.6570
[Epoch 2] step 5380 loss: 1.1573
[Epoch 2] step 5390 loss: 0.7810
[Epoch 2] step 5400 loss: 0.6697
[Epoch 2] step 5410 loss: 0.5018
[Epoch 2] step 5420 loss: 0.9976
[Epoch 2] step 5430 loss: 0.7069
[Epoch 2] step 5440 loss: 1.2639
[Epoch 2] step 5450 loss: 1.5314
[Epoch 2] step 5460 loss: 0.3187
[Epoch 2] step 5470 loss: 1.4713
[Epoch 2] step 5480 loss: 0.6830
[Epoch 2] step 5490 loss: 0.9763
[Epoch 2] step 5500 loss: 1.3941
[Epoch 2] step 5510 loss: 1.3018
[Epoch 2] step 5520 loss: 0.7562
[Epoch 2] step 5530 loss: 0.9665
[Epoch 2] step 5540 loss: 1.6500
[Epoch 2] step 5550 loss: 1.2495
[Epoch 2] step 5560 loss: 0.7007
[Epoch 2] step 5570 loss: 0.6773
[Epoch 2] step 5580 loss: 1.0464
[Epoch 2] step 5590 loss: 0.8817
[Epoch 2] step 5600 loss: 0.4805
[Epoch 2] step 5610 loss: 0.7900
[Epoch 2] step 5620 loss: 1.0550
[Epoch 2] step 5630 loss: 1.0525
[Epoch 2] step 5640 loss: 1.0761
[Epoch 2] step 5650 loss: 0.3774
[Epoch 2] step 5660 loss: 0.8280
[Epoch 2] step 5670 loss: 1.8363
[Epoch 2] step 5680 loss: 0.7211
[Epoch 2] step 5690 loss: 1.1555
[Epoch 2] step 5700 loss: 1.3277
[Epoch 2] step 5710 loss: 0.6022
[Epoch 2] step 5720 loss: 0.3947
[Epoch 2] step 5730 loss: 0.6734
[Epoch 2] step 5740 loss: 0.5042
[Epoch 2] step 5750 loss: 2.1599
[Epoch 2] step 5760 loss: 1.1254
[Epoch 2] step 5770 loss: 1.2990
[Epoch 2] step 5780 loss: 0.6915
[Epoch 2] step 5790 loss: 0.3879
[Epoch 2] step 5800 loss: 0.7608
[Epoch 2] step 5810 loss: 2.4805
[Epoch 2] step 5820 loss: 0.8367
[Epoch 2] step 5830 loss: 2.5782
[Epoch 2] step 5840 loss: 1.0206
[Epoch 2] step 5850 loss: 1.3307
[Epoch 2] step 5860 loss: 0.7918
[Epoch 2] step 5870 loss: 1.1572
[Epoch 2] step 5880 loss: 1.0518
[Epoch 2] step 5890 loss: 0.4124
[Epoch 2] step 5900 loss: 0.8553
[Epoch 2] step 5910 loss: 0.8505
[Epoch 2] step 5920 loss: 0.7308
[Epoch 2] step 5930 loss: 1.6339
[Epoch 2] step 5940 loss: 0.5334
[Epoch 2] step 5950 loss: 0.6136
[Epoch 2] step 5960 loss: 0.4752
[Epoch 2] step 5970 loss: 1.0778
[Epoch 2] step 5980 loss: 0.6441
[Epoch 2] step 5990 loss: 0.6161
[Epoch 2] step 6000 loss: 0.5715
[Epoch 2] step 6010 loss: 0.8167
[Epoch 2] step 6020 loss: 1.1511
[Epoch 2] step 6030 loss: 1.3220
[Epoch 2] step 6040 loss: 0.8591
[Epoch 2] step 6050 loss: 1.1619
[Epoch 2] step 6060 loss: 0.9473
[Epoch 2] step 6070 loss: 1.0437
[Epoch 2] step 6080 loss: 1.0578
[Epoch 2] step 6090 loss: 1.2944
[Epoch 2] step 6100 loss: 0.8627
[Epoch 2] step 6110 loss: 0.6473
[Epoch 2] step 6120 loss: 0.9536
[Epoch 2] step 6130 loss: 0.6252
[Epoch 2] step 6140 loss: 0.6873
[Epoch 2] step 6150 loss: 0.6304
[Epoch 2] step 6160 loss: 1.1715
[Epoch 2] step 6170 loss: 0.8450
[Epoch 2] step 6180 loss: 0.5122
==== Epoch 2 avg loss: 1.1216 ====
[Epoch 3] step 0 loss: 1.3422
[Epoch 3] step 10 loss: 0.7294
[Epoch 3] step 20 loss: 0.4872
[Epoch 3] step 30 loss: 0.5207
[Epoch 3] step 40 loss: 1.3425
[Epoch 3] step 50 loss: 1.3971
[Epoch 3] step 60 loss: 1.3520
[Epoch 3] step 70 loss: 2.0259
[Epoch 3] step 80 loss: 0.3123
[Epoch 3] step 90 loss: 0.6803
[Epoch 3] step 100 loss: 0.8168
[Epoch 3] step 110 loss: 0.4571
[Epoch 3] step 120 loss: 1.1126
[Epoch 3] step 130 loss: 0.6345
[Epoch 3] step 140 loss: 0.6954
[Epoch 3] step 150 loss: 0.5731
[Epoch 3] step 160 loss: 1.0905
[Epoch 3] step 170 loss: 1.2913
[Epoch 3] step 180 loss: 0.4203
[Epoch 3] step 190 loss: 1.2263
[Epoch 3] step 200 loss: 0.9448
[Epoch 3] step 210 loss: 1.3536
[Epoch 3] step 220 loss: 0.6628
[Epoch 3] step 230 loss: 0.1686
[Epoch 3] step 240 loss: 0.5096
[Epoch 3] step 250 loss: 1.1157
[Epoch 3] step 260 loss: 0.8979
[Epoch 3] step 270 loss: 0.3289
[Epoch 3] step 280 loss: 1.8804
[Epoch 3] step 290 loss: 1.9569
[Epoch 3] step 300 loss: 0.3944
[Epoch 3] step 310 loss: 0.8370
[Epoch 3] step 320 loss: 0.8816
[Epoch 3] step 330 loss: 1.2360
[Epoch 3] step 340 loss: 0.8056
[Epoch 3] step 350 loss: 1.5170
[Epoch 3] step 360 loss: 1.1221
[Epoch 3] step 370 loss: 0.6115
[Epoch 3] step 380 loss: 1.1161
[Epoch 3] step 390 loss: 1.4031
[Epoch 3] step 400 loss: 0.4748
[Epoch 3] step 410 loss: 0.8997
[Epoch 3] step 420 loss: 0.9512
[Epoch 3] step 430 loss: 0.4902
[Epoch 3] step 440 loss: 0.8388
[Epoch 3] step 450 loss: 0.5556
[Epoch 3] step 460 loss: 1.5129
[Epoch 3] step 470 loss: 0.6270
[Epoch 3] step 480 loss: 1.2546
[Epoch 3] step 490 loss: 0.2370
[Epoch 3] step 500 loss: 0.3974
[Epoch 3] step 510 loss: 0.6494
[Epoch 3] step 520 loss: 0.5942
[Epoch 3] step 530 loss: 0.8270
[Epoch 3] step 540 loss: 0.3704
[Epoch 3] step 550 loss: 0.6714
[Epoch 3] step 560 loss: 0.4252
[Epoch 3] step 570 loss: 1.2983
[Epoch 3] step 580 loss: 0.3038
[Epoch 3] step 590 loss: 0.8959
[Epoch 3] step 600 loss: 0.6254
[Epoch 3] step 610 loss: 0.5044
[Epoch 3] step 620 loss: 0.3338
[Epoch 3] step 630 loss: 0.7190
[Epoch 3] step 640 loss: 0.4427
[Epoch 3] step 650 loss: 0.5912
[Epoch 3] step 660 loss: 0.7135
[Epoch 3] step 670 loss: 1.0536
[Epoch 3] step 680 loss: 0.5876
[Epoch 3] step 690 loss: 0.8317
[Epoch 3] step 700 loss: 1.3523
[Epoch 3] step 710 loss: 0.4473
[Epoch 3] step 720 loss: 0.7252
[Epoch 3] step 730 loss: 0.6063
[Epoch 3] step 740 loss: 2.3821
[Epoch 3] step 750 loss: 0.7258
[Epoch 3] step 760 loss: 0.5340
[Epoch 3] step 770 loss: 0.7651
[Epoch 3] step 780 loss: 1.2143
[Epoch 3] step 790 loss: 0.7708
[Epoch 3] step 800 loss: 0.8027
[Epoch 3] step 810 loss: 1.0540
[Epoch 3] step 820 loss: 0.7485
[Epoch 3] step 830 loss: 0.7391
[Epoch 3] step 840 loss: 0.9127
[Epoch 3] step 850 loss: 0.8342
[Epoch 3] step 860 loss: 0.4051
[Epoch 3] step 870 loss: 1.3980
[Epoch 3] step 880 loss: 0.6954
[Epoch 3] step 890 loss: 0.3702
[Epoch 3] step 900 loss: 2.4783
[Epoch 3] step 910 loss: 0.3842
[Epoch 3] step 920 loss: 0.3689
[Epoch 3] step 930 loss: 0.3889
[Epoch 3] step 940 loss: 0.5556
[Epoch 3] step 950 loss: 0.6350
[Epoch 3] step 960 loss: 0.4945
[Epoch 3] step 970 loss: 0.6298
[Epoch 3] step 980 loss: 1.2783
[Epoch 3] step 990 loss: 0.6516
[Epoch 3] step 1000 loss: 1.1098
[Epoch 3] step 1010 loss: 0.8336
[Epoch 3] step 1020 loss: 0.6363
[Epoch 3] step 1030 loss: 0.8741
[Epoch 3] step 1040 loss: 0.7500
[Epoch 3] step 1050 loss: 0.6660
[Epoch 3] step 1060 loss: 0.9107
[Epoch 3] step 1070 loss: 0.6557
[Epoch 3] step 1080 loss: 0.6258
[Epoch 3] step 1090 loss: 0.3895
[Epoch 3] step 1100 loss: 0.2502
[Epoch 3] step 1110 loss: 0.5198
[Epoch 3] step 1120 loss: 1.2545
[Epoch 3] step 1130 loss: 0.4743
[Epoch 3] step 1140 loss: 1.3647
[Epoch 3] step 1150 loss: 1.2167
[Epoch 3] step 1160 loss: 1.7477
[Epoch 3] step 1170 loss: 1.4549
[Epoch 3] step 1180 loss: 0.3680
[Epoch 3] step 1190 loss: 0.7111
[Epoch 3] step 1200 loss: 0.8266
[Epoch 3] step 1210 loss: 0.5364
[Epoch 3] step 1220 loss: 0.6119
[Epoch 3] step 1230 loss: 0.8644
[Epoch 3] step 1240 loss: 0.6404
[Epoch 3] step 1250 loss: 0.8878
[Epoch 3] step 1260 loss: 0.6628
[Epoch 3] step 1270 loss: 1.0168
[Epoch 3] step 1280 loss: 0.5475
[Epoch 3] step 1290 loss: 0.9944
[Epoch 3] step 1300 loss: 0.9364
[Epoch 3] step 1310 loss: 0.8845
[Epoch 3] step 1320 loss: 0.4303
[Epoch 3] step 1330 loss: 0.3719
[Epoch 3] step 1340 loss: 1.0698
[Epoch 3] step 1350 loss: 0.9376
[Epoch 3] step 1360 loss: 1.0715
[Epoch 3] step 1370 loss: 1.0110
[Epoch 3] step 1380 loss: 1.3180
[Epoch 3] step 1390 loss: 1.8693
[Epoch 3] step 1400 loss: 2.7585
[Epoch 3] step 1410 loss: 0.8957
[Epoch 3] step 1420 loss: 1.2106
[Epoch 3] step 1430 loss: 1.0806
[Epoch 3] step 1440 loss: 0.7174
[Epoch 3] step 1450 loss: 1.6885
[Epoch 3] step 1460 loss: 0.8120
[Epoch 3] step 1470 loss: 0.7118
[Epoch 3] step 1480 loss: 1.9443
[Epoch 3] step 1490 loss: 1.4583
[Epoch 3] step 1500 loss: 1.5748
[Epoch 3] step 1510 loss: 1.0224
[Epoch 3] step 1520 loss: 0.5081
[Epoch 3] step 1530 loss: 1.0007
[Epoch 3] step 1540 loss: 1.1127
[Epoch 3] step 1550 loss: 0.6580
[Epoch 3] step 1560 loss: 0.6825
[Epoch 3] step 1570 loss: 0.9291
[Epoch 3] step 1580 loss: 0.8747
[Epoch 3] step 1590 loss: 1.0593
[Epoch 3] step 1600 loss: 2.9860
[Epoch 3] step 1610 loss: 0.5622
[Epoch 3] step 1620 loss: 4.3990
[Epoch 3] step 1630 loss: 0.2762
[Epoch 3] step 1640 loss: 1.5922
[Epoch 3] step 1650 loss: 1.3311
[Epoch 3] step 1660 loss: 1.1253
[Epoch 3] step 1670 loss: 1.3225
[Epoch 3] step 1680 loss: 0.3078
[Epoch 3] step 1690 loss: 0.3223
[Epoch 3] step 1700 loss: 0.7973
[Epoch 3] step 1710 loss: 1.2406
[Epoch 3] step 1720 loss: 0.4766
[Epoch 3] step 1730 loss: 0.9918
[Epoch 3] step 1740 loss: 2.3225
[Epoch 3] step 1750 loss: 1.0756
[Epoch 3] step 1760 loss: 0.5644
[Epoch 3] step 1770 loss: 0.9517
[Epoch 3] step 1780 loss: 2.4611
[Epoch 3] step 1790 loss: 1.0093
[Epoch 3] step 1800 loss: 1.6014
[Epoch 3] step 1810 loss: 0.8924
[Epoch 3] step 1820 loss: 0.6214
[Epoch 3] step 1830 loss: 0.2653
[Epoch 3] step 1840 loss: 0.5709
[Epoch 3] step 1850 loss: 1.6608
[Epoch 3] step 1860 loss: 0.6064
[Epoch 3] step 1870 loss: 1.0105
[Epoch 3] step 1880 loss: 1.1156
[Epoch 3] step 1890 loss: 2.6404
[Epoch 3] step 1900 loss: 0.8911
[Epoch 3] step 1910 loss: 0.7673
[Epoch 3] step 1920 loss: 0.7914
[Epoch 3] step 1930 loss: 0.1130
[Epoch 3] step 1940 loss: 0.6011
[Epoch 3] step 1950 loss: 0.9510
[Epoch 3] step 1960 loss: 0.7654
[Epoch 3] step 1970 loss: 0.4701
[Epoch 3] step 1980 loss: 1.0344
[Epoch 3] step 1990 loss: 0.7846
[Epoch 3] step 2000 loss: 1.4819
[Epoch 3] step 2010 loss: 0.5270
[Epoch 3] step 2020 loss: 1.3198
[Epoch 3] step 2030 loss: 0.7788
[Epoch 3] step 2040 loss: 1.0272
[Epoch 3] step 2050 loss: 0.6305
[Epoch 3] step 2060 loss: 0.8213
[Epoch 3] step 2070 loss: 1.0108
[Epoch 3] step 2080 loss: 1.4386
[Epoch 3] step 2090 loss: 0.7513
[Epoch 3] step 2100 loss: 1.1468
[Epoch 3] step 2110 loss: 0.7100
[Epoch 3] step 2120 loss: 0.3348
[Epoch 3] step 2130 loss: 0.4563
[Epoch 3] step 2140 loss: 0.5346
[Epoch 3] step 2150 loss: 2.3506
[Epoch 3] step 2160 loss: 1.1290
[Epoch 3] step 2170 loss: 1.1822
[Epoch 3] step 2180 loss: 0.9323
[Epoch 3] step 2190 loss: 0.4459
[Epoch 3] step 2200 loss: 0.9322
[Epoch 3] step 2210 loss: 0.9086
[Epoch 3] step 2220 loss: 1.3112
[Epoch 3] step 2230 loss: 0.4724
[Epoch 3] step 2240 loss: 0.8814
[Epoch 3] step 2250 loss: 1.8080
[Epoch 3] step 2260 loss: 0.1497
[Epoch 3] step 2270 loss: 1.3004
[Epoch 3] step 2280 loss: 0.9357
[Epoch 3] step 2290 loss: 0.5937
[Epoch 3] step 2300 loss: 0.6920
[Epoch 3] step 2310 loss: 1.1587
[Epoch 3] step 2320 loss: 0.9422
[Epoch 3] step 2330 loss: 1.4771
[Epoch 3] step 2340 loss: 0.5378
[Epoch 3] step 2350 loss: 0.9922
[Epoch 3] step 2360 loss: 0.9496
[Epoch 3] step 2370 loss: 0.6375
[Epoch 3] step 2380 loss: 0.5430
[Epoch 3] step 2390 loss: 0.7310
[Epoch 3] step 2400 loss: 0.5339
[Epoch 3] step 2410 loss: 0.9855
[Epoch 3] step 2420 loss: 1.3613
[Epoch 3] step 2430 loss: 0.3885
[Epoch 3] step 2440 loss: 1.0586
[Epoch 3] step 2450 loss: 1.4682
[Epoch 3] step 2460 loss: 1.0104
[Epoch 3] step 2470 loss: 0.8749
[Epoch 3] step 2480 loss: 1.8880
[Epoch 3] step 2490 loss: 0.6788
[Epoch 3] step 2500 loss: 1.2008
[Epoch 3] step 2510 loss: 0.9648
[Epoch 3] step 2520 loss: 0.4328
[Epoch 3] step 2530 loss: 2.1155
[Epoch 3] step 2540 loss: 1.0154
[Epoch 3] step 2550 loss: 2.2692
[Epoch 3] step 2560 loss: 1.9875
[Epoch 3] step 2570 loss: 0.8979
[Epoch 3] step 2580 loss: 1.0314
[Epoch 3] step 2590 loss: 0.5729
[Epoch 3] step 2600 loss: 0.0900
[Epoch 3] step 2610 loss: 1.3709
[Epoch 3] step 2620 loss: 1.8457
[Epoch 3] step 2630 loss: 1.0172
[Epoch 3] step 2640 loss: 0.6184
[Epoch 3] step 2650 loss: 0.7684
[Epoch 3] step 2660 loss: 1.0026
[Epoch 3] step 2670 loss: 1.2967
[Epoch 3] step 2680 loss: 0.6301
[Epoch 3] step 2690 loss: 0.7786
[Epoch 3] step 2700 loss: 0.9049
[Epoch 3] step 2710 loss: 0.8198
[Epoch 3] step 2720 loss: 0.6281
[Epoch 3] step 2730 loss: 1.2739
[Epoch 3] step 2740 loss: 1.2174
[Epoch 3] step 2750 loss: 0.7364
[Epoch 3] step 2760 loss: 0.8452
[Epoch 3] step 2770 loss: 0.4587
[Epoch 3] step 2780 loss: 0.6645
[Epoch 3] step 2790 loss: 1.8721
[Epoch 3] step 2800 loss: 0.6800
[Epoch 3] step 2810 loss: 0.9414
[Epoch 3] step 2820 loss: 0.3062
[Epoch 3] step 2830 loss: 0.1775
[Epoch 3] step 2840 loss: 0.3507
[Epoch 3] step 2850 loss: 1.2513
[Epoch 3] step 2860 loss: 0.7586
[Epoch 3] step 2870 loss: 0.3971
[Epoch 3] step 2880 loss: 1.4867
[Epoch 3] step 2890 loss: 0.7220
[Epoch 3] step 2900 loss: 1.1032
[Epoch 3] step 2910 loss: 1.9850
[Epoch 3] step 2920 loss: 0.4156
[Epoch 3] step 2930 loss: 0.8530
[Epoch 3] step 2940 loss: 0.9769
[Epoch 3] step 2950 loss: 0.1290
[Epoch 3] step 2960 loss: 0.6198
[Epoch 3] step 2970 loss: 0.5349
[Epoch 3] step 2980 loss: 0.4366
[Epoch 3] step 2990 loss: 0.8814
[Epoch 3] step 3000 loss: 0.4768
[Epoch 3] step 3010 loss: 1.3328
[Epoch 3] step 3020 loss: 0.3406
[Epoch 3] step 3030 loss: 0.7402
[Epoch 3] step 3040 loss: 2.0157
[Epoch 3] step 3050 loss: 0.5648
[Epoch 3] step 3060 loss: 0.8776
[Epoch 3] step 3070 loss: 0.3282
[Epoch 3] step 3080 loss: 1.4614
[Epoch 3] step 3090 loss: 0.3502
[Epoch 3] step 3100 loss: 1.0201
[Epoch 3] step 3110 loss: 0.5426
[Epoch 3] step 3120 loss: 1.0805
[Epoch 3] step 3130 loss: 0.7871
[Epoch 3] step 3140 loss: 0.7842
[Epoch 3] step 3150 loss: 0.8543
[Epoch 3] step 3160 loss: 0.9408
[Epoch 3] step 3170 loss: 1.2294
[Epoch 3] step 3180 loss: 1.1336
[Epoch 3] step 3190 loss: 0.6572
[Epoch 3] step 3200 loss: 0.8967
[Epoch 3] step 3210 loss: 1.2123
[Epoch 3] step 3220 loss: 0.9293
[Epoch 3] step 3230 loss: 0.8929
[Epoch 3] step 3240 loss: 0.8890
[Epoch 3] step 3250 loss: 0.9794
[Epoch 3] step 3260 loss: 0.2343
[Epoch 3] step 3270 loss: 1.5400
[Epoch 3] step 3280 loss: 0.6732
[Epoch 3] step 3290 loss: 0.3068
[Epoch 3] step 3300 loss: 0.4273
[Epoch 3] step 3310 loss: 0.6963
[Epoch 3] step 3320 loss: 0.4927
[Epoch 3] step 3330 loss: 1.9661
[Epoch 3] step 3340 loss: 0.8636
[Epoch 3] step 3350 loss: 1.4758
[Epoch 3] step 3360 loss: 1.1602
[Epoch 3] step 3370 loss: 0.6252
[Epoch 3] step 3380 loss: 0.3967
[Epoch 3] step 3390 loss: 0.9249
[Epoch 3] step 3400 loss: 1.1190
[Epoch 3] step 3410 loss: 1.0802
[Epoch 3] step 3420 loss: 0.4421
[Epoch 3] step 3430 loss: 0.8794
[Epoch 3] step 3440 loss: 0.4160
[Epoch 3] step 3450 loss: 1.3491
[Epoch 3] step 3460 loss: 0.2480
[Epoch 3] step 3470 loss: 0.3467
[Epoch 3] step 3480 loss: 0.4449
[Epoch 3] step 3490 loss: 0.8869
[Epoch 3] step 3500 loss: 2.7007
[Epoch 3] step 3510 loss: 0.8177
[Epoch 3] step 3520 loss: 0.7684
[Epoch 3] step 3530 loss: 0.7481
[Epoch 3] step 3540 loss: 0.5442
[Epoch 3] step 3550 loss: 1.2498
[Epoch 3] step 3560 loss: 1.2980
[Epoch 3] step 3570 loss: 0.3138
[Epoch 3] step 3580 loss: 0.4093
[Epoch 3] step 3590 loss: 0.4048
[Epoch 3] step 3600 loss: 0.8938
[Epoch 3] step 3610 loss: 1.3456
[Epoch 3] step 3620 loss: 0.7579
[Epoch 3] step 3630 loss: 0.8204
[Epoch 3] step 3640 loss: 0.8066
[Epoch 3] step 3650 loss: 0.4890
[Epoch 3] step 3660 loss: 2.8258
[Epoch 3] step 3670 loss: 0.3035
[Epoch 3] step 3680 loss: 1.0206
[Epoch 3] step 3690 loss: 0.4151
[Epoch 3] step 3700 loss: 0.7532
[Epoch 3] step 3710 loss: 0.5799
[Epoch 3] step 3720 loss: 0.5690
[Epoch 3] step 3730 loss: 0.7100
[Epoch 3] step 3740 loss: 1.6218
[Epoch 3] step 3750 loss: 1.0606
[Epoch 3] step 3760 loss: 0.8196
[Epoch 3] step 3770 loss: 0.5567
[Epoch 3] step 3780 loss: 0.6983
[Epoch 3] step 3790 loss: 1.4666
[Epoch 3] step 3800 loss: 0.5145
[Epoch 3] step 3810 loss: 0.6714
[Epoch 3] step 3820 loss: 1.7400
[Epoch 3] step 3830 loss: 0.5783
[Epoch 3] step 3840 loss: 0.9749
[Epoch 3] step 3850 loss: 0.6186
[Epoch 3] step 3860 loss: 1.6011
[Epoch 3] step 3870 loss: 0.6627
[Epoch 3] step 3880 loss: 0.4134
[Epoch 3] step 3890 loss: 2.7529
[Epoch 3] step 3900 loss: 0.6583
[Epoch 3] step 3910 loss: 0.7099
[Epoch 3] step 3920 loss: 0.4690
[Epoch 3] step 3930 loss: 0.6041
[Epoch 3] step 3940 loss: 0.6631
[Epoch 3] step 3950 loss: 1.0013
[Epoch 3] step 3960 loss: 0.9753
[Epoch 3] step 3970 loss: 0.5387
[Epoch 3] step 3980 loss: 0.8118
[Epoch 3] step 3990 loss: 0.2887
[Epoch 3] step 4000 loss: 0.5455
[Epoch 3] step 4010 loss: 0.5156
[Epoch 3] step 4020 loss: 0.8988
[Epoch 3] step 4030 loss: 0.6451
[Epoch 3] step 4040 loss: 0.4236
[Epoch 3] step 4050 loss: 0.6170
[Epoch 3] step 4060 loss: 1.0159
[Epoch 3] step 4070 loss: 0.9073
[Epoch 3] step 4080 loss: 1.2215
[Epoch 3] step 4090 loss: 0.3480
[Epoch 3] step 4100 loss: 1.1655
[Epoch 3] step 4110 loss: 0.5230
[Epoch 3] step 4120 loss: 0.7854
[Epoch 3] step 4130 loss: 0.5392
[Epoch 3] step 4140 loss: 0.8075
[Epoch 3] step 4150 loss: 0.7319
[Epoch 3] step 4160 loss: 1.0053
[Epoch 3] step 4170 loss: 0.7855
[Epoch 3] step 4180 loss: 1.2755
[Epoch 3] step 4190 loss: 0.3317
[Epoch 3] step 4200 loss: 0.4557
[Epoch 3] step 4210 loss: 3.0928
[Epoch 3] step 4220 loss: 1.2980
[Epoch 3] step 4230 loss: 0.8610
[Epoch 3] step 4240 loss: 1.2525
[Epoch 3] step 4250 loss: 0.6498
[Epoch 3] step 4260 loss: 1.1014
[Epoch 3] step 4270 loss: 0.6761
[Epoch 3] step 4280 loss: 0.7351
[Epoch 3] step 4290 loss: 0.7476
[Epoch 3] step 4300 loss: 3.2484
[Epoch 3] step 4310 loss: 0.2487
[Epoch 3] step 4320 loss: 0.4292
[Epoch 3] step 4330 loss: 0.4882
[Epoch 3] step 4340 loss: 1.9829
[Epoch 3] step 4350 loss: 0.7429
[Epoch 3] step 4360 loss: 0.6809
[Epoch 3] step 4370 loss: 1.1632
[Epoch 3] step 4380 loss: 0.7417
[Epoch 3] step 4390 loss: 0.9498
[Epoch 3] step 4400 loss: 0.7417
[Epoch 3] step 4410 loss: 0.9588
[Epoch 3] step 4420 loss: 0.4778
[Epoch 3] step 4430 loss: 1.0076
[Epoch 3] step 4440 loss: 1.0367
[Epoch 3] step 4450 loss: 0.5023
[Epoch 3] step 4460 loss: 0.5959
[Epoch 3] step 4470 loss: 0.5981
[Epoch 3] step 4480 loss: 0.8679
[Epoch 3] step 4490 loss: 0.5468
[Epoch 3] step 4500 loss: 0.9604
[Epoch 3] step 4510 loss: 0.4634
[Epoch 3] step 4520 loss: 0.8706
[Epoch 3] step 4530 loss: 0.8766
[Epoch 3] step 4540 loss: 1.1408
[Epoch 3] step 4550 loss: 2.3650
[Epoch 3] step 4560 loss: 0.5864
[Epoch 3] step 4570 loss: 0.5467
[Epoch 3] step 4580 loss: 0.8200
[Epoch 3] step 4590 loss: 0.6167
[Epoch 3] step 4600 loss: 0.6478
[Epoch 3] step 4610 loss: 0.7629
[Epoch 3] step 4620 loss: 1.3394
[Epoch 3] step 4630 loss: 1.7620
[Epoch 3] step 4640 loss: 1.1147
[Epoch 3] step 4650 loss: 0.5125
[Epoch 3] step 4660 loss: 0.6412
[Epoch 3] step 4670 loss: 1.4721
[Epoch 3] step 4680 loss: 1.4244
[Epoch 3] step 4690 loss: 0.7149
[Epoch 3] step 4700 loss: 0.4318
[Epoch 3] step 4710 loss: 0.7678
[Epoch 3] step 4720 loss: 0.4941
[Epoch 3] step 4730 loss: 0.8286
[Epoch 3] step 4740 loss: 1.5027
[Epoch 3] step 4750 loss: 0.7644
[Epoch 3] step 4760 loss: 1.7670
[Epoch 3] step 4770 loss: 1.3726
[Epoch 3] step 4780 loss: 0.2854
[Epoch 3] step 4790 loss: 1.2281
[Epoch 3] step 4800 loss: 0.9435
[Epoch 3] step 4810 loss: 0.8133
[Epoch 3] step 4820 loss: 0.9659
[Epoch 3] step 4830 loss: 0.6219
[Epoch 3] step 4840 loss: 2.2274
[Epoch 3] step 4850 loss: 1.4313
[Epoch 3] step 4860 loss: 0.7159
[Epoch 3] step 4870 loss: 0.2749
[Epoch 3] step 4880 loss: 0.3180
[Epoch 3] step 4890 loss: 0.7667
[Epoch 3] step 4900 loss: 0.7951
[Epoch 3] step 4910 loss: 1.4904
[Epoch 3] step 4920 loss: 0.5442
[Epoch 3] step 4930 loss: 0.8992
[Epoch 3] step 4940 loss: 0.6969
[Epoch 3] step 4950 loss: 0.8693
[Epoch 3] step 4960 loss: 0.9123
[Epoch 3] step 4970 loss: 0.8216
[Epoch 3] step 4980 loss: 1.1765
[Epoch 3] step 4990 loss: 0.3635
[Epoch 3] step 5000 loss: 1.0844
[Epoch 3] step 5010 loss: 0.6359
[Epoch 3] step 5020 loss: 0.7400
[Epoch 3] step 5030 loss: 1.4200
[Epoch 3] step 5040 loss: 1.6993
[Epoch 3] step 5050 loss: 0.7533
[Epoch 3] step 5060 loss: 0.8467
[Epoch 3] step 5070 loss: 1.1952
[Epoch 3] step 5080 loss: 1.3837
[Epoch 3] step 5090 loss: 0.7166
[Epoch 3] step 5100 loss: 1.1313
[Epoch 3] step 5110 loss: 0.2820
[Epoch 3] step 5120 loss: 0.6070
[Epoch 3] step 5130 loss: 0.5205
[Epoch 3] step 5140 loss: 0.4852
[Epoch 3] step 5150 loss: 1.7604
[Epoch 3] step 5160 loss: 0.8081
[Epoch 3] step 5170 loss: 0.6774
[Epoch 3] step 5180 loss: 1.2360
[Epoch 3] step 5190 loss: 0.9239
[Epoch 3] step 5200 loss: 0.3101
[Epoch 3] step 5210 loss: 0.7753
[Epoch 3] step 5220 loss: 0.8655
[Epoch 3] step 5230 loss: 0.7642
[Epoch 3] step 5240 loss: 0.6836
[Epoch 3] step 5250 loss: 0.4476
[Epoch 3] step 5260 loss: 0.7121
[Epoch 3] step 5270 loss: 0.6470
[Epoch 3] step 5280 loss: 1.1325
[Epoch 3] step 5290 loss: 0.8741
[Epoch 3] step 5300 loss: 1.9738
[Epoch 3] step 5310 loss: 3.5902
[Epoch 3] step 5320 loss: 1.0125
[Epoch 3] step 5330 loss: 0.8483
[Epoch 3] step 5340 loss: 0.7927
[Epoch 3] step 5350 loss: 0.9263
[Epoch 3] step 5360 loss: 0.5137
[Epoch 3] step 5370 loss: 0.7926
[Epoch 3] step 5380 loss: 0.5827
[Epoch 3] step 5390 loss: 0.6510
[Epoch 3] step 5400 loss: 0.9183
[Epoch 3] step 5410 loss: 0.4751
[Epoch 3] step 5420 loss: 0.6058
[Epoch 3] step 5430 loss: 1.3249
[Epoch 3] step 5440 loss: 0.6998
[Epoch 3] step 5450 loss: 1.4473
[Epoch 3] step 5460 loss: 1.0720
[Epoch 3] step 5470 loss: 0.3725
[Epoch 3] step 5480 loss: 2.3051
[Epoch 3] step 5490 loss: 0.6754
[Epoch 3] step 5500 loss: 1.3551
[Epoch 3] step 5510 loss: 0.7245
[Epoch 3] step 5520 loss: 1.7885
[Epoch 3] step 5530 loss: 0.5614
[Epoch 3] step 5540 loss: 0.5162
[Epoch 3] step 5550 loss: 0.8906
[Epoch 3] step 5560 loss: 0.7944
[Epoch 3] step 5570 loss: 0.9146
[Epoch 3] step 5580 loss: 0.4997
[Epoch 3] step 5590 loss: 1.9047
[Epoch 3] step 5600 loss: 1.0026
[Epoch 3] step 5610 loss: 1.0112
[Epoch 3] step 5620 loss: 0.6283
[Epoch 3] step 5630 loss: 0.3418
[Epoch 3] step 5640 loss: 0.7063
[Epoch 3] step 5650 loss: 1.4819
[Epoch 3] step 5660 loss: 0.8143
[Epoch 3] step 5670 loss: 1.1456
[Epoch 3] step 5680 loss: 0.8809
[Epoch 3] step 5690 loss: 0.9248
[Epoch 3] step 5700 loss: 1.2164
[Epoch 3] step 5710 loss: 0.3040
[Epoch 3] step 5720 loss: 0.1816
[Epoch 3] step 5730 loss: 0.6792
[Epoch 3] step 5740 loss: 0.9572
[Epoch 3] step 5750 loss: 0.4195
[Epoch 3] step 5760 loss: 0.5781
[Epoch 3] step 5770 loss: 1.6448
[Epoch 3] step 5780 loss: 0.7145
[Epoch 3] step 5790 loss: 0.4962
[Epoch 3] step 5800 loss: 1.6200
[Epoch 3] step 5810 loss: 1.0372
[Epoch 3] step 5820 loss: 0.1744
[Epoch 3] step 5830 loss: 1.1841
[Epoch 3] step 5840 loss: 1.0081
[Epoch 3] step 5850 loss: 0.3920
[Epoch 3] step 5860 loss: 1.6047
[Epoch 3] step 5870 loss: 0.4814
[Epoch 3] step 5880 loss: 0.6479
[Epoch 3] step 5890 loss: 0.3079
[Epoch 3] step 5900 loss: 1.1805
[Epoch 3] step 5910 loss: 1.1228
[Epoch 3] step 5920 loss: 2.0769
[Epoch 3] step 5930 loss: 0.5469
[Epoch 3] step 5940 loss: 0.9966
[Epoch 3] step 5950 loss: 0.6641
[Epoch 3] step 5960 loss: 0.7284
[Epoch 3] step 5970 loss: 1.0564
[Epoch 3] step 5980 loss: 0.7095
[Epoch 3] step 5990 loss: 0.9190
[Epoch 3] step 6000 loss: 1.0184
[Epoch 3] step 6010 loss: 0.7296
[Epoch 3] step 6020 loss: 0.8319
[Epoch 3] step 6030 loss: 0.5202
[Epoch 3] step 6040 loss: 0.3956
[Epoch 3] step 6050 loss: 0.9404
[Epoch 3] step 6060 loss: 1.2873
[Epoch 3] step 6070 loss: 0.5484
[Epoch 3] step 6080 loss: 0.3097
[Epoch 3] step 6090 loss: 0.7984
[Epoch 3] step 6100 loss: 2.2953
[Epoch 3] step 6110 loss: 0.9183
[Epoch 3] step 6120 loss: 0.7683
[Epoch 3] step 6130 loss: 1.1787
[Epoch 3] step 6140 loss: 0.6046
[Epoch 3] step 6150 loss: 2.9479
[Epoch 3] step 6160 loss: 0.7806
[Epoch 3] step 6170 loss: 0.6172
[Epoch 3] step 6180 loss: 1.2131
==== Epoch 3 avg loss: 0.9466 ====
[Epoch 4] step 0 loss: 1.2220
[Epoch 4] step 10 loss: 0.7162
[Epoch 4] step 20 loss: 1.0180
[Epoch 4] step 30 loss: 1.3302
[Epoch 4] step 40 loss: 0.7913
[Epoch 4] step 50 loss: 0.5249
[Epoch 4] step 60 loss: 0.6148
[Epoch 4] step 70 loss: 1.1628
[Epoch 4] step 80 loss: 0.7244
[Epoch 4] step 90 loss: 2.0334
[Epoch 4] step 100 loss: 0.6958
[Epoch 4] step 110 loss: 0.8377
[Epoch 4] step 120 loss: 1.0621
[Epoch 4] step 130 loss: 0.3334
[Epoch 4] step 140 loss: 0.6887
[Epoch 4] step 150 loss: 0.3260
[Epoch 4] step 160 loss: 1.3239
[Epoch 4] step 170 loss: 0.8780
[Epoch 4] step 180 loss: 0.9088
[Epoch 4] step 190 loss: 2.0682
[Epoch 4] step 200 loss: 0.2553
[Epoch 4] step 210 loss: 1.0562
[Epoch 4] step 220 loss: 0.9173
[Epoch 4] step 230 loss: 0.8263
[Epoch 4] step 240 loss: 0.4849
[Epoch 4] step 250 loss: 0.4370
[Epoch 4] step 260 loss: 1.1205
[Epoch 4] step 270 loss: 0.6574
[Epoch 4] step 280 loss: 0.9242
[Epoch 4] step 290 loss: 0.5174
[Epoch 4] step 300 loss: 0.4274
[Epoch 4] step 310 loss: 0.7392
[Epoch 4] step 320 loss: 0.7170
[Epoch 4] step 330 loss: 0.6463
[Epoch 4] step 340 loss: 0.7587
[Epoch 4] step 350 loss: 1.0432
[Epoch 4] step 360 loss: 1.5131
[Epoch 4] step 370 loss: 1.1612
[Epoch 4] step 380 loss: 1.0368
[Epoch 4] step 390 loss: 0.6614
[Epoch 4] step 400 loss: 1.3635
[Epoch 4] step 410 loss: 0.7264
[Epoch 4] step 420 loss: 1.6255
[Epoch 4] step 430 loss: 0.7752
[Epoch 4] step 440 loss: 0.6319
[Epoch 4] step 450 loss: 0.7907
[Epoch 4] step 460 loss: 0.7605
[Epoch 4] step 470 loss: 0.5446
[Epoch 4] step 480 loss: 2.2746
[Epoch 4] step 490 loss: 1.2036
[Epoch 4] step 500 loss: 2.0036
[Epoch 4] step 510 loss: 0.4429
[Epoch 4] step 520 loss: 0.7347
[Epoch 4] step 530 loss: 0.4596
[Epoch 4] step 540 loss: 1.3767
[Epoch 4] step 550 loss: 1.0608
[Epoch 4] step 560 loss: 0.8056
[Epoch 4] step 570 loss: 0.4966
[Epoch 4] step 580 loss: 0.6432
[Epoch 4] step 590 loss: 0.6146
[Epoch 4] step 600 loss: 1.1833
[Epoch 4] step 610 loss: 0.6046
[Epoch 4] step 620 loss: 0.8418
[Epoch 4] step 630 loss: 0.6299
[Epoch 4] step 640 loss: 2.0882
[Epoch 4] step 650 loss: 0.4452
[Epoch 4] step 660 loss: 1.1707
[Epoch 4] step 670 loss: 1.9420
[Epoch 4] step 680 loss: 0.9990
[Epoch 4] step 690 loss: 0.3028
[Epoch 4] step 700 loss: 1.5523
[Epoch 4] step 710 loss: 0.5544
[Epoch 4] step 720 loss: 0.8996
[Epoch 4] step 730 loss: 0.4938
[Epoch 4] step 740 loss: 0.3338
[Epoch 4] step 750 loss: 0.7977
[Epoch 4] step 760 loss: 0.9277
[Epoch 4] step 770 loss: 0.7799
[Epoch 4] step 780 loss: 0.8315
[Epoch 4] step 790 loss: 0.4025
[Epoch 4] step 800 loss: 0.4610
[Epoch 4] step 810 loss: 0.8220
[Epoch 4] step 820 loss: 0.3603
[Epoch 4] step 830 loss: 0.3590
[Epoch 4] step 840 loss: 0.5267
[Epoch 4] step 850 loss: 0.4507
[Epoch 4] step 860 loss: 0.8366
[Epoch 4] step 870 loss: 0.7755
[Epoch 4] step 880 loss: 1.8861
[Epoch 4] step 890 loss: 0.5188
[Epoch 4] step 900 loss: 1.6577
[Epoch 4] step 910 loss: 1.2273
[Epoch 4] step 920 loss: 1.0716
[Epoch 4] step 930 loss: 0.7547
[Epoch 4] step 940 loss: 1.8598
[Epoch 4] step 950 loss: 1.3219
[Epoch 4] step 960 loss: 1.0594
[Epoch 4] step 970 loss: 0.5424
[Epoch 4] step 980 loss: 1.7779
[Epoch 4] step 990 loss: 0.1642
[Epoch 4] step 1000 loss: 0.1984
[Epoch 4] step 1010 loss: 1.0704
[Epoch 4] step 1020 loss: 0.6413
[Epoch 4] step 1030 loss: 1.2384
[Epoch 4] step 1040 loss: 0.9796
[Epoch 4] step 1050 loss: 0.4225
[Epoch 4] step 1060 loss: 0.6407
[Epoch 4] step 1070 loss: 0.7910
[Epoch 4] step 1080 loss: 1.2907
[Epoch 4] step 1090 loss: 1.1338
[Epoch 4] step 1100 loss: 0.4588
[Epoch 4] step 1110 loss: 1.8279
[Epoch 4] step 1120 loss: 0.7108
[Epoch 4] step 1130 loss: 1.9998
[Epoch 4] step 1140 loss: 0.4900
[Epoch 4] step 1150 loss: 0.1455
[Epoch 4] step 1160 loss: 1.1806
[Epoch 4] step 1170 loss: 0.5630
[Epoch 4] step 1180 loss: 1.2377
[Epoch 4] step 1190 loss: 0.9111
[Epoch 4] step 1200 loss: 1.6215
[Epoch 4] step 1210 loss: 1.2284
[Epoch 4] step 1220 loss: 0.3618
[Epoch 4] step 1230 loss: 1.9925
[Epoch 4] step 1240 loss: 0.5355
[Epoch 4] step 1250 loss: 0.7192
[Epoch 4] step 1260 loss: 1.2108
[Epoch 4] step 1270 loss: 0.5184
[Epoch 4] step 1280 loss: 0.2342
[Epoch 4] step 1290 loss: 0.7417
[Epoch 4] step 1300 loss: 0.1852
[Epoch 4] step 1310 loss: 1.8121
[Epoch 4] step 1320 loss: 0.0913
[Epoch 4] step 1330 loss: 0.7296
[Epoch 4] step 1340 loss: 0.6388
[Epoch 4] step 1350 loss: 0.5809
[Epoch 4] step 1360 loss: 1.0299
[Epoch 4] step 1370 loss: 1.2958
[Epoch 4] step 1380 loss: 0.4444
[Epoch 4] step 1390 loss: 1.5454
[Epoch 4] step 1400 loss: 0.8510
[Epoch 4] step 1410 loss: 0.2723
[Epoch 4] step 1420 loss: 0.8898
[Epoch 4] step 1430 loss: 0.9367
[Epoch 4] step 1440 loss: 1.1979
[Epoch 4] step 1450 loss: 1.1685
[Epoch 4] step 1460 loss: 0.6900
[Epoch 4] step 1470 loss: 1.8368
[Epoch 4] step 1480 loss: 1.8389
[Epoch 4] step 1490 loss: 1.1831
[Epoch 4] step 1500 loss: 0.6079
[Epoch 4] step 1510 loss: 0.4786
[Epoch 4] step 1520 loss: 0.3302
[Epoch 4] step 1530 loss: 0.1562
[Epoch 4] step 1540 loss: 0.1222
[Epoch 4] step 1550 loss: 1.5461
[Epoch 4] step 1560 loss: 0.6904
[Epoch 4] step 1570 loss: 0.5135
[Epoch 4] step 1580 loss: 0.5895
[Epoch 4] step 1590 loss: 0.8650
[Epoch 4] step 1600 loss: 0.8048
[Epoch 4] step 1610 loss: 0.4437
[Epoch 4] step 1620 loss: 0.7894
[Epoch 4] step 1630 loss: 0.6740
[Epoch 4] step 1640 loss: 1.2364
[Epoch 4] step 1650 loss: 0.7246
[Epoch 4] step 1660 loss: 0.6577
[Epoch 4] step 1670 loss: 0.8294
[Epoch 4] step 1680 loss: 0.8286
[Epoch 4] step 1690 loss: 0.9310
[Epoch 4] step 1700 loss: 1.1168
[Epoch 4] step 1710 loss: 0.3083
[Epoch 4] step 1720 loss: 1.6335
[Epoch 4] step 1730 loss: 0.5518
[Epoch 4] step 1740 loss: 1.3002
[Epoch 4] step 1750 loss: 0.5647
[Epoch 4] step 1760 loss: 2.5254
[Epoch 4] step 1770 loss: 0.7047
[Epoch 4] step 1780 loss: 1.7502
[Epoch 4] step 1790 loss: 0.8907
[Epoch 4] step 1800 loss: 1.0102
[Epoch 4] step 1810 loss: 3.1448
[Epoch 4] step 1820 loss: 1.5037
[Epoch 4] step 1830 loss: 0.3510
[Epoch 4] step 1840 loss: 0.6456
[Epoch 4] step 1850 loss: 0.5221
[Epoch 4] step 1860 loss: 0.4442
[Epoch 4] step 1870 loss: 1.2427
[Epoch 4] step 1880 loss: 0.5306
[Epoch 4] step 1890 loss: 1.7414
[Epoch 4] step 1900 loss: 1.5391
[Epoch 4] step 1910 loss: 1.0497
[Epoch 4] step 1920 loss: 0.8437
[Epoch 4] step 1930 loss: 0.6023
[Epoch 4] step 1940 loss: 0.5330
[Epoch 4] step 1950 loss: 0.6453
[Epoch 4] step 1960 loss: 1.4609
[Epoch 4] step 1970 loss: 1.0171
[Epoch 4] step 1980 loss: 0.5454
[Epoch 4] step 1990 loss: 0.7761
[Epoch 4] step 2000 loss: 0.6351
[Epoch 4] step 2010 loss: 0.9409
[Epoch 4] step 2020 loss: 0.6238
[Epoch 4] step 2030 loss: 3.0012
[Epoch 4] step 2040 loss: 1.0020
[Epoch 4] step 2050 loss: 0.1805
[Epoch 4] step 2060 loss: 1.0393
[Epoch 4] step 2070 loss: 1.0001
[Epoch 4] step 2080 loss: 0.6200
[Epoch 4] step 2090 loss: 0.7191
[Epoch 4] step 2100 loss: 0.7258
[Epoch 4] step 2110 loss: 0.5364
[Epoch 4] step 2120 loss: 0.6230
[Epoch 4] step 2130 loss: 1.2417
[Epoch 4] step 2140 loss: 0.6286
[Epoch 4] step 2150 loss: 1.4341
[Epoch 4] step 2160 loss: 0.5634
[Epoch 4] step 2170 loss: 0.2951
[Epoch 4] step 2180 loss: 0.9655
[Epoch 4] step 2190 loss: 1.0687
[Epoch 4] step 2200 loss: 1.0925
[Epoch 4] step 2210 loss: 1.1067
[Epoch 4] step 2220 loss: 2.2534
[Epoch 4] step 2230 loss: 0.6622
[Epoch 4] step 2240 loss: 0.9907
[Epoch 4] step 2250 loss: 1.8702
[Epoch 4] step 2260 loss: 1.1303
[Epoch 4] step 2270 loss: 0.9727
[Epoch 4] step 2280 loss: 0.6179
[Epoch 4] step 2290 loss: 0.9879
[Epoch 4] step 2300 loss: 0.7286
[Epoch 4] step 2310 loss: 0.2556
[Epoch 4] step 2320 loss: 0.4843
[Epoch 4] step 2330 loss: 1.1854
[Epoch 4] step 2340 loss: 0.4766
[Epoch 4] step 2350 loss: 0.7104
[Epoch 4] step 2360 loss: 0.5212
[Epoch 4] step 2370 loss: 0.6334
[Epoch 4] step 2380 loss: 1.6926
[Epoch 4] step 2390 loss: 0.2594
[Epoch 4] step 2400 loss: 2.8284
[Epoch 4] step 2410 loss: 0.7727
[Epoch 4] step 2420 loss: 1.1217
[Epoch 4] step 2430 loss: 0.1199
[Epoch 4] step 2440 loss: 0.8111
[Epoch 4] step 2450 loss: 0.6792
[Epoch 4] step 2460 loss: 0.5365
[Epoch 4] step 2470 loss: 1.0144
[Epoch 4] step 2480 loss: 1.4601
[Epoch 4] step 2490 loss: 0.9244
[Epoch 4] step 2500 loss: 0.7588
[Epoch 4] step 2510 loss: 1.4286
[Epoch 4] step 2520 loss: 3.0668
[Epoch 4] step 2530 loss: 0.4710
[Epoch 4] step 2540 loss: 0.4368
[Epoch 4] step 2550 loss: 0.8829
[Epoch 4] step 2560 loss: 0.7470
[Epoch 4] step 2570 loss: 0.4705
[Epoch 4] step 2580 loss: 0.2672
[Epoch 4] step 2590 loss: 0.7860
[Epoch 4] step 2600 loss: 2.4745
[Epoch 4] step 2610 loss: 0.4645
[Epoch 4] step 2620 loss: 0.9531
[Epoch 4] step 2630 loss: 1.4361
[Epoch 4] step 2640 loss: 1.4362
[Epoch 4] step 2650 loss: 0.7907
[Epoch 4] step 2660 loss: 1.9858
[Epoch 4] step 2670 loss: 0.8024
[Epoch 4] step 2680 loss: 1.4607
[Epoch 4] step 2690 loss: 1.0812
[Epoch 4] step 2700 loss: 0.7481
[Epoch 4] step 2710 loss: 1.0853
[Epoch 4] step 2720 loss: 0.8067
[Epoch 4] step 2730 loss: 0.4054
[Epoch 4] step 2740 loss: 0.4757
[Epoch 4] step 2750 loss: 1.5691
[Epoch 4] step 2760 loss: 0.9943
[Epoch 4] step 2770 loss: 0.5990
[Epoch 4] step 2780 loss: 0.7975
[Epoch 4] step 2790 loss: 0.2563
[Epoch 4] step 2800 loss: 0.6582
[Epoch 4] step 2810 loss: 0.5392
[Epoch 4] step 2820 loss: 0.5624
[Epoch 4] step 2830 loss: 0.9463
[Epoch 4] step 2840 loss: 1.2060
[Epoch 4] step 2850 loss: 0.6976
[Epoch 4] step 2860 loss: 0.2165
[Epoch 4] step 2870 loss: 0.4976
[Epoch 4] step 2880 loss: 0.9385
[Epoch 4] step 2890 loss: 0.9915
[Epoch 4] step 2900 loss: 0.9587
[Epoch 4] step 2910 loss: 0.6704
[Epoch 4] step 2920 loss: 0.1352
[Epoch 4] step 2930 loss: 0.5999
[Epoch 4] step 2940 loss: 0.3309
[Epoch 4] step 2950 loss: 0.5985
[Epoch 4] step 2960 loss: 0.5873
[Epoch 4] step 2970 loss: 0.8464
[Epoch 4] step 2980 loss: 0.4347
[Epoch 4] step 2990 loss: 0.5216
[Epoch 4] step 3000 loss: 1.0730
[Epoch 4] step 3010 loss: 0.6044
[Epoch 4] step 3020 loss: 1.0574
[Epoch 4] step 3030 loss: 1.8655
[Epoch 4] step 3040 loss: 1.0463
[Epoch 4] step 3050 loss: 1.0162
[Epoch 4] step 3060 loss: 0.6361
[Epoch 4] step 3070 loss: 0.8678
[Epoch 4] step 3080 loss: 0.7736
[Epoch 4] step 3090 loss: 0.1790
[Epoch 4] step 3100 loss: 0.3143
[Epoch 4] step 3110 loss: 0.6425
[Epoch 4] step 3120 loss: 3.6223
[Epoch 4] step 3130 loss: 0.8510
[Epoch 4] step 3140 loss: 0.4981
[Epoch 4] step 3150 loss: 0.4033
[Epoch 4] step 3160 loss: 0.5548
[Epoch 4] step 3170 loss: 0.6830
[Epoch 4] step 3180 loss: 0.7622
[Epoch 4] step 3190 loss: 0.8213
[Epoch 4] step 3200 loss: 0.1768
[Epoch 4] step 3210 loss: 0.7257
[Epoch 4] step 3220 loss: 0.4233
[Epoch 4] step 3230 loss: 1.1524
[Epoch 4] step 3240 loss: 0.6210
[Epoch 4] step 3250 loss: 0.3803
[Epoch 4] step 3260 loss: 0.7311
[Epoch 4] step 3270 loss: 1.3550
[Epoch 4] step 3280 loss: 0.8059
[Epoch 4] step 3290 loss: 0.4783
[Epoch 4] step 3300 loss: 0.7784
[Epoch 4] step 3310 loss: 1.3298
[Epoch 4] step 3320 loss: 0.6783
[Epoch 4] step 3330 loss: 0.7515
[Epoch 4] step 3340 loss: 0.7767
[Epoch 4] step 3350 loss: 1.2644
[Epoch 4] step 3360 loss: 0.8787
[Epoch 4] step 3370 loss: 1.0019
[Epoch 4] step 3380 loss: 0.5463
[Epoch 4] step 3390 loss: 1.0801
[Epoch 4] step 3400 loss: 0.5848
[Epoch 4] step 3410 loss: 1.0694
[Epoch 4] step 3420 loss: 0.1559
[Epoch 4] step 3430 loss: 0.9493
[Epoch 4] step 3440 loss: 0.3092
[Epoch 4] step 3450 loss: 0.8057
[Epoch 4] step 3460 loss: 0.6734
[Epoch 4] step 3470 loss: 0.8367
[Epoch 4] step 3480 loss: 0.8665
[Epoch 4] step 3490 loss: 1.3741
[Epoch 4] step 3500 loss: 0.2649
[Epoch 4] step 3510 loss: 1.3029
[Epoch 4] step 3520 loss: 0.7203
[Epoch 4] step 3530 loss: 0.9421
[Epoch 4] step 3540 loss: 0.5504
[Epoch 4] step 3550 loss: 0.6167
[Epoch 4] step 3560 loss: 0.8047
[Epoch 4] step 3570 loss: 3.2990
[Epoch 4] step 3580 loss: 0.8519
[Epoch 4] step 3590 loss: 0.3403
[Epoch 4] step 3600 loss: 0.4754
[Epoch 4] step 3610 loss: 0.9998
[Epoch 4] step 3620 loss: 0.7439
[Epoch 4] step 3630 loss: 0.4943
[Epoch 4] step 3640 loss: 0.6630
[Epoch 4] step 3650 loss: 1.0316
[Epoch 4] step 3660 loss: 0.9459
[Epoch 4] step 3670 loss: 0.8575
[Epoch 4] step 3680 loss: 1.2856
[Epoch 4] step 3690 loss: 0.3974
[Epoch 4] step 3700 loss: 0.4642
[Epoch 4] step 3710 loss: 1.1261
[Epoch 4] step 3720 loss: 1.3157
[Epoch 4] step 3730 loss: 1.0082
[Epoch 4] step 3740 loss: 1.2945
[Epoch 4] step 3750 loss: 0.5677
[Epoch 4] step 3760 loss: 1.3512
[Epoch 4] step 3770 loss: 1.0328
[Epoch 4] step 3780 loss: 0.6599
[Epoch 4] step 3790 loss: 0.4582
[Epoch 4] step 3800 loss: 0.9392
[Epoch 4] step 3810 loss: 0.6175
[Epoch 4] step 3820 loss: 0.3545
[Epoch 4] step 3830 loss: 0.6869
[Epoch 4] step 3840 loss: 0.9090
[Epoch 4] step 3850 loss: 0.1815
[Epoch 4] step 3860 loss: 1.6897
[Epoch 4] step 3870 loss: 0.3786
[Epoch 4] step 3880 loss: 0.5990
[Epoch 4] step 3890 loss: 0.6898
[Epoch 4] step 3900 loss: 0.1559
[Epoch 4] step 3910 loss: 0.5475
[Epoch 4] step 3920 loss: 0.9647
[Epoch 4] step 3930 loss: 0.8552
[Epoch 4] step 3940 loss: 0.7409
[Epoch 4] step 3950 loss: 0.9973
[Epoch 4] step 3960 loss: 0.9532
[Epoch 4] step 3970 loss: 0.9472
[Epoch 4] step 3980 loss: 0.4616
[Epoch 4] step 3990 loss: 0.6423
[Epoch 4] step 4000 loss: 0.0922
[Epoch 4] step 4010 loss: 0.6293
[Epoch 4] step 4020 loss: 0.8127
[Epoch 4] step 4030 loss: 0.6138
[Epoch 4] step 4040 loss: 0.1180
[Epoch 4] step 4050 loss: 1.4494
[Epoch 4] step 4060 loss: 0.8743
[Epoch 4] step 4070 loss: 0.7750
[Epoch 4] step 4080 loss: 1.2456
[Epoch 4] step 4090 loss: 1.2271
[Epoch 4] step 4100 loss: 0.7972
[Epoch 4] step 4110 loss: 0.5886
[Epoch 4] step 4120 loss: 1.1172
[Epoch 4] step 4130 loss: 1.0086
[Epoch 4] step 4140 loss: 0.5894
[Epoch 4] step 4150 loss: 0.4684
[Epoch 4] step 4160 loss: 0.9933
[Epoch 4] step 4170 loss: 0.5656
[Epoch 4] step 4180 loss: 0.7197
[Epoch 4] step 4190 loss: 0.6857
[Epoch 4] step 4200 loss: 1.1035
[Epoch 4] step 4210 loss: 0.9259
[Epoch 4] step 4220 loss: 1.0085
[Epoch 4] step 4230 loss: 1.7430
[Epoch 4] step 4240 loss: 0.7850
[Epoch 4] step 4250 loss: 0.7267
[Epoch 4] step 4260 loss: 0.6327
[Epoch 4] step 4270 loss: 1.8889
[Epoch 4] step 4280 loss: 0.3266
[Epoch 4] step 4290 loss: 1.8888
[Epoch 4] step 4300 loss: 0.5405
[Epoch 4] step 4310 loss: 1.5308
[Epoch 4] step 4320 loss: 0.8829
[Epoch 4] step 4330 loss: 0.5509
[Epoch 4] step 4340 loss: 0.3287
[Epoch 4] step 4350 loss: 0.4374
[Epoch 4] step 4360 loss: 0.5673
[Epoch 4] step 4370 loss: 0.4116
[Epoch 4] step 4380 loss: 0.7856
[Epoch 4] step 4390 loss: 1.0242
[Epoch 4] step 4400 loss: 0.7441
[Epoch 4] step 4410 loss: 1.0793
[Epoch 4] step 4420 loss: 0.4059
[Epoch 4] step 4430 loss: 1.5709
[Epoch 4] step 4440 loss: 0.8456
[Epoch 4] step 4450 loss: 1.6161
[Epoch 4] step 4460 loss: 0.5767
[Epoch 4] step 4470 loss: 0.3007
[Epoch 4] step 4480 loss: 0.2837
[Epoch 4] step 4490 loss: 1.0172
[Epoch 4] step 4500 loss: 1.2935
[Epoch 4] step 4510 loss: 0.5087
[Epoch 4] step 4520 loss: 1.3753
[Epoch 4] step 4530 loss: 0.7123
[Epoch 4] step 4540 loss: 0.7940
[Epoch 4] step 4550 loss: 0.3645
[Epoch 4] step 4560 loss: 0.3912
[Epoch 4] step 4570 loss: 0.8969
[Epoch 4] step 4580 loss: 0.5258
[Epoch 4] step 4590 loss: 0.8786
[Epoch 4] step 4600 loss: 0.4028
[Epoch 4] step 4610 loss: 0.6941
[Epoch 4] step 4620 loss: 0.2951
[Epoch 4] step 4630 loss: 0.5420
[Epoch 4] step 4640 loss: 0.8206
[Epoch 4] step 4650 loss: 0.4824
[Epoch 4] step 4660 loss: 0.6254
[Epoch 4] step 4670 loss: 0.4955
[Epoch 4] step 4680 loss: 0.2492
[Epoch 4] step 4690 loss: 0.5497
[Epoch 4] step 4700 loss: 0.2652
[Epoch 4] step 4710 loss: 0.6739
[Epoch 4] step 4720 loss: 0.8820
[Epoch 4] step 4730 loss: 0.2654
[Epoch 4] step 4740 loss: 0.4011
[Epoch 4] step 4750 loss: 1.2857
[Epoch 4] step 4760 loss: 0.8859
[Epoch 4] step 4770 loss: 0.5053
[Epoch 4] step 4780 loss: 0.7892
[Epoch 4] step 4790 loss: 0.7719
[Epoch 4] step 4800 loss: 0.4291
[Epoch 4] step 4810 loss: 0.6175
[Epoch 4] step 4820 loss: 0.1932
[Epoch 4] step 4830 loss: 1.4546
[Epoch 4] step 4840 loss: 1.4718
[Epoch 4] step 4850 loss: 0.1826
[Epoch 4] step 4860 loss: 0.5539
[Epoch 4] step 4870 loss: 0.8023
[Epoch 4] step 4880 loss: 0.7374
[Epoch 4] step 4890 loss: 0.7029
[Epoch 4] step 4900 loss: 0.2784
[Epoch 4] step 4910 loss: 0.9900
[Epoch 4] step 4920 loss: 0.9699
[Epoch 4] step 4930 loss: 0.5269
[Epoch 4] step 4940 loss: 0.6243
[Epoch 4] step 4950 loss: 0.5144
[Epoch 4] step 4960 loss: 0.4293
[Epoch 4] step 4970 loss: 0.4453
[Epoch 4] step 4980 loss: 0.9557
[Epoch 4] step 4990 loss: 0.0962
[Epoch 4] step 5000 loss: 0.1624
[Epoch 4] step 5010 loss: 0.5442
[Epoch 4] step 5020 loss: 0.4002
[Epoch 4] step 5030 loss: 0.5644
[Epoch 4] step 5040 loss: 1.0914
[Epoch 4] step 5050 loss: 2.9589
[Epoch 4] step 5060 loss: 1.6924
[Epoch 4] step 5070 loss: 1.1396
[Epoch 4] step 5080 loss: 1.4108
[Epoch 4] step 5090 loss: 0.9172
[Epoch 4] step 5100 loss: 1.1897
[Epoch 4] step 5110 loss: 0.4438
[Epoch 4] step 5120 loss: 0.6398
[Epoch 4] step 5130 loss: 0.4061
[Epoch 4] step 5140 loss: 1.2246
[Epoch 4] step 5150 loss: 0.9353
[Epoch 4] step 5160 loss: 1.5256
[Epoch 4] step 5170 loss: 0.7623
[Epoch 4] step 5180 loss: 1.0355
[Epoch 4] step 5190 loss: 0.5586
[Epoch 4] step 5200 loss: 0.3697
[Epoch 4] step 5210 loss: 0.2428
[Epoch 4] step 5220 loss: 0.3717
[Epoch 4] step 5230 loss: 0.9933
[Epoch 4] step 5240 loss: 1.2630
[Epoch 4] step 5250 loss: 0.8154
[Epoch 4] step 5260 loss: 0.6051
[Epoch 4] step 5270 loss: 0.8271
[Epoch 4] step 5280 loss: 0.5307
[Epoch 4] step 5290 loss: 1.2280
[Epoch 4] step 5300 loss: 1.5845
[Epoch 4] step 5310 loss: 0.6086
[Epoch 4] step 5320 loss: 1.2671
[Epoch 4] step 5330 loss: 0.4314
[Epoch 4] step 5340 loss: 2.3659
[Epoch 4] step 5350 loss: 0.5722
[Epoch 4] step 5360 loss: 0.9988
[Epoch 4] step 5370 loss: 1.0675
[Epoch 4] step 5380 loss: 0.9377
[Epoch 4] step 5390 loss: 1.2549
[Epoch 4] step 5400 loss: 1.0171
[Epoch 4] step 5410 loss: 0.6017
[Epoch 4] step 5420 loss: 1.2322
[Epoch 4] step 5430 loss: 1.2337
[Epoch 4] step 5440 loss: 1.2257
[Epoch 4] step 5450 loss: 0.2729
[Epoch 4] step 5460 loss: 0.3369
[Epoch 4] step 5470 loss: 1.1334
[Epoch 4] step 5480 loss: 0.8905
[Epoch 4] step 5490 loss: 0.6929
[Epoch 4] step 5500 loss: 1.7284
[Epoch 4] step 5510 loss: 1.6931
[Epoch 4] step 5520 loss: 0.7403
[Epoch 4] step 5530 loss: 1.1743
[Epoch 4] step 5540 loss: 1.6108
[Epoch 4] step 5550 loss: 1.7602
[Epoch 4] step 5560 loss: 0.8789
[Epoch 4] step 5570 loss: 1.5836
[Epoch 4] step 5580 loss: 0.4472
[Epoch 4] step 5590 loss: 0.2478
[Epoch 4] step 5600 loss: 0.4259
[Epoch 4] step 5610 loss: 1.1949
[Epoch 4] step 5620 loss: 1.4317
[Epoch 4] step 5630 loss: 1.0215
[Epoch 4] step 5640 loss: 0.8024
[Epoch 4] step 5650 loss: 0.8015
[Epoch 4] step 5660 loss: 0.8548
[Epoch 4] step 5670 loss: 0.9282
[Epoch 4] step 5680 loss: 1.0825
[Epoch 4] step 5690 loss: 1.5579
[Epoch 4] step 5700 loss: 0.4666
[Epoch 4] step 5710 loss: 0.8659
[Epoch 4] step 5720 loss: 0.2303
[Epoch 4] step 5730 loss: 1.2819
[Epoch 4] step 5740 loss: 0.4628
[Epoch 4] step 5750 loss: 0.5596
[Epoch 4] step 5760 loss: 1.6294
[Epoch 4] step 5770 loss: 0.5160
[Epoch 4] step 5780 loss: 1.1924
[Epoch 4] step 5790 loss: 1.1823
[Epoch 4] step 5800 loss: 0.6986
[Epoch 4] step 5810 loss: 0.3662
[Epoch 4] step 5820 loss: 0.5424
[Epoch 4] step 5830 loss: 0.3370
[Epoch 4] step 5840 loss: 0.5492
[Epoch 4] step 5850 loss: 0.9464
[Epoch 4] step 5860 loss: 0.6021
[Epoch 4] step 5870 loss: 1.6908
[Epoch 4] step 5880 loss: 0.6358
[Epoch 4] step 5890 loss: 0.3362
[Epoch 4] step 5900 loss: 1.2200
[Epoch 4] step 5910 loss: 1.4185
[Epoch 4] step 5920 loss: 0.7298
[Epoch 4] step 5930 loss: 1.1093
[Epoch 4] step 5940 loss: 1.8427
[Epoch 4] step 5950 loss: 2.3210
[Epoch 4] step 5960 loss: 0.7472
[Epoch 4] step 5970 loss: 1.0365
[Epoch 4] step 5980 loss: 0.4690
[Epoch 4] step 5990 loss: 0.5415
[Epoch 4] step 6000 loss: 0.7094
[Epoch 4] step 6010 loss: 0.6441
[Epoch 4] step 6020 loss: 0.1065
[Epoch 4] step 6030 loss: 1.0324
[Epoch 4] step 6040 loss: 1.4994
[Epoch 4] step 6050 loss: 1.1633
[Epoch 4] step 6060 loss: 0.6676
[Epoch 4] step 6070 loss: 1.4820
[Epoch 4] step 6080 loss: 0.9757
[Epoch 4] step 6090 loss: 0.6381
[Epoch 4] step 6100 loss: 0.3027
[Epoch 4] step 6110 loss: 0.8156
[Epoch 4] step 6120 loss: 0.0330
[Epoch 4] step 6130 loss: 0.5909
[Epoch 4] step 6140 loss: 0.7038
[Epoch 4] step 6150 loss: 0.6183
[Epoch 4] step 6160 loss: 0.5247
[Epoch 4] step 6170 loss: 1.3038
[Epoch 4] step 6180 loss: 0.8891
==== Epoch 4 avg loss: 0.9017 ====
[Epoch 5] step 0 loss: 0.5372
[Epoch 5] step 10 loss: 0.8648
[Epoch 5] step 20 loss: 0.8716
[Epoch 5] step 30 loss: 1.2786
[Epoch 5] step 40 loss: 1.4250
[Epoch 5] step 50 loss: 0.5832
[Epoch 5] step 60 loss: 8.6364
[Epoch 5] step 70 loss: 2.7940
[Epoch 5] step 80 loss: 0.5271
[Epoch 5] step 90 loss: 0.4724
[Epoch 5] step 100 loss: 0.2722
[Epoch 5] step 110 loss: 0.9110
[Epoch 5] step 120 loss: 0.4145
[Epoch 5] step 130 loss: 0.3264
[Epoch 5] step 140 loss: 0.6071
[Epoch 5] step 150 loss: 0.9837
[Epoch 5] step 160 loss: 0.5561
[Epoch 5] step 170 loss: 0.6643
[Epoch 5] step 180 loss: 0.2598
[Epoch 5] step 190 loss: 0.4878
[Epoch 5] step 200 loss: 0.3138
[Epoch 5] step 210 loss: 0.4061
[Epoch 5] step 220 loss: 0.9678
[Epoch 5] step 230 loss: 1.3653
[Epoch 5] step 240 loss: 3.6692
[Epoch 5] step 250 loss: 0.0054
[Epoch 5] step 260 loss: 0.8920
[Epoch 5] step 270 loss: 2.1778
[Epoch 5] step 280 loss: 1.0471
[Epoch 5] step 290 loss: 0.2387
[Epoch 5] step 300 loss: 0.3728
[Epoch 5] step 310 loss: 1.2105
[Epoch 5] step 320 loss: 0.7654
[Epoch 5] step 330 loss: 0.7390
[Epoch 5] step 340 loss: 0.4286
[Epoch 5] step 350 loss: 1.1004
[Epoch 5] step 360 loss: 0.7616
[Epoch 5] step 370 loss: 0.0963
[Epoch 5] step 380 loss: 0.6898
[Epoch 5] step 390 loss: 0.7594
[Epoch 5] step 400 loss: 0.5404
[Epoch 5] step 410 loss: 0.2076
[Epoch 5] step 420 loss: 0.5286
[Epoch 5] step 430 loss: 1.1335
[Epoch 5] step 440 loss: 0.5735
[Epoch 5] step 450 loss: 4.6228
[Epoch 5] step 460 loss: 0.6616
[Epoch 5] step 470 loss: 0.5070
[Epoch 5] step 480 loss: 1.2093
[Epoch 5] step 490 loss: 0.2005
[Epoch 5] step 500 loss: 0.6985
[Epoch 5] step 510 loss: 0.6626
[Epoch 5] step 520 loss: 1.4312
[Epoch 5] step 530 loss: 0.6589
[Epoch 5] step 540 loss: 0.9535
[Epoch 5] step 550 loss: 0.6524
[Epoch 5] step 560 loss: 1.6775
[Epoch 5] step 570 loss: 0.5513
[Epoch 5] step 580 loss: 0.7736
[Epoch 5] step 590 loss: 0.3971
[Epoch 5] step 600 loss: 1.4281
[Epoch 5] step 610 loss: 0.3720
Traceback (most recent call last):
  File "/home/vipuser/miniconda3/envs/py39/lib/python3.9/multiprocessing/resource_sharer.py", line 138, in _serve
    with self._listener.accept() as conn:
  File "/home/vipuser/miniconda3/envs/py39/lib/python3.9/multiprocessing/connection.py", line 466, in accept
    answer_challenge(c, self._authkey)
  File "/home/vipuser/miniconda3/envs/py39/lib/python3.9/multiprocessing/connection.py", line 757, in answer_challenge
    response = connection.recv_bytes(256)        # reject large message
  File "/home/vipuser/miniconda3/envs/py39/lib/python3.9/multiprocessing/connection.py", line 216, in recv_bytes
    buf = self._recv_bytes(maxlength)
  File "/home/vipuser/miniconda3/envs/py39/lib/python3.9/multiprocessing/connection.py", line 414, in _recv_bytes
    buf = self._recv(4)
  File "/home/vipuser/miniconda3/envs/py39/lib/python3.9/multiprocessing/connection.py", line 379, in _recv
    chunk = read(handle, remaining)
ConnectionResetError: [Errno 104] Connection reset by peer
