nohup: ignoring input
device: cuda
skip shape mismatch: head_chord.2.weight
skip shape mismatch: head_chord.2.bias
[Epoch 1] step 0 loss: 10.7488
[Epoch 1] step 10 loss: 3.6228
[Epoch 1] step 20 loss: 3.8062
[Epoch 1] step 30 loss: 3.7716
[Epoch 1] step 40 loss: 3.1751
[Epoch 1] step 50 loss: 3.0997
[Epoch 1] step 60 loss: 4.5446
[Epoch 1] step 70 loss: 2.9441
[Epoch 1] step 80 loss: 2.9657
==== Epoch 1 avg loss: 4.0754 ====
[Epoch 2] step 0 loss: 2.4865
[Epoch 2] step 10 loss: 2.6489
[Epoch 2] step 20 loss: 2.6382
[Epoch 2] step 30 loss: 3.5195
[Epoch 2] step 40 loss: 3.1249
[Epoch 2] step 50 loss: 2.8049
[Epoch 2] step 60 loss: 3.5984
[Epoch 2] step 70 loss: 2.1225
[Epoch 2] step 80 loss: 1.7225
==== Epoch 2 avg loss: 2.6690 ====
[Epoch 3] step 0 loss: 2.5291
[Epoch 3] step 10 loss: 1.5289
[Epoch 3] step 20 loss: 1.9016
[Epoch 3] step 30 loss: 1.6805
[Epoch 3] step 40 loss: 2.9096
[Epoch 3] step 50 loss: 1.9487
[Epoch 3] step 60 loss: 1.8411
[Epoch 3] step 70 loss: 1.6023
[Epoch 3] step 80 loss: 2.5728
==== Epoch 3 avg loss: 2.1571 ====
[Epoch 4] step 0 loss: 1.8625
[Epoch 4] step 10 loss: 1.0475
[Epoch 4] step 20 loss: 1.5485
[Epoch 4] step 30 loss: 2.9898
[Epoch 4] step 40 loss: 0.8906
[Epoch 4] step 50 loss: 2.5074
[Epoch 4] step 60 loss: 2.2513
[Epoch 4] step 70 loss: 1.1760
[Epoch 4] step 80 loss: 1.7919
==== Epoch 4 avg loss: 1.8071 ====
[Epoch 5] step 0 loss: 1.5958
[Epoch 5] step 10 loss: 1.8893
[Epoch 5] step 20 loss: 1.3231
[Epoch 5] step 30 loss: 1.7198
[Epoch 5] step 40 loss: 2.0115
[Epoch 5] step 50 loss: 1.8939
[Epoch 5] step 60 loss: 1.0567
[Epoch 5] step 70 loss: 1.7090
[Epoch 5] step 80 loss: 1.1349
==== Epoch 5 avg loss: 1.4205 ====
[Epoch 6] step 0 loss: 1.1525
[Epoch 6] step 10 loss: 0.6926
[Epoch 6] step 20 loss: 1.3112
[Epoch 6] step 30 loss: 1.4200
[Epoch 6] step 40 loss: 2.1499
[Epoch 6] step 50 loss: 1.1201
[Epoch 6] step 60 loss: 1.3606
[Epoch 6] step 70 loss: 1.6893
[Epoch 6] step 80 loss: 1.3075
==== Epoch 6 avg loss: 1.1139 ====
[Epoch 7] step 0 loss: 0.6090
[Epoch 7] step 10 loss: 0.5137
[Epoch 7] step 20 loss: 0.6543
[Epoch 7] step 30 loss: 0.8364
[Epoch 7] step 40 loss: 1.2687
[Epoch 7] step 50 loss: 0.9852
[Epoch 7] step 60 loss: 0.8731
[Epoch 7] step 70 loss: 1.0600
[Epoch 7] step 80 loss: 1.0040
==== Epoch 7 avg loss: 0.8972 ====
[Epoch 8] step 0 loss: 0.5576
[Epoch 8] step 10 loss: 0.9482
[Epoch 8] step 20 loss: 0.9549
[Epoch 8] step 30 loss: 0.8580
[Epoch 8] step 40 loss: 0.6041
[Epoch 8] step 50 loss: 0.8256
[Epoch 8] step 60 loss: 0.4251
[Epoch 8] step 70 loss: 0.3274
[Epoch 8] step 80 loss: 0.7224
==== Epoch 8 avg loss: 0.7308 ====
[Epoch 9] step 0 loss: 0.2946
[Epoch 9] step 10 loss: 0.3518
[Epoch 9] step 20 loss: 0.2172
[Epoch 9] step 30 loss: 0.3175
[Epoch 9] step 40 loss: 0.1179
[Epoch 9] step 50 loss: 0.5015
[Epoch 9] step 60 loss: 1.1849
[Epoch 9] step 70 loss: 0.8187
[Epoch 9] step 80 loss: 0.5518
==== Epoch 9 avg loss: 0.5706 ====
[Epoch 10] step 0 loss: 0.6217
[Epoch 10] step 10 loss: 0.1983
[Epoch 10] step 20 loss: 0.2600
[Epoch 10] step 30 loss: 0.7923
[Epoch 10] step 40 loss: 0.3348
[Epoch 10] step 50 loss: 0.1018
[Epoch 10] step 60 loss: 0.6136
[Epoch 10] step 70 loss: 0.2522
[Epoch 10] step 80 loss: 0.3007
==== Epoch 10 avg loss: 0.4700 ====
[Epoch 11] step 0 loss: 0.1532
[Epoch 11] step 10 loss: 0.5537
[Epoch 11] step 20 loss: 0.2352
[Epoch 11] step 30 loss: 0.0856
[Epoch 11] step 40 loss: 0.4477
[Epoch 11] step 50 loss: 0.1900
[Epoch 11] step 60 loss: 0.3433
[Epoch 11] step 70 loss: 0.3726
[Epoch 11] step 80 loss: 0.2711
==== Epoch 11 avg loss: 0.4121 ====
