nohup: ignoring input
device: cuda
[Epoch 130] step 0 loss: 0.7051
[Epoch 130] step 10 loss: 0.2532
[Epoch 130] step 20 loss: 0.1587
[Epoch 130] step 30 loss: 0.3640
[Epoch 130] step 40 loss: 0.1199
[Epoch 130] step 50 loss: 0.2497
[Epoch 130] step 60 loss: 0.1621
[Epoch 130] step 70 loss: 0.9860
[Epoch 130] step 80 loss: 1.3771
[Epoch 130] step 90 loss: 0.3975
[Epoch 130] step 100 loss: 0.1482
[Epoch 130] step 110 loss: 0.1670
[Epoch 130] step 120 loss: 0.1249
[Epoch 130] step 130 loss: 0.1209
[Epoch 130] step 140 loss: 0.2025
[Epoch 130] step 150 loss: 0.2102
[Epoch 130] step 160 loss: 0.2988
[Epoch 130] step 170 loss: 0.1236
[Epoch 130] step 180 loss: 0.1600
[Epoch 130] step 190 loss: 0.1550
[Epoch 130] step 200 loss: 0.1826
[Epoch 130] step 210 loss: 0.2495
[Epoch 130] step 220 loss: 0.2068
==== Epoch 130 avg loss: 0.2194 ====
[Epoch 131] step 0 loss: 0.1682
[Epoch 131] step 10 loss: 0.1129
[Epoch 131] step 20 loss: 0.0976
[Epoch 131] step 30 loss: 0.1044
[Epoch 131] step 40 loss: 0.0922
[Epoch 131] step 50 loss: 0.1473
[Epoch 131] step 60 loss: 0.1289
[Epoch 131] step 70 loss: 0.0925
[Epoch 131] step 80 loss: 0.0973
[Epoch 131] step 90 loss: 0.0931
[Epoch 131] step 100 loss: 0.7402
[Epoch 131] step 110 loss: 0.1502
[Epoch 131] step 120 loss: 0.1429
[Epoch 131] step 130 loss: 0.1814
[Epoch 131] step 140 loss: 0.1293
[Epoch 131] step 150 loss: 0.0998
[Epoch 131] step 160 loss: 0.1152
[Epoch 131] step 170 loss: 0.1186
[Epoch 131] step 180 loss: 0.0782
[Epoch 131] step 190 loss: 0.2055
[Epoch 131] step 200 loss: 0.1149
[Epoch 131] step 210 loss: 0.0968
[Epoch 131] step 220 loss: 0.1624
==== Epoch 131 avg loss: 0.1482 ====
[Epoch 132] step 0 loss: 0.1643
[Epoch 132] step 10 loss: 0.1116
[Epoch 132] step 20 loss: 0.1162
[Epoch 132] step 30 loss: 0.1123
[Epoch 132] step 40 loss: 0.1765
[Epoch 132] step 50 loss: 0.1361
[Epoch 132] step 60 loss: 0.1033
[Epoch 132] step 70 loss: 0.0850
[Epoch 132] step 80 loss: 0.1019
[Epoch 132] step 90 loss: 0.1095
[Epoch 132] step 100 loss: 0.1186
[Epoch 132] step 110 loss: 0.1012
[Epoch 132] step 120 loss: 0.0880
[Epoch 132] step 130 loss: 0.1332
[Epoch 132] step 140 loss: 0.1328
[Epoch 132] step 150 loss: 0.0880
[Epoch 132] step 160 loss: 0.1088
[Epoch 132] step 170 loss: 0.1520
[Epoch 132] step 180 loss: 0.1939
[Epoch 132] step 190 loss: 0.0814
[Epoch 132] step 200 loss: 0.1002
[Epoch 132] step 210 loss: 0.2042
[Epoch 132] step 220 loss: 0.1074
==== Epoch 132 avg loss: 0.1233 ====
[Epoch 133] step 0 loss: 0.1113
[Epoch 133] step 10 loss: 0.5019
[Epoch 133] step 20 loss: 0.1118
[Epoch 133] step 30 loss: 0.0848
[Epoch 133] step 40 loss: 0.1057
[Epoch 133] step 50 loss: 0.2119
[Epoch 133] step 60 loss: 0.0877
[Epoch 133] step 70 loss: 0.1249
[Epoch 133] step 80 loss: 0.0733
[Epoch 133] step 90 loss: 0.1340
[Epoch 133] step 100 loss: 0.0703
[Epoch 133] step 110 loss: 0.1342
[Epoch 133] step 120 loss: 0.0930
[Epoch 133] step 130 loss: 0.1286
[Epoch 133] step 140 loss: 0.1188
[Epoch 133] step 150 loss: 0.0893
[Epoch 133] step 160 loss: 0.0896
[Epoch 133] step 170 loss: 0.2305
[Epoch 133] step 180 loss: 0.1141
[Epoch 133] step 190 loss: 0.0894
[Epoch 133] step 200 loss: 0.1126
[Epoch 133] step 210 loss: 0.0891
[Epoch 133] step 220 loss: 0.0882
==== Epoch 133 avg loss: 0.1248 ====
[Epoch 134] step 0 loss: 0.1238
[Epoch 134] step 10 loss: 0.1145
[Epoch 134] step 20 loss: 0.0772
[Epoch 134] step 30 loss: 0.0979
[Epoch 134] step 40 loss: 0.2022
[Epoch 134] step 50 loss: 0.3401
[Epoch 134] step 60 loss: 0.0902
[Epoch 134] step 70 loss: 0.0908
[Epoch 134] step 80 loss: 0.2333
[Epoch 134] step 90 loss: 0.0842
[Epoch 134] step 100 loss: 0.0967
[Epoch 134] step 110 loss: 0.0876
[Epoch 134] step 120 loss: 0.3752
[Epoch 134] step 130 loss: 0.6474
[Epoch 134] step 140 loss: 0.1118
[Epoch 134] step 150 loss: 0.0657
[Epoch 134] step 160 loss: 0.1369
[Epoch 134] step 170 loss: 0.1036
[Epoch 134] step 180 loss: 0.1609
[Epoch 134] step 190 loss: 0.3599
[Epoch 134] step 200 loss: 0.1902
[Epoch 134] step 210 loss: 0.0846
[Epoch 134] step 220 loss: 0.1023
==== Epoch 134 avg loss: 0.1291 ====
[Epoch 135] step 0 loss: 0.1134
[Epoch 135] step 10 loss: 0.1656
[Epoch 135] step 20 loss: 0.1386
[Epoch 135] step 30 loss: 0.0988
[Epoch 135] step 40 loss: 0.0620
[Epoch 135] step 50 loss: 0.1110
[Epoch 135] step 60 loss: 0.0720
[Epoch 135] step 70 loss: 0.0913
[Epoch 135] step 80 loss: 0.0806
[Epoch 135] step 90 loss: 0.0808
[Epoch 135] step 100 loss: 0.0800
[Epoch 135] step 110 loss: 0.1155
[Epoch 135] step 120 loss: 0.0745
[Epoch 135] step 130 loss: 0.0972
[Epoch 135] step 140 loss: 0.0856
[Epoch 135] step 150 loss: 0.1882
[Epoch 135] step 160 loss: 0.1078
[Epoch 135] step 170 loss: 0.1201
[Epoch 135] step 180 loss: 0.1034
[Epoch 135] step 190 loss: 0.0789
[Epoch 135] step 200 loss: 0.0814
[Epoch 135] step 210 loss: 0.1067
[Epoch 135] step 220 loss: 0.0808
==== Epoch 135 avg loss: 0.1093 ====
[Epoch 136] step 0 loss: 0.0510
[Epoch 136] step 10 loss: 0.0961
[Epoch 136] step 20 loss: 0.0759
[Epoch 136] step 30 loss: 0.0999
[Epoch 136] step 40 loss: 0.0758
[Epoch 136] step 50 loss: 0.0467
[Epoch 136] step 60 loss: 0.0746
[Epoch 136] step 70 loss: 0.1909
[Epoch 136] step 80 loss: 0.5518
[Epoch 136] step 90 loss: 0.1039
[Epoch 136] step 100 loss: 0.0947
[Epoch 136] step 110 loss: 0.1005
[Epoch 136] step 120 loss: 0.0634
[Epoch 136] step 130 loss: 0.0724
[Epoch 136] step 140 loss: 0.1428
[Epoch 136] step 150 loss: 0.1020
[Epoch 136] step 160 loss: 0.0942
[Epoch 136] step 170 loss: 0.0774
[Epoch 136] step 180 loss: 0.1097
[Epoch 136] step 190 loss: 0.0878
[Epoch 136] step 200 loss: 0.0677
[Epoch 136] step 210 loss: 0.0866
[Epoch 136] step 220 loss: 0.0719
==== Epoch 136 avg loss: 0.1041 ====
[Epoch 137] step 0 loss: 0.0755
[Epoch 137] step 10 loss: 0.0616
[Epoch 137] step 20 loss: 0.0782
[Epoch 137] step 30 loss: 0.2067
[Epoch 137] step 40 loss: 0.0772
[Epoch 137] step 50 loss: 0.0824
[Epoch 137] step 60 loss: 0.0768
[Epoch 137] step 70 loss: 0.0950
[Epoch 137] step 80 loss: 0.1067
[Epoch 137] step 90 loss: 0.0871
[Epoch 137] step 100 loss: 0.0842
[Epoch 137] step 110 loss: 0.1108
[Epoch 137] step 120 loss: 0.0913
[Epoch 137] step 130 loss: 0.0727
[Epoch 137] step 140 loss: 0.0906
[Epoch 137] step 150 loss: 0.0856
[Epoch 137] step 160 loss: 0.1374
[Epoch 137] step 170 loss: 0.0912
[Epoch 137] step 180 loss: 0.0938
[Epoch 137] step 190 loss: 0.1181
[Epoch 137] step 200 loss: 0.0892
[Epoch 137] step 210 loss: 0.0972
[Epoch 137] step 220 loss: 0.0935
==== Epoch 137 avg loss: 0.0956 ====
[Epoch 138] step 0 loss: 0.0813
[Epoch 138] step 10 loss: 0.0787
[Epoch 138] step 20 loss: 0.0677
[Epoch 138] step 30 loss: 0.0769
[Epoch 138] step 40 loss: 0.0805
[Epoch 138] step 50 loss: 0.1525
[Epoch 138] step 60 loss: 0.0848
[Epoch 138] step 70 loss: 0.2028
[Epoch 138] step 80 loss: 0.1039
[Epoch 138] step 90 loss: 0.0843
[Epoch 138] step 100 loss: 0.0909
[Epoch 138] step 110 loss: 0.1000
[Epoch 138] step 120 loss: 0.0747
[Epoch 138] step 130 loss: 0.0938
[Epoch 138] step 140 loss: 0.0614
[Epoch 138] step 150 loss: 0.0668
[Epoch 138] step 160 loss: 0.1636
[Epoch 138] step 170 loss: 0.0826
[Epoch 138] step 180 loss: 0.0967
[Epoch 138] step 190 loss: 0.1189
[Epoch 138] step 200 loss: 0.2825
[Epoch 138] step 210 loss: 0.1248
[Epoch 138] step 220 loss: 0.1562
==== Epoch 138 avg loss: 0.0961 ====
[Epoch 139] step 0 loss: 0.0789
[Epoch 139] step 10 loss: 0.0704
[Epoch 139] step 20 loss: 0.0745
[Epoch 139] step 30 loss: 0.0852
[Epoch 139] step 40 loss: 0.0735
[Epoch 139] step 50 loss: 0.0908
[Epoch 139] step 60 loss: 0.0693
[Epoch 139] step 70 loss: 0.0684
[Epoch 139] step 80 loss: 0.0650
[Epoch 139] step 90 loss: 0.0523
[Epoch 139] step 100 loss: 0.0620
[Epoch 139] step 110 loss: 0.0634
[Epoch 139] step 120 loss: 0.1005
[Epoch 139] step 130 loss: 0.0638
[Epoch 139] step 140 loss: 0.0700
[Epoch 139] step 150 loss: 0.0644
[Epoch 139] step 160 loss: 0.0689
[Epoch 139] step 170 loss: 0.0869
[Epoch 139] step 180 loss: 0.0568
[Epoch 139] step 190 loss: 0.0601
[Epoch 139] step 200 loss: 0.0773
[Epoch 139] step 210 loss: 0.1436
[Epoch 139] step 220 loss: 0.0679
==== Epoch 139 avg loss: 0.0723 ====
[Epoch 140] step 0 loss: 0.0734
[Epoch 140] step 10 loss: 0.0661
[Epoch 140] step 20 loss: 0.0593
[Epoch 140] step 30 loss: 0.0760
[Epoch 140] step 40 loss: 0.0587
[Epoch 140] step 50 loss: 0.0710
[Epoch 140] step 60 loss: 0.0608
[Epoch 140] step 70 loss: 0.0971
[Epoch 140] step 80 loss: 0.1165
[Epoch 140] step 90 loss: 0.0721
[Epoch 140] step 100 loss: 0.0586
[Epoch 140] step 110 loss: 0.0744
[Epoch 140] step 120 loss: 0.0747
[Epoch 140] step 130 loss: 0.0766
[Epoch 140] step 140 loss: 0.0597
[Epoch 140] step 150 loss: 0.0674
[Epoch 140] step 160 loss: 0.0726
[Epoch 140] step 170 loss: 0.0510
[Epoch 140] step 180 loss: 0.0572
[Epoch 140] step 190 loss: 0.0709
[Epoch 140] step 200 loss: 0.0527
[Epoch 140] step 210 loss: 0.0945
[Epoch 140] step 220 loss: 0.0674
==== Epoch 140 avg loss: 0.0660 ====
[Epoch 141] step 0 loss: 0.0789
[Epoch 141] step 10 loss: 0.0553
[Epoch 141] step 20 loss: 0.0690
[Epoch 141] step 30 loss: 0.0724
[Epoch 141] step 40 loss: 0.0556
[Epoch 141] step 50 loss: 0.0698
[Epoch 141] step 60 loss: 0.0483
[Epoch 141] step 70 loss: 0.0602
[Epoch 141] step 80 loss: 0.0653
[Epoch 141] step 90 loss: 0.0737
[Epoch 141] step 100 loss: 0.0587
[Epoch 141] step 110 loss: 0.0579
[Epoch 141] step 120 loss: 0.0657
[Epoch 141] step 130 loss: 0.0621
[Epoch 141] step 140 loss: 0.0677
[Epoch 141] step 150 loss: 0.0784
[Epoch 141] step 160 loss: 0.0596
[Epoch 141] step 170 loss: 0.0642
[Epoch 141] step 180 loss: 0.0836
[Epoch 141] step 190 loss: 0.0686
[Epoch 141] step 200 loss: 0.0735
[Epoch 141] step 210 loss: 0.0458
[Epoch 141] step 220 loss: 0.0685
==== Epoch 141 avg loss: 0.0670 ====
[Epoch 142] step 0 loss: 0.0424
[Epoch 142] step 10 loss: 0.0616
[Epoch 142] step 20 loss: 0.0582
[Epoch 142] step 30 loss: 0.0874
[Epoch 142] step 40 loss: 0.0999
[Epoch 142] step 50 loss: 0.1146
[Epoch 142] step 60 loss: 0.0651
[Epoch 142] step 70 loss: 0.0868
[Epoch 142] step 80 loss: 0.1430
[Epoch 142] step 90 loss: 0.0702
[Epoch 142] step 100 loss: 0.0732
[Epoch 142] step 110 loss: 0.0688
[Epoch 142] step 120 loss: 0.0759
[Epoch 142] step 130 loss: 0.0687
[Epoch 142] step 140 loss: 0.0697
[Epoch 142] step 150 loss: 0.0680
[Epoch 142] step 160 loss: 0.0571
[Epoch 142] step 170 loss: 0.0451
[Epoch 142] step 180 loss: 0.0386
[Epoch 142] step 190 loss: 0.0393
[Epoch 142] step 200 loss: 0.0575
[Epoch 142] step 210 loss: 0.1040
[Epoch 142] step 220 loss: 0.0558
==== Epoch 142 avg loss: 0.0716 ====
[Epoch 143] step 0 loss: 0.0432
[Epoch 143] step 10 loss: 0.0307
[Epoch 143] step 20 loss: 0.0658
[Epoch 143] step 30 loss: 0.0745
[Epoch 143] step 40 loss: 0.0501
[Epoch 143] step 50 loss: 0.0817
[Epoch 143] step 60 loss: 0.0656
[Epoch 143] step 70 loss: 0.0429
[Epoch 143] step 80 loss: 0.0675
[Epoch 143] step 90 loss: 0.0538
[Epoch 143] step 100 loss: 0.0592
[Epoch 143] step 110 loss: 0.0866
[Epoch 143] step 120 loss: 0.0777
[Epoch 143] step 130 loss: 0.0908
[Epoch 143] step 140 loss: 0.0574
[Epoch 143] step 150 loss: 0.0693
[Epoch 143] step 160 loss: 0.0744
[Epoch 143] step 170 loss: 0.0679
[Epoch 143] step 180 loss: 0.0527
[Epoch 143] step 190 loss: 0.0567
[Epoch 143] step 200 loss: 0.0387
[Epoch 143] step 210 loss: 0.0493
[Epoch 143] step 220 loss: 0.0631
==== Epoch 143 avg loss: 0.0641 ====
[Epoch 144] step 0 loss: 0.0448
[Epoch 144] step 10 loss: 0.0386
[Epoch 144] step 20 loss: 0.0567
[Epoch 144] step 30 loss: 0.0373
[Epoch 144] step 40 loss: 0.0345
[Epoch 144] step 50 loss: 0.0793
[Epoch 144] step 60 loss: 0.0505
[Epoch 144] step 70 loss: 0.0549
[Epoch 144] step 80 loss: 0.0478
[Epoch 144] step 90 loss: 0.0564
[Epoch 144] step 100 loss: 0.0501
[Epoch 144] step 110 loss: 0.0595
[Epoch 144] step 120 loss: 0.0525
[Epoch 144] step 130 loss: 0.0663
[Epoch 144] step 140 loss: 0.0637
[Epoch 144] step 150 loss: 0.0513
[Epoch 144] step 160 loss: 0.0440
[Epoch 144] step 170 loss: 0.0931
[Epoch 144] step 180 loss: 0.0439
[Epoch 144] step 190 loss: 0.0511
[Epoch 144] step 200 loss: 0.0580
[Epoch 144] step 210 loss: 0.0665
[Epoch 144] step 220 loss: 0.0444
==== Epoch 144 avg loss: 0.0632 ====
[Epoch 145] step 0 loss: 0.0634
[Epoch 145] step 10 loss: 0.0654
[Epoch 145] step 20 loss: 0.0615
[Epoch 145] step 30 loss: 0.0315
[Epoch 145] step 40 loss: 0.0500
[Epoch 145] step 50 loss: 0.1272
[Epoch 145] step 60 loss: 0.0475
[Epoch 145] step 70 loss: 0.0431
[Epoch 145] step 80 loss: 0.0770
[Epoch 145] step 90 loss: 0.1623
[Epoch 145] step 100 loss: 0.0735
[Epoch 145] step 110 loss: 0.0548
[Epoch 145] step 120 loss: 0.0658
[Epoch 145] step 130 loss: 0.0677
[Epoch 145] step 140 loss: 0.0527
[Epoch 145] step 150 loss: 0.0426
[Epoch 145] step 160 loss: 0.0597
[Epoch 145] step 170 loss: 0.0708
[Epoch 145] step 180 loss: 0.0869
[Epoch 145] step 190 loss: 0.0614
[Epoch 145] step 200 loss: 0.0546
[Epoch 145] step 210 loss: 0.0478
[Epoch 145] step 220 loss: 0.0361
==== Epoch 145 avg loss: 0.0605 ====
[Epoch 146] step 0 loss: 0.0426
[Epoch 146] step 10 loss: 0.0479
[Epoch 146] step 20 loss: 0.0634
[Epoch 146] step 30 loss: 0.0405
[Epoch 146] step 40 loss: 0.0677
[Epoch 146] step 50 loss: 0.0921
[Epoch 146] step 60 loss: 0.0566
[Epoch 146] step 70 loss: 0.0586
[Epoch 146] step 80 loss: 0.0556
[Epoch 146] step 90 loss: 0.0485
[Epoch 146] step 100 loss: 0.0527
[Epoch 146] step 110 loss: 0.0693
[Epoch 146] step 120 loss: 0.0699
[Epoch 146] step 130 loss: 0.0545
[Epoch 146] step 140 loss: 0.0391
[Epoch 146] step 150 loss: 0.0545
[Epoch 146] step 160 loss: 0.0523
[Epoch 146] step 170 loss: 0.0781
[Epoch 146] step 180 loss: 0.0363
[Epoch 146] step 190 loss: 0.0545
[Epoch 146] step 200 loss: 0.0400
[Epoch 146] step 210 loss: 0.0494
[Epoch 146] step 220 loss: 0.0398
==== Epoch 146 avg loss: 0.0635 ====
[Epoch 147] step 0 loss: 0.0485
[Epoch 147] step 10 loss: 0.0457
[Epoch 147] step 20 loss: 0.0646
[Epoch 147] step 30 loss: 0.1973
[Epoch 147] step 40 loss: 0.1571
[Epoch 147] step 50 loss: 0.0356
[Epoch 147] step 60 loss: 0.0368
[Epoch 147] step 70 loss: 0.0576
[Epoch 147] step 80 loss: 0.0572
[Epoch 147] step 90 loss: 0.0543
[Epoch 147] step 100 loss: 0.0493
[Epoch 147] step 110 loss: 0.0660
[Epoch 147] step 120 loss: 0.0373
[Epoch 147] step 130 loss: 0.0598
[Epoch 147] step 140 loss: 0.0578
[Epoch 147] step 150 loss: 0.0444
[Epoch 147] step 160 loss: 0.0373
[Epoch 147] step 170 loss: 0.0557
[Epoch 147] step 180 loss: 0.0445
[Epoch 147] step 190 loss: 0.0420
[Epoch 147] step 200 loss: 0.0467
[Epoch 147] step 210 loss: 0.0479
[Epoch 147] step 220 loss: 0.0646
==== Epoch 147 avg loss: 0.0611 ====
[Epoch 148] step 0 loss: 0.0772
[Epoch 148] step 10 loss: 0.0357
[Epoch 148] step 20 loss: 0.0441
[Epoch 148] step 30 loss: 0.0467
[Epoch 148] step 40 loss: 0.0265
[Epoch 148] step 50 loss: 0.0315
[Epoch 148] step 60 loss: 0.0408
[Epoch 148] step 70 loss: 0.0356
[Epoch 148] step 80 loss: 0.0378
[Epoch 148] step 90 loss: 0.0454
[Epoch 148] step 100 loss: 0.0424
[Epoch 148] step 110 loss: 0.0373
[Epoch 148] step 120 loss: 0.0415
[Epoch 148] step 130 loss: 0.0506
[Epoch 148] step 140 loss: 0.0365
[Epoch 148] step 150 loss: 0.0331
[Epoch 148] step 160 loss: 0.0290
[Epoch 148] step 170 loss: 0.0399
[Epoch 148] step 180 loss: 0.0361
[Epoch 148] step 190 loss: 0.0426
[Epoch 148] step 200 loss: 0.0457
[Epoch 148] step 210 loss: 0.0380
[Epoch 148] step 220 loss: 0.0590
==== Epoch 148 avg loss: 0.0424 ====
[Epoch 149] step 0 loss: 0.0333
[Epoch 149] step 10 loss: 0.0785
[Epoch 149] step 20 loss: 0.0430
[Epoch 149] step 30 loss: 0.0429
[Epoch 149] step 40 loss: 0.0331
[Epoch 149] step 50 loss: 0.0559
[Epoch 149] step 60 loss: 0.0372
[Epoch 149] step 70 loss: 0.0495
[Epoch 149] step 80 loss: 0.0605
[Epoch 149] step 90 loss: 0.0580
[Epoch 149] step 100 loss: 0.0533
[Epoch 149] step 110 loss: 0.0618
[Epoch 149] step 120 loss: 0.0408
[Epoch 149] step 130 loss: 0.0473
[Epoch 149] step 140 loss: 0.0448
[Epoch 149] step 150 loss: 0.1238
[Epoch 149] step 160 loss: 0.0312
[Epoch 149] step 170 loss: 0.0626
[Epoch 149] step 180 loss: 0.1358
[Epoch 149] step 190 loss: 0.0381
[Epoch 149] step 200 loss: 0.0588
[Epoch 149] step 210 loss: 0.0426
[Epoch 149] step 220 loss: 0.0389
==== Epoch 149 avg loss: 0.0541 ====
[Epoch 150] step 0 loss: 0.0271
[Epoch 150] step 10 loss: 0.0367
[Epoch 150] step 20 loss: 0.0282
[Epoch 150] step 30 loss: 0.0519
[Epoch 150] step 40 loss: 0.0435
[Epoch 150] step 50 loss: 0.0523
[Epoch 150] step 60 loss: 0.0325
[Epoch 150] step 70 loss: 0.0564
[Epoch 150] step 80 loss: 0.0330
[Epoch 150] step 90 loss: 0.0492
[Epoch 150] step 100 loss: 0.0293
[Epoch 150] step 110 loss: 0.0254
[Epoch 150] step 120 loss: 0.0563
[Epoch 150] step 130 loss: 0.0431
[Epoch 150] step 140 loss: 0.0553
[Epoch 150] step 150 loss: 0.0870
[Epoch 150] step 160 loss: 0.1259
[Epoch 150] step 170 loss: 0.0349
[Epoch 150] step 180 loss: 0.0447
[Epoch 150] step 190 loss: 0.0474
[Epoch 150] step 200 loss: 0.0431
[Epoch 150] step 210 loss: 0.0481
[Epoch 150] step 220 loss: 0.0537
==== Epoch 150 avg loss: 0.0540 ====
[Epoch 151] step 0 loss: 0.0329
[Epoch 151] step 10 loss: 0.0796
[Epoch 151] step 20 loss: 0.0608
[Epoch 151] step 30 loss: 0.0673
[Epoch 151] step 40 loss: 0.0666
[Epoch 151] step 50 loss: 0.0395
[Epoch 151] step 60 loss: 0.0906
[Epoch 151] step 70 loss: 0.0434
[Epoch 151] step 80 loss: 0.0368
[Epoch 151] step 90 loss: 0.0482
[Epoch 151] step 100 loss: 0.0859
[Epoch 151] step 110 loss: 0.0316
[Epoch 151] step 120 loss: 0.0540
[Epoch 151] step 130 loss: 0.0419
[Epoch 151] step 140 loss: 0.0265
[Epoch 151] step 150 loss: 0.0676
[Epoch 151] step 160 loss: 0.0320
[Epoch 151] step 170 loss: 0.0600
[Epoch 151] step 180 loss: 0.0497
[Epoch 151] step 190 loss: 0.0324
[Epoch 151] step 200 loss: 0.0425
[Epoch 151] step 210 loss: 0.0547
[Epoch 151] step 220 loss: 0.0404
==== Epoch 151 avg loss: 0.0488 ====
[Epoch 152] step 0 loss: 0.0372
[Epoch 152] step 10 loss: 0.0355
[Epoch 152] step 20 loss: 0.0313
[Epoch 152] step 30 loss: 0.0293
[Epoch 152] step 40 loss: 0.0443
[Epoch 152] step 50 loss: 0.0296
[Epoch 152] step 60 loss: 0.0336
[Epoch 152] step 70 loss: 0.0372
[Epoch 152] step 80 loss: 0.0735
[Epoch 152] step 90 loss: 0.0248
[Epoch 152] step 100 loss: 0.0691
[Epoch 152] step 110 loss: 0.0576
[Epoch 152] step 120 loss: 0.0409
[Epoch 152] step 130 loss: 0.0394
[Epoch 152] step 140 loss: 0.0317
[Epoch 152] step 150 loss: 0.0529
[Epoch 152] step 160 loss: 0.0458
[Epoch 152] step 170 loss: 0.0895
[Epoch 152] step 180 loss: 0.0445
[Epoch 152] step 190 loss: 0.0361
[Epoch 152] step 200 loss: 0.0459
[Epoch 152] step 210 loss: 0.0429
[Epoch 152] step 220 loss: 0.0309
==== Epoch 152 avg loss: 0.0430 ====
[Epoch 153] step 0 loss: 0.0300
[Epoch 153] step 10 loss: 0.0266
[Epoch 153] step 20 loss: 0.0252
[Epoch 153] step 30 loss: 0.0614
[Epoch 153] step 40 loss: 0.0640
[Epoch 153] step 50 loss: 0.0552
[Epoch 153] step 60 loss: 0.0372
[Epoch 153] step 70 loss: 0.1006
[Epoch 153] step 80 loss: 0.0959
[Epoch 153] step 90 loss: 0.0298
[Epoch 153] step 100 loss: 0.0481
[Epoch 153] step 110 loss: 0.0320
[Epoch 153] step 120 loss: 0.0606
[Epoch 153] step 130 loss: 0.0244
[Epoch 153] step 140 loss: 0.0586
[Epoch 153] step 150 loss: 0.0346
[Epoch 153] step 160 loss: 0.0312
[Epoch 153] step 170 loss: 0.0320
[Epoch 153] step 180 loss: 0.0295
[Epoch 153] step 190 loss: 0.0462
[Epoch 153] step 200 loss: 0.0182
[Epoch 153] step 210 loss: 0.0314
[Epoch 153] step 220 loss: 0.0291
==== Epoch 153 avg loss: 0.0437 ====
[Epoch 154] step 0 loss: 0.0456
[Epoch 154] step 10 loss: 0.0318
[Epoch 154] step 20 loss: 0.0316
[Epoch 154] step 30 loss: 0.0276
[Epoch 154] step 40 loss: 0.0332
[Epoch 154] step 50 loss: 0.0277
[Epoch 154] step 60 loss: 0.1257
[Epoch 154] step 70 loss: 0.0242
[Epoch 154] step 80 loss: 0.0309
[Epoch 154] step 90 loss: 0.0367
[Epoch 154] step 100 loss: 0.0252
[Epoch 154] step 110 loss: 0.0233
[Epoch 154] step 120 loss: 0.0295
[Epoch 154] step 130 loss: 0.0276
[Epoch 154] step 140 loss: 0.0851
[Epoch 154] step 150 loss: 0.0295
[Epoch 154] step 160 loss: 0.0322
[Epoch 154] step 170 loss: 0.0336
[Epoch 154] step 180 loss: 0.3162
[Epoch 154] step 190 loss: 0.0198
[Epoch 154] step 200 loss: 0.0372
[Epoch 154] step 210 loss: 0.0283
[Epoch 154] step 220 loss: 0.0377
==== Epoch 154 avg loss: 0.0435 ====
[Epoch 155] step 0 loss: 0.0282
[Epoch 155] step 10 loss: 0.0245
[Epoch 155] step 20 loss: 0.0388
[Epoch 155] step 30 loss: 0.0987
[Epoch 155] step 40 loss: 0.0191
[Epoch 155] step 50 loss: 0.0588
[Epoch 155] step 60 loss: 0.0155
[Epoch 155] step 70 loss: 0.0291
[Epoch 155] step 80 loss: 0.0203
[Epoch 155] step 90 loss: 0.0261
[Epoch 155] step 100 loss: 0.0267
[Epoch 155] step 110 loss: 0.0602
[Epoch 155] step 120 loss: 0.0390
[Epoch 155] step 130 loss: 0.0230
[Epoch 155] step 140 loss: 0.0246
[Epoch 155] step 150 loss: 0.0381
[Epoch 155] step 160 loss: 0.0300
[Epoch 155] step 170 loss: 0.0315
[Epoch 155] step 180 loss: 0.0229
[Epoch 155] step 190 loss: 0.0270
[Epoch 155] step 200 loss: 0.0419
[Epoch 155] step 210 loss: 0.1136
[Epoch 155] step 220 loss: 0.0295
==== Epoch 155 avg loss: 0.0348 ====
[Epoch 156] step 0 loss: 0.0170
[Epoch 156] step 10 loss: 0.0317
[Epoch 156] step 20 loss: 0.0206
[Epoch 156] step 30 loss: 0.0164
[Epoch 156] step 40 loss: 0.0330
[Epoch 156] step 50 loss: 0.0196
[Epoch 156] step 60 loss: 0.0306
[Epoch 156] step 70 loss: 0.0550
[Epoch 156] step 80 loss: 0.0294
[Epoch 156] step 90 loss: 0.0286
[Epoch 156] step 100 loss: 0.0189
[Epoch 156] step 110 loss: 0.0163
[Epoch 156] step 120 loss: 0.0314
[Epoch 156] step 130 loss: 0.0544
[Epoch 156] step 140 loss: 0.1345
[Epoch 156] step 150 loss: 0.0529
[Epoch 156] step 160 loss: 0.0238
[Epoch 156] step 170 loss: 0.0235
[Epoch 156] step 180 loss: 0.0240
[Epoch 156] step 190 loss: 0.0265
[Epoch 156] step 200 loss: 0.0255
[Epoch 156] step 210 loss: 0.0341
[Epoch 156] step 220 loss: 0.0304
==== Epoch 156 avg loss: 0.0341 ====
[Epoch 157] step 0 loss: 0.0160
[Epoch 157] step 10 loss: 0.0236
[Epoch 157] step 20 loss: 0.0302
[Epoch 157] step 30 loss: 0.0235
[Epoch 157] step 40 loss: 0.0142
[Epoch 157] step 50 loss: 0.0277
[Epoch 157] step 60 loss: 0.0452
[Epoch 157] step 70 loss: 0.1619
[Epoch 157] step 80 loss: 0.0451
[Epoch 157] step 90 loss: 0.0259
[Epoch 157] step 100 loss: 0.0508
[Epoch 157] step 110 loss: 0.0292
[Epoch 157] step 120 loss: 0.0249
[Epoch 157] step 130 loss: 0.0212
[Epoch 157] step 140 loss: 0.0459
[Epoch 157] step 150 loss: 0.0185
[Epoch 157] step 160 loss: 0.0250
[Epoch 157] step 170 loss: 0.0199
[Epoch 157] step 180 loss: 0.0139
[Epoch 157] step 190 loss: 0.0379
[Epoch 157] step 200 loss: 0.0184
[Epoch 157] step 210 loss: 0.0118
[Epoch 157] step 220 loss: 0.0165
==== Epoch 157 avg loss: 0.0310 ====
[Epoch 158] step 0 loss: 0.0341
[Epoch 158] step 10 loss: 0.0218
[Epoch 158] step 20 loss: 0.0139
[Epoch 158] step 30 loss: 0.0124
[Epoch 158] step 40 loss: 0.0238
[Epoch 158] step 50 loss: 0.0157
[Epoch 158] step 60 loss: 0.0385
[Epoch 158] step 70 loss: 0.0099
[Epoch 158] step 80 loss: 0.0276
[Epoch 158] step 90 loss: 0.0148
[Epoch 158] step 100 loss: 0.0374
[Epoch 158] step 110 loss: 0.0078
[Epoch 158] step 120 loss: 0.0365
[Epoch 158] step 130 loss: 0.0521
[Epoch 158] step 140 loss: 0.0155
[Epoch 158] step 150 loss: 0.0181
[Epoch 158] step 160 loss: 0.0142
[Epoch 158] step 170 loss: 0.0210
[Epoch 158] step 180 loss: 0.0162
[Epoch 158] step 190 loss: 0.0128
[Epoch 158] step 200 loss: 0.0114
[Epoch 158] step 210 loss: 0.0126
[Epoch 158] step 220 loss: 0.0309
==== Epoch 158 avg loss: 0.0198 ====
[Epoch 159] step 0 loss: 0.0126
[Epoch 159] step 10 loss: 0.0112
[Epoch 159] step 20 loss: 0.0187
[Epoch 159] step 30 loss: 0.0125
[Epoch 159] step 40 loss: 0.0292
[Epoch 159] step 50 loss: 0.0330
[Epoch 159] step 60 loss: 0.0190
[Epoch 159] step 70 loss: 0.0210
[Epoch 159] step 80 loss: 0.0210
[Epoch 159] step 90 loss: 0.0182
[Epoch 159] step 100 loss: 0.0097
[Epoch 159] step 110 loss: 0.0123
[Epoch 159] step 120 loss: 0.0076
[Epoch 159] step 130 loss: 0.0133
[Epoch 159] step 140 loss: 0.0685
[Epoch 159] step 150 loss: 0.0196
[Epoch 159] step 160 loss: 0.0103
[Epoch 159] step 170 loss: 0.0178
[Epoch 159] step 180 loss: 0.0178
[Epoch 159] step 190 loss: 0.0338
[Epoch 159] step 200 loss: 0.0221
[Epoch 159] step 210 loss: 0.0180
[Epoch 159] step 220 loss: 0.0102
==== Epoch 159 avg loss: 0.0206 ====
[Epoch 160] step 0 loss: 0.0126
[Epoch 160] step 10 loss: 0.0373
[Epoch 160] step 20 loss: 0.0233
[Epoch 160] step 30 loss: 0.0109
[Epoch 160] step 40 loss: 0.0261
[Epoch 160] step 50 loss: 0.0283
[Epoch 160] step 60 loss: 0.0190
[Epoch 160] step 70 loss: 0.0130
[Epoch 160] step 80 loss: 0.0247
[Epoch 160] step 90 loss: 0.0325
[Epoch 160] step 100 loss: 0.0093
[Epoch 160] step 110 loss: 0.0163
[Epoch 160] step 120 loss: 0.0272
[Epoch 160] step 130 loss: 0.0170
[Epoch 160] step 140 loss: 0.0276
[Epoch 160] step 150 loss: 0.0184
[Epoch 160] step 160 loss: 0.0237
[Epoch 160] step 170 loss: 0.0134
[Epoch 160] step 180 loss: 0.0138
[Epoch 160] step 190 loss: 0.0074
[Epoch 160] step 200 loss: 0.0222
[Epoch 160] step 210 loss: 0.0249
[Epoch 160] step 220 loss: 0.0129
==== Epoch 160 avg loss: 0.0190 ====
[Epoch 161] step 0 loss: 0.0130
[Epoch 161] step 10 loss: 0.0168
[Epoch 161] step 20 loss: 0.0152
[Epoch 161] step 30 loss: 0.0138
[Epoch 161] step 40 loss: 0.0123
[Epoch 161] step 50 loss: 0.0101
[Epoch 161] step 60 loss: 0.0131
[Epoch 161] step 70 loss: 0.0106
[Epoch 161] step 80 loss: 0.0112
[Epoch 161] step 90 loss: 0.0196
[Epoch 161] step 100 loss: 0.0084
[Epoch 161] step 110 loss: 0.0186
[Epoch 161] step 120 loss: 0.0331
[Epoch 161] step 130 loss: 0.0177
[Epoch 161] step 140 loss: 0.0180
[Epoch 161] step 150 loss: 0.0102
[Epoch 161] step 160 loss: 0.0166
[Epoch 161] step 170 loss: 0.0070
[Epoch 161] step 180 loss: 0.0110
[Epoch 161] step 190 loss: 0.0237
[Epoch 161] step 200 loss: 0.0105
[Epoch 161] step 210 loss: 0.0198
[Epoch 161] step 220 loss: 0.0127
==== Epoch 161 avg loss: 0.0159 ====
[Epoch 162] step 0 loss: 0.0100
[Epoch 162] step 10 loss: 0.0210
[Epoch 162] step 20 loss: 0.0087
[Epoch 162] step 30 loss: 0.0251
[Epoch 162] step 40 loss: 0.0243
[Epoch 162] step 50 loss: 0.0097
[Epoch 162] step 60 loss: 0.0124
[Epoch 162] step 70 loss: 0.0077
[Epoch 162] step 80 loss: 0.0136
[Epoch 162] step 90 loss: 0.0237
[Epoch 162] step 100 loss: 0.0113
[Epoch 162] step 110 loss: 0.0144
[Epoch 162] step 120 loss: 0.0210
[Epoch 162] step 130 loss: 0.0145
[Epoch 162] step 140 loss: 0.0187
[Epoch 162] step 150 loss: 0.0079
[Epoch 162] step 160 loss: 0.0196
[Epoch 162] step 170 loss: 0.0138
[Epoch 162] step 180 loss: 0.0273
[Epoch 162] step 190 loss: 0.0071
[Epoch 162] step 200 loss: 0.0188
[Epoch 162] step 210 loss: 0.0186
[Epoch 162] step 220 loss: 0.0140
==== Epoch 162 avg loss: 0.0180 ====
[Epoch 163] step 0 loss: 0.0112
[Epoch 163] step 10 loss: 0.0139
[Epoch 163] step 20 loss: 0.0146
[Epoch 163] step 30 loss: 0.0248
[Epoch 163] step 40 loss: 0.0074
[Epoch 163] step 50 loss: 0.0304
[Epoch 163] step 60 loss: 0.0284
[Epoch 163] step 70 loss: 0.0207
[Epoch 163] step 80 loss: 0.0045
[Epoch 163] step 90 loss: 0.0102
[Epoch 163] step 100 loss: 0.0060
[Epoch 163] step 110 loss: 0.0122
[Epoch 163] step 120 loss: 0.0419
[Epoch 163] step 130 loss: 0.0080
[Epoch 163] step 140 loss: 0.0106
[Epoch 163] step 150 loss: 0.0213
[Epoch 163] step 160 loss: 0.0267
[Epoch 163] step 170 loss: 0.0108
[Epoch 163] step 180 loss: 0.0154
[Epoch 163] step 190 loss: 0.0146
[Epoch 163] step 200 loss: 0.0153
[Epoch 163] step 210 loss: 0.0378
[Epoch 163] step 220 loss: 0.0039
==== Epoch 163 avg loss: 0.0181 ====
[Epoch 164] step 0 loss: 0.0156
[Epoch 164] step 10 loss: 0.0055
[Epoch 164] step 20 loss: 0.0087
[Epoch 164] step 30 loss: 0.0085
[Epoch 164] step 40 loss: 0.0054
[Epoch 164] step 50 loss: 0.0061
[Epoch 164] step 60 loss: 0.0103
[Epoch 164] step 70 loss: 0.0078
[Epoch 164] step 80 loss: 0.0187
[Epoch 164] step 90 loss: 0.0170
[Epoch 164] step 100 loss: 0.0111
[Epoch 164] step 110 loss: 0.0354
[Epoch 164] step 120 loss: 0.0105
[Epoch 164] step 130 loss: 0.0116
[Epoch 164] step 140 loss: 0.0105
[Epoch 164] step 150 loss: 0.0093
[Epoch 164] step 160 loss: 0.0239
[Epoch 164] step 170 loss: 0.0158
[Epoch 164] step 180 loss: 0.0081
[Epoch 164] step 190 loss: 0.0170
[Epoch 164] step 200 loss: 0.0109
[Epoch 164] step 210 loss: 0.0185
[Epoch 164] step 220 loss: 0.0084
==== Epoch 164 avg loss: 0.0151 ====
[Epoch 165] step 0 loss: 0.0047
[Epoch 165] step 10 loss: 0.0057
[Epoch 165] step 20 loss: 0.0134
[Epoch 165] step 30 loss: 0.0046
[Epoch 165] step 40 loss: 0.0098
[Epoch 165] step 50 loss: 0.0120
[Epoch 165] step 60 loss: 0.0409
[Epoch 165] step 70 loss: 0.0100
[Epoch 165] step 80 loss: 0.0109
[Epoch 165] step 90 loss: 0.0161
[Epoch 165] step 100 loss: 0.0083
[Epoch 165] step 110 loss: 0.0052
[Epoch 165] step 120 loss: 0.0100
[Epoch 165] step 130 loss: 0.0142
[Epoch 165] step 140 loss: 0.0119
[Epoch 165] step 150 loss: 0.0279
[Epoch 165] step 160 loss: 0.0074
[Epoch 165] step 170 loss: 0.0040
[Epoch 165] step 180 loss: 0.0154
[Epoch 165] step 190 loss: 0.0198
[Epoch 165] step 200 loss: 0.0177
[Epoch 165] step 210 loss: 0.0426
[Epoch 165] step 220 loss: 0.0105
==== Epoch 165 avg loss: 0.0160 ====
[Epoch 166] step 0 loss: 0.0416
[Epoch 166] step 10 loss: 0.0052
[Epoch 166] step 20 loss: 0.0177
[Epoch 166] step 30 loss: 0.0100
[Epoch 166] step 40 loss: 0.0117
[Epoch 166] step 50 loss: 0.0076
[Epoch 166] step 60 loss: 0.0109
[Epoch 166] step 70 loss: 0.0074
[Epoch 166] step 80 loss: 0.0391
[Epoch 166] step 90 loss: 0.0354
[Epoch 166] step 100 loss: 0.0168
[Epoch 166] step 110 loss: 0.0199
[Epoch 166] step 120 loss: 0.0551
[Epoch 166] step 130 loss: 0.0241
[Epoch 166] step 140 loss: 0.0143
[Epoch 166] step 150 loss: 0.0267
[Epoch 166] step 160 loss: 0.0435
[Epoch 166] step 170 loss: 0.0170
[Epoch 166] step 180 loss: 0.0119
[Epoch 166] step 190 loss: 0.0322
[Epoch 166] step 200 loss: 0.0219
[Epoch 166] step 210 loss: 0.0305
[Epoch 166] step 220 loss: 0.0206
==== Epoch 166 avg loss: 0.0254 ====
[Epoch 167] step 0 loss: 0.0124
[Epoch 167] step 10 loss: 0.0240
[Epoch 167] step 20 loss: 0.0179
[Epoch 167] step 30 loss: 0.0628
[Epoch 167] step 40 loss: 0.0149
[Epoch 167] step 50 loss: 0.0118
[Epoch 167] step 60 loss: 0.0094
[Epoch 167] step 70 loss: 0.0257
[Epoch 167] step 80 loss: 0.0196
[Epoch 167] step 90 loss: 0.0113
[Epoch 167] step 100 loss: 0.0169
[Epoch 167] step 110 loss: 0.0159
[Epoch 167] step 120 loss: 0.0239
[Epoch 167] step 130 loss: 0.1026
[Epoch 167] step 140 loss: 0.0300
[Epoch 167] step 150 loss: 0.0622
[Epoch 167] step 160 loss: 0.0126
[Epoch 167] step 170 loss: 0.0559
[Epoch 167] step 180 loss: 0.0087
[Epoch 167] step 190 loss: 0.0149
[Epoch 167] step 200 loss: 0.0374
[Epoch 167] step 210 loss: 0.0221
[Epoch 167] step 220 loss: 0.0204
==== Epoch 167 avg loss: 0.0296 ====
[Epoch 168] step 0 loss: 0.0097
[Epoch 168] step 10 loss: 0.0285
[Epoch 168] step 20 loss: 0.0907
[Epoch 168] step 30 loss: 0.0174
[Epoch 168] step 40 loss: 0.0218
[Epoch 168] step 50 loss: 0.1338
[Epoch 168] step 60 loss: 0.0303
[Epoch 168] step 70 loss: 0.0176
[Epoch 168] step 80 loss: 0.0040
[Epoch 168] step 90 loss: 0.0158
[Epoch 168] step 100 loss: 0.0153
[Epoch 168] step 110 loss: 0.0282
[Epoch 168] step 120 loss: 0.0141
[Epoch 168] step 130 loss: 0.0105
[Epoch 168] step 140 loss: 0.0225
[Epoch 168] step 150 loss: 0.0430
[Epoch 168] step 160 loss: 0.0160
[Epoch 168] step 170 loss: 0.0206
[Epoch 168] step 180 loss: 0.0167
[Epoch 168] step 190 loss: 0.0178
[Epoch 168] step 200 loss: 0.0064
[Epoch 168] step 210 loss: 0.0112
[Epoch 168] step 220 loss: 0.0152
==== Epoch 168 avg loss: 0.0254 ====
[Epoch 169] step 0 loss: 0.0115
[Epoch 169] step 10 loss: 0.0141
[Epoch 169] step 20 loss: 0.0112
[Epoch 169] step 30 loss: 0.0123
[Epoch 169] step 40 loss: 0.1678
[Epoch 169] step 50 loss: 0.0101
[Epoch 169] step 60 loss: 0.0302
[Epoch 169] step 70 loss: 0.0111
[Epoch 169] step 80 loss: 0.0100
[Epoch 169] step 90 loss: 0.0094
[Epoch 169] step 100 loss: 0.0129
[Epoch 169] step 110 loss: 0.0066
[Epoch 169] step 120 loss: 0.0065
[Epoch 169] step 130 loss: 0.0260
[Epoch 169] step 140 loss: 0.0812
[Epoch 169] step 150 loss: 0.0103
[Epoch 169] step 160 loss: 0.0098
[Epoch 169] step 170 loss: 0.0123
[Epoch 169] step 180 loss: 0.0074
[Epoch 169] step 190 loss: 0.0132
[Epoch 169] step 200 loss: 0.0119
[Epoch 169] step 210 loss: 0.0248
[Epoch 169] step 220 loss: 0.0409
==== Epoch 169 avg loss: 0.0236 ====
[Epoch 170] step 0 loss: 0.0309
[Epoch 170] step 10 loss: 0.0135
[Epoch 170] step 20 loss: 0.0107
[Epoch 170] step 30 loss: 0.0223
[Epoch 170] step 40 loss: 0.0137
[Epoch 170] step 50 loss: 0.0118
[Epoch 170] step 60 loss: 0.0046
[Epoch 170] step 70 loss: 0.0231
[Epoch 170] step 80 loss: 0.0072
[Epoch 170] step 90 loss: 0.1241
[Epoch 170] step 100 loss: 0.0064
[Epoch 170] step 110 loss: 0.0098
[Epoch 170] step 120 loss: 0.0144
[Epoch 170] step 130 loss: 0.0150
[Epoch 170] step 140 loss: 0.0117
[Epoch 170] step 150 loss: 0.0080
[Epoch 170] step 160 loss: 0.0158
[Epoch 170] step 170 loss: 0.0558
[Epoch 170] step 180 loss: 0.0215
[Epoch 170] step 190 loss: 0.0583
[Epoch 170] step 200 loss: 0.1373
[Epoch 170] step 210 loss: 0.0338
[Epoch 170] step 220 loss: 0.1037
==== Epoch 170 avg loss: 0.0275 ====
[Epoch 171] step 0 loss: 0.0670
[Epoch 171] step 10 loss: 0.0253
[Epoch 171] step 20 loss: 0.0083
[Epoch 171] step 30 loss: 0.0060
[Epoch 171] step 40 loss: 0.0056
[Epoch 171] step 50 loss: 0.0084
[Epoch 171] step 60 loss: 0.0207
[Epoch 171] step 70 loss: 0.0054
[Epoch 171] step 80 loss: 0.0147
[Epoch 171] step 90 loss: 0.0407
[Epoch 171] step 100 loss: 0.0151
[Epoch 171] step 110 loss: 0.0236
[Epoch 171] step 120 loss: 0.0173
[Epoch 171] step 130 loss: 0.0123
[Epoch 171] step 140 loss: 0.0086
[Epoch 171] step 150 loss: 0.0033
[Epoch 171] step 160 loss: 0.0169
[Epoch 171] step 170 loss: 0.0203
[Epoch 171] step 180 loss: 0.0051
[Epoch 171] step 190 loss: 0.0113
[Epoch 171] step 200 loss: 0.0096
[Epoch 171] step 210 loss: 0.0186
[Epoch 171] step 220 loss: 0.0144
==== Epoch 171 avg loss: 0.0158 ====
[Epoch 172] step 0 loss: 0.0085
[Epoch 172] step 10 loss: 0.0040
[Epoch 172] step 20 loss: 0.0061
[Epoch 172] step 30 loss: 0.0070
[Epoch 172] step 40 loss: 0.0251
[Epoch 172] step 50 loss: 0.0249
[Epoch 172] step 60 loss: 0.0126
[Epoch 172] step 70 loss: 0.0057
[Epoch 172] step 80 loss: 0.0071
[Epoch 172] step 90 loss: 0.0406
[Epoch 172] step 100 loss: 0.0139
[Epoch 172] step 110 loss: 0.0032
[Epoch 172] step 120 loss: 0.0247
[Epoch 172] step 130 loss: 0.0068
[Epoch 172] step 140 loss: 0.0158
[Epoch 172] step 150 loss: 0.0155
[Epoch 172] step 160 loss: 0.0182
[Epoch 172] step 170 loss: 0.1044
[Epoch 172] step 180 loss: 0.0596
[Epoch 172] step 190 loss: 0.1266
[Epoch 172] step 200 loss: 0.0232
[Epoch 172] step 210 loss: 0.0194
[Epoch 172] step 220 loss: 0.0062
==== Epoch 172 avg loss: 0.0194 ====
[Epoch 173] step 0 loss: 0.0031
[Epoch 173] step 10 loss: 0.0081
[Epoch 173] step 20 loss: 0.0080
[Epoch 173] step 30 loss: 0.0072
[Epoch 173] step 40 loss: 0.0237
[Epoch 173] step 50 loss: 0.0128
[Epoch 173] step 60 loss: 0.0042
[Epoch 173] step 70 loss: 0.0346
[Epoch 173] step 80 loss: 0.0200
[Epoch 173] step 90 loss: 0.0041
[Epoch 173] step 100 loss: 0.0086
[Epoch 173] step 110 loss: 0.0056
[Epoch 173] step 120 loss: 0.0098
[Epoch 173] step 130 loss: 0.0096
[Epoch 173] step 140 loss: 0.0137
[Epoch 173] step 150 loss: 0.0144
[Epoch 173] step 160 loss: 0.0241
[Epoch 173] step 170 loss: 0.0119
[Epoch 173] step 180 loss: 0.0579
[Epoch 173] step 190 loss: 0.0182
[Epoch 173] step 200 loss: 0.0385
[Epoch 173] step 210 loss: 0.0110
[Epoch 173] step 220 loss: 0.0049
==== Epoch 173 avg loss: 0.0146 ====
[Epoch 174] step 0 loss: 0.0068
[Epoch 174] step 10 loss: 0.0070
[Epoch 174] step 20 loss: 0.0024
[Epoch 174] step 30 loss: 0.0088
[Epoch 174] step 40 loss: 0.0036
[Epoch 174] step 50 loss: 0.0050
[Epoch 174] step 60 loss: 0.0031
[Epoch 174] step 70 loss: 0.0120
[Epoch 174] step 80 loss: 0.0085
[Epoch 174] step 90 loss: 0.0082
[Epoch 174] step 100 loss: 0.0116
[Epoch 174] step 110 loss: 0.0074
[Epoch 174] step 120 loss: 0.0083
[Epoch 174] step 130 loss: 0.0099
[Epoch 174] step 140 loss: 0.0103
[Epoch 174] step 150 loss: 0.0047
[Epoch 174] step 160 loss: 0.0083
[Epoch 174] step 170 loss: 0.0066
[Epoch 174] step 180 loss: 0.0141
[Epoch 174] step 190 loss: 0.0152
[Epoch 174] step 200 loss: 0.0051
[Epoch 174] step 210 loss: 0.0231
[Epoch 174] step 220 loss: 0.0078
==== Epoch 174 avg loss: 0.0139 ====
[Epoch 175] step 0 loss: 0.0100
[Epoch 175] step 10 loss: 0.0032
[Epoch 175] step 20 loss: 0.0089
[Epoch 175] step 30 loss: 0.0119
[Epoch 175] step 40 loss: 0.0048
[Epoch 175] step 50 loss: 0.0047
[Epoch 175] step 60 loss: 0.0008
[Epoch 175] step 70 loss: 0.0329
[Epoch 175] step 80 loss: 0.0072
[Epoch 175] step 90 loss: 0.0084
[Epoch 175] step 100 loss: 0.0060
[Epoch 175] step 110 loss: 0.0014
[Epoch 175] step 120 loss: 0.0024
[Epoch 175] step 130 loss: 0.0057
[Epoch 175] step 140 loss: 0.0049
[Epoch 175] step 150 loss: 0.0031
[Epoch 175] step 160 loss: 0.0036
[Epoch 175] step 170 loss: 0.0015
[Epoch 175] step 180 loss: 0.0058
[Epoch 175] step 190 loss: 0.0059
[Epoch 175] step 200 loss: 0.0010
[Epoch 175] step 210 loss: 0.0026
[Epoch 175] step 220 loss: 0.0142
==== Epoch 175 avg loss: 0.0067 ====
[Epoch 176] step 0 loss: 0.0042
[Epoch 176] step 10 loss: 0.0056
[Epoch 176] step 20 loss: 0.0019
[Epoch 176] step 30 loss: 0.0035
[Epoch 176] step 40 loss: 0.0085
[Epoch 176] step 50 loss: 0.0054
[Epoch 176] step 60 loss: 0.0033
[Epoch 176] step 70 loss: 0.0098
[Epoch 176] step 80 loss: 0.0165
[Epoch 176] step 90 loss: 0.0011
[Epoch 176] step 100 loss: 0.0086
[Epoch 176] step 110 loss: 0.0041
[Epoch 176] step 120 loss: 0.0019
[Epoch 176] step 130 loss: 0.0015
[Epoch 176] step 140 loss: 0.0007
[Epoch 176] step 150 loss: 0.0161
[Epoch 176] step 160 loss: 0.0014
[Epoch 176] step 170 loss: 0.0072
[Epoch 176] step 180 loss: 0.0069
[Epoch 176] step 190 loss: 0.0025
[Epoch 176] step 200 loss: 0.0125
[Epoch 176] step 210 loss: 0.0067
[Epoch 176] step 220 loss: 0.0024
==== Epoch 176 avg loss: 0.0052 ====
[Epoch 177] step 0 loss: 0.0008
[Epoch 177] step 10 loss: 0.0011
[Epoch 177] step 20 loss: 0.0017
[Epoch 177] step 30 loss: 0.0055
[Epoch 177] step 40 loss: 0.0063
[Epoch 177] step 50 loss: 0.0224
[Epoch 177] step 60 loss: 0.0137
[Epoch 177] step 70 loss: 0.0088
[Epoch 177] step 80 loss: 0.0016
[Epoch 177] step 90 loss: 0.0018
[Epoch 177] step 100 loss: 0.0006
[Epoch 177] step 110 loss: 0.0012
[Epoch 177] step 120 loss: 0.0021
[Epoch 177] step 130 loss: 0.0037
[Epoch 177] step 140 loss: 0.0121
[Epoch 177] step 150 loss: 0.0007
[Epoch 177] step 160 loss: 0.0057
[Epoch 177] step 170 loss: 0.0133
[Epoch 177] step 180 loss: 0.0060
[Epoch 177] step 190 loss: 0.0088
[Epoch 177] step 200 loss: 0.0038
[Epoch 177] step 210 loss: 0.0145
[Epoch 177] step 220 loss: 0.0019
==== Epoch 177 avg loss: 0.0065 ====
[Epoch 178] step 0 loss: 0.0034
[Epoch 178] step 10 loss: 0.0019
[Epoch 178] step 20 loss: 0.0178
[Epoch 178] step 30 loss: 0.0033
[Epoch 178] step 40 loss: 0.0033
[Epoch 178] step 50 loss: 0.0057
[Epoch 178] step 60 loss: 0.0018
[Epoch 178] step 70 loss: 0.0083
[Epoch 178] step 80 loss: 0.0059
[Epoch 178] step 90 loss: 0.0012
[Epoch 178] step 100 loss: 0.0013
[Epoch 178] step 110 loss: 0.0043
[Epoch 178] step 120 loss: 0.0032
[Epoch 178] step 130 loss: 0.0025
[Epoch 178] step 140 loss: 0.0078
[Epoch 178] step 150 loss: 0.0035
[Epoch 178] step 160 loss: 0.0234
[Epoch 178] step 170 loss: 0.0636
[Epoch 178] step 180 loss: 0.0582
[Epoch 178] step 190 loss: 0.0277
[Epoch 178] step 200 loss: 0.0046
[Epoch 178] step 210 loss: 0.0042
[Epoch 178] step 220 loss: 0.0048
==== Epoch 178 avg loss: 0.0062 ====
[Epoch 179] step 0 loss: 0.0011
[Epoch 179] step 10 loss: 0.0045
[Epoch 179] step 20 loss: 0.0012
[Epoch 179] step 30 loss: 0.0055
[Epoch 179] step 40 loss: 0.0027
[Epoch 179] step 50 loss: 0.0052
[Epoch 179] step 60 loss: 0.0016
[Epoch 179] step 70 loss: 0.0018
[Epoch 179] step 80 loss: 0.0056
[Epoch 179] step 90 loss: 0.0021
[Epoch 179] step 100 loss: 0.0141
[Epoch 179] step 110 loss: 0.0042
[Epoch 179] step 120 loss: 0.0079
[Epoch 179] step 130 loss: 0.0023
[Epoch 179] step 140 loss: 0.0330
[Epoch 179] step 150 loss: 0.0457
[Epoch 179] step 160 loss: 0.0009
[Epoch 179] step 170 loss: 0.0054
[Epoch 179] step 180 loss: 0.0041
[Epoch 179] step 190 loss: 0.0052
[Epoch 179] step 200 loss: 0.0058
[Epoch 179] step 210 loss: 0.0028
[Epoch 179] step 220 loss: 0.0036
==== Epoch 179 avg loss: 0.0063 ====
[Epoch 180] step 0 loss: 0.0014
[Epoch 180] step 10 loss: 0.0218
[Epoch 180] step 20 loss: 0.0079
[Epoch 180] step 30 loss: 0.0004
[Epoch 180] step 40 loss: 0.0004
[Epoch 180] step 50 loss: 0.0045
[Epoch 180] step 60 loss: 0.0017
[Epoch 180] step 70 loss: 0.0002
[Epoch 180] step 80 loss: 0.0083
[Epoch 180] step 90 loss: 0.0065
[Epoch 180] step 100 loss: 0.0031
[Epoch 180] step 110 loss: 0.0019
[Epoch 180] step 120 loss: 0.0102
[Epoch 180] step 130 loss: 0.0023
[Epoch 180] step 140 loss: 0.0048
[Epoch 180] step 150 loss: 0.0019
[Epoch 180] step 160 loss: 0.0012
[Epoch 180] step 170 loss: 0.0073
[Epoch 180] step 180 loss: 0.0003
[Epoch 180] step 190 loss: 0.0232
[Epoch 180] step 200 loss: 0.0051
[Epoch 180] step 210 loss: 0.0087
[Epoch 180] step 220 loss: 0.0021
==== Epoch 180 avg loss: 0.0061 ====
[Epoch 181] step 0 loss: 0.0014
[Epoch 181] step 10 loss: 0.0055
[Epoch 181] step 20 loss: 0.0038
[Epoch 181] step 30 loss: 0.0010
[Epoch 181] step 40 loss: 0.0019
[Epoch 181] step 50 loss: 0.0033
[Epoch 181] step 60 loss: 0.0172
[Epoch 181] step 70 loss: 0.0080
[Epoch 181] step 80 loss: 0.0017
[Epoch 181] step 90 loss: 0.0040
[Epoch 181] step 100 loss: 0.0034
[Epoch 181] step 110 loss: 0.0071
[Epoch 181] step 120 loss: 0.0034
[Epoch 181] step 130 loss: 0.0016
[Epoch 181] step 140 loss: 0.0174
[Epoch 181] step 150 loss: 0.0136
[Epoch 181] step 160 loss: 0.0016
[Epoch 181] step 170 loss: 0.0203
[Epoch 181] step 180 loss: 0.0074
[Epoch 181] step 190 loss: 0.0084
[Epoch 181] step 200 loss: 0.0155
[Epoch 181] step 210 loss: 0.0094
[Epoch 181] step 220 loss: 0.0084
==== Epoch 181 avg loss: 0.0090 ====
[Epoch 182] step 0 loss: 0.0003
[Epoch 182] step 10 loss: 0.0017
[Epoch 182] step 20 loss: 0.0041
[Epoch 182] step 30 loss: 0.0019
[Epoch 182] step 40 loss: 0.0075
[Epoch 182] step 50 loss: 0.0071
[Epoch 182] step 60 loss: 0.0115
[Epoch 182] step 70 loss: 0.0019
[Epoch 182] step 80 loss: 0.0063
[Epoch 182] step 90 loss: 0.0038
[Epoch 182] step 100 loss: 0.0064
[Epoch 182] step 110 loss: 0.0007
[Epoch 182] step 120 loss: 0.0025
[Epoch 182] step 130 loss: 0.0061
[Epoch 182] step 140 loss: 0.0218
[Epoch 182] step 150 loss: 0.0311
[Epoch 182] step 160 loss: 0.0027
[Epoch 182] step 170 loss: 0.0043
[Epoch 182] step 180 loss: 0.0073
[Epoch 182] step 190 loss: 0.0119
[Epoch 182] step 200 loss: 0.0109
[Epoch 182] step 210 loss: 0.0199
[Epoch 182] step 220 loss: 0.0034
==== Epoch 182 avg loss: 0.0068 ====
[Epoch 183] step 0 loss: 0.0013
[Epoch 183] step 10 loss: 0.0024
[Epoch 183] step 20 loss: 0.0055
[Epoch 183] step 30 loss: 0.0072
[Epoch 183] step 40 loss: 0.0037
[Epoch 183] step 50 loss: 0.0031
[Epoch 183] step 60 loss: 0.0070
[Epoch 183] step 70 loss: 0.0021
[Epoch 183] step 80 loss: 0.0017
[Epoch 183] step 90 loss: 0.0006
[Epoch 183] step 100 loss: 0.0008
[Epoch 183] step 110 loss: 0.0033
[Epoch 183] step 120 loss: 0.0143
[Epoch 183] step 130 loss: 0.0047
[Epoch 183] step 140 loss: 0.0013
[Epoch 183] step 150 loss: 0.0149
[Epoch 183] step 160 loss: 0.0118
[Epoch 183] step 170 loss: 0.0376
[Epoch 183] step 180 loss: 0.0032
[Epoch 183] step 190 loss: 0.0016
[Epoch 183] step 200 loss: 0.0002
[Epoch 183] step 210 loss: 0.0026
[Epoch 183] step 220 loss: 0.0017
==== Epoch 183 avg loss: 0.0062 ====
[Epoch 184] step 0 loss: 0.0002
[Epoch 184] step 10 loss: 0.0005
[Epoch 184] step 20 loss: 0.0008
[Epoch 184] step 30 loss: 0.0009
[Epoch 184] step 40 loss: 0.0019
[Epoch 184] step 50 loss: 0.0142
[Epoch 184] step 60 loss: 0.0038
[Epoch 184] step 70 loss: 0.0008
[Epoch 184] step 80 loss: 0.0006
[Epoch 184] step 90 loss: 0.0001
[Epoch 184] step 100 loss: 0.0053
[Epoch 184] step 110 loss: 0.0008
[Epoch 184] step 120 loss: 0.0006
[Epoch 184] step 130 loss: 0.0168
[Epoch 184] step 140 loss: 0.0009
[Epoch 184] step 150 loss: 0.0028
[Epoch 184] step 160 loss: 0.0008
[Epoch 184] step 170 loss: 0.0010
[Epoch 184] step 180 loss: 0.0002
[Epoch 184] step 190 loss: 0.0016
[Epoch 184] step 200 loss: 0.0006
[Epoch 184] step 210 loss: 0.0004
[Epoch 184] step 220 loss: 0.0140
==== Epoch 184 avg loss: 0.0034 ====
[Epoch 185] step 0 loss: 0.0004
[Epoch 185] step 10 loss: 0.0018
[Epoch 185] step 20 loss: 0.0016
[Epoch 185] step 30 loss: 0.0026
[Epoch 185] step 40 loss: 0.0009
[Epoch 185] step 50 loss: 0.0013
[Epoch 185] step 60 loss: 0.0001
[Epoch 185] step 70 loss: 0.0001
[Epoch 185] step 80 loss: 0.0001
[Epoch 185] step 90 loss: 0.0007
[Epoch 185] step 100 loss: 0.0002
[Epoch 185] step 110 loss: 0.0015
[Epoch 185] step 120 loss: 0.0027
[Epoch 185] step 130 loss: 0.0054
[Epoch 185] step 140 loss: 0.0012
[Epoch 185] step 150 loss: 0.0007
[Epoch 185] step 160 loss: 0.0023
[Epoch 185] step 170 loss: 0.0027
[Epoch 185] step 180 loss: 0.0037
[Epoch 185] step 190 loss: 0.0194
[Epoch 185] step 200 loss: 0.0003
[Epoch 185] step 210 loss: 0.0002
[Epoch 185] step 220 loss: 0.0010
==== Epoch 185 avg loss: 0.0027 ====
[Epoch 186] step 0 loss: 0.0163
[Epoch 186] step 10 loss: 0.0011
[Epoch 186] step 20 loss: 0.0027
[Epoch 186] step 30 loss: 0.0001
[Epoch 186] step 40 loss: 0.0004
[Epoch 186] step 50 loss: 0.0014
[Epoch 186] step 60 loss: 0.0003
[Epoch 186] step 70 loss: 0.0006
[Epoch 186] step 80 loss: 0.0027
[Epoch 186] step 90 loss: 0.0016
[Epoch 186] step 100 loss: 0.0004
[Epoch 186] step 110 loss: 0.0025
[Epoch 186] step 120 loss: 0.0277
[Epoch 186] step 130 loss: 0.0006
[Epoch 186] step 140 loss: 0.0338
