nohup: ignoring input
device: cuda
[Epoch 57] step 0 loss: 0.1175
[Epoch 57] step 10 loss: 0.0878
[Epoch 57] step 20 loss: 0.0707
[Epoch 57] step 30 loss: 0.0704
[Epoch 57] step 40 loss: 0.0684
[Epoch 57] step 50 loss: 0.0726
[Epoch 57] step 60 loss: 0.0669
[Epoch 57] step 70 loss: 0.0702
[Epoch 57] step 80 loss: 0.0572
[Epoch 57] step 90 loss: 0.0715
[Epoch 57] step 100 loss: 0.0765
[Epoch 57] step 110 loss: 0.0611
[Epoch 57] step 120 loss: 0.0730
[Epoch 57] step 130 loss: 0.0659
[Epoch 57] step 140 loss: 0.0596
[Epoch 57] step 150 loss: 0.0549
[Epoch 57] step 160 loss: 0.0570
[Epoch 57] step 170 loss: 0.0694
[Epoch 57] step 180 loss: 0.0565
[Epoch 57] step 190 loss: 0.0654
[Epoch 57] step 200 loss: 0.0637
[Epoch 57] step 210 loss: 0.0604
[Epoch 57] step 220 loss: 0.0568
[Epoch 57] step 230 loss: 0.0728
[Epoch 57] step 240 loss: 0.0546
[Epoch 57] step 250 loss: 0.0621
[Epoch 57] step 260 loss: 0.0514
[Epoch 57] step 270 loss: 0.0585
[Epoch 57] step 280 loss: 0.0581
[Epoch 57] step 290 loss: 0.0591
[Epoch 57] step 300 loss: 0.0611
[Epoch 57] step 310 loss: 0.0647
[Epoch 57] step 320 loss: 0.0626
[Epoch 57] step 330 loss: 0.0460
[Epoch 57] step 340 loss: 0.0510
[Epoch 57] step 350 loss: 0.0541
[Epoch 57] step 360 loss: 0.0624
[Epoch 57] step 370 loss: 0.0556
[Epoch 57] step 380 loss: 0.0545
[Epoch 57] step 390 loss: 0.0590
[Epoch 57] step 400 loss: 0.0549
[Epoch 57] step 410 loss: 0.0514
[Epoch 57] step 420 loss: 0.0554
[Epoch 57] step 430 loss: 0.0555
[Epoch 57] step 440 loss: 0.0517
[Epoch 57] step 450 loss: 0.0586
[Epoch 57] step 460 loss: 0.0541
[Epoch 57] step 470 loss: 0.0461
[Epoch 57] step 480 loss: 0.0562
==== Epoch 57 avg loss: 0.0622 ====
[Epoch 58] step 0 loss: 0.0636
[Epoch 58] step 10 loss: 0.0515
[Epoch 58] step 20 loss: 0.0511
[Epoch 58] step 30 loss: 0.0551
[Epoch 58] step 40 loss: 0.0554
[Epoch 58] step 50 loss: 0.0519
[Epoch 58] step 60 loss: 0.0514
[Epoch 58] step 70 loss: 0.0534
[Epoch 58] step 80 loss: 0.0577
[Epoch 58] step 90 loss: 0.0519
[Epoch 58] step 100 loss: 0.0586
[Epoch 58] step 110 loss: 0.0435
[Epoch 58] step 120 loss: 0.0555
[Epoch 58] step 130 loss: 0.0600
[Epoch 58] step 140 loss: 0.0501
[Epoch 58] step 150 loss: 0.0489
[Epoch 58] step 160 loss: 0.0481
[Epoch 58] step 170 loss: 0.0585
[Epoch 58] step 180 loss: 0.0524
[Epoch 58] step 190 loss: 0.0565
[Epoch 58] step 200 loss: 0.0515
[Epoch 58] step 210 loss: 0.0662
[Epoch 58] step 220 loss: 0.0564
[Epoch 58] step 230 loss: 0.0540
[Epoch 58] step 240 loss: 0.0503
[Epoch 58] step 250 loss: 0.0541
[Epoch 58] step 260 loss: 0.0616
[Epoch 58] step 270 loss: 0.0512
[Epoch 58] step 280 loss: 0.0483
[Epoch 58] step 290 loss: 0.0547
[Epoch 58] step 300 loss: 0.0494
[Epoch 58] step 310 loss: 0.0540
[Epoch 58] step 320 loss: 0.0503
[Epoch 58] step 330 loss: 0.0516
[Epoch 58] step 340 loss: 0.0452
[Epoch 58] step 350 loss: 0.0581
[Epoch 58] step 360 loss: 0.0508
[Epoch 58] step 370 loss: 0.0594
[Epoch 58] step 380 loss: 0.0500
[Epoch 58] step 390 loss: 0.0561
[Epoch 58] step 400 loss: 0.0516
[Epoch 58] step 410 loss: 0.0486
[Epoch 58] step 420 loss: 0.0539
[Epoch 58] step 430 loss: 0.0438
[Epoch 58] step 440 loss: 0.0449
[Epoch 58] step 450 loss: 0.0499
[Epoch 58] step 460 loss: 0.0572
[Epoch 58] step 470 loss: 0.0532
[Epoch 58] step 480 loss: 0.0545
==== Epoch 58 avg loss: 0.0532 ====
[Epoch 59] step 0 loss: 0.0521
[Epoch 59] step 10 loss: 0.0442
[Epoch 59] step 20 loss: 0.0536
[Epoch 59] step 30 loss: 0.0563
[Epoch 59] step 40 loss: 0.0461
[Epoch 59] step 50 loss: 0.0539
[Epoch 59] step 60 loss: 0.0488
[Epoch 59] step 70 loss: 0.0447
[Epoch 59] step 80 loss: 0.0503
[Epoch 59] step 90 loss: 0.0502
[Epoch 59] step 100 loss: 0.0551
[Epoch 59] step 110 loss: 0.0495
[Epoch 59] step 120 loss: 0.0534
[Epoch 59] step 130 loss: 0.0519
[Epoch 59] step 140 loss: 0.0427
[Epoch 59] step 150 loss: 0.0530
[Epoch 59] step 160 loss: 0.0492
[Epoch 59] step 170 loss: 0.0483
[Epoch 59] step 180 loss: 0.0472
[Epoch 59] step 190 loss: 0.0391
[Epoch 59] step 200 loss: 0.0528
[Epoch 59] step 210 loss: 0.0609
[Epoch 59] step 220 loss: 0.0473
[Epoch 59] step 230 loss: 0.0468
[Epoch 59] step 240 loss: 0.0536
[Epoch 59] step 250 loss: 0.0469
[Epoch 59] step 260 loss: 0.0598
[Epoch 59] step 270 loss: 0.0465
[Epoch 59] step 280 loss: 0.0466
[Epoch 59] step 290 loss: 0.0571
[Epoch 59] step 300 loss: 0.0480
[Epoch 59] step 310 loss: 0.0450
[Epoch 59] step 320 loss: 0.0500
[Epoch 59] step 330 loss: 0.0497
[Epoch 59] step 340 loss: 0.0532
[Epoch 59] step 350 loss: 0.0533
[Epoch 59] step 360 loss: 0.0426
[Epoch 59] step 370 loss: 0.0440
[Epoch 59] step 380 loss: 0.0576
[Epoch 59] step 390 loss: 0.0503
[Epoch 59] step 400 loss: 0.0500
[Epoch 59] step 410 loss: 0.0559
[Epoch 59] step 420 loss: 0.0494
[Epoch 59] step 430 loss: 0.0483
[Epoch 59] step 440 loss: 0.0523
[Epoch 59] step 450 loss: 0.0440
[Epoch 59] step 460 loss: 0.0471
[Epoch 59] step 470 loss: 0.0508
[Epoch 59] step 480 loss: 0.0405
==== Epoch 59 avg loss: 0.0502 ====
[Epoch 60] step 0 loss: 0.0477
[Epoch 60] step 10 loss: 0.0509
[Epoch 60] step 20 loss: 0.0464
[Epoch 60] step 30 loss: 0.0499
[Epoch 60] step 40 loss: 0.0584
[Epoch 60] step 50 loss: 0.0567
[Epoch 60] step 60 loss: 0.0485
[Epoch 60] step 70 loss: 0.0539
[Epoch 60] step 80 loss: 0.0555
[Epoch 60] step 90 loss: 0.0445
[Epoch 60] step 100 loss: 0.0332
[Epoch 60] step 110 loss: 0.0527
[Epoch 60] step 120 loss: 0.0454
[Epoch 60] step 130 loss: 0.0505
[Epoch 60] step 140 loss: 0.0463
[Epoch 60] step 150 loss: 0.0420
[Epoch 60] step 160 loss: 0.0398
[Epoch 60] step 170 loss: 0.0361
[Epoch 60] step 180 loss: 0.0528
[Epoch 60] step 190 loss: 0.0485
[Epoch 60] step 200 loss: 0.0503
[Epoch 60] step 210 loss: 0.0464
[Epoch 60] step 220 loss: 0.0451
[Epoch 60] step 230 loss: 0.0493
[Epoch 60] step 240 loss: 0.0489
[Epoch 60] step 250 loss: 0.0532
[Epoch 60] step 260 loss: 0.0457
[Epoch 60] step 270 loss: 0.0527
[Epoch 60] step 280 loss: 0.0515
[Epoch 60] step 290 loss: 0.0561
[Epoch 60] step 300 loss: 0.0535
[Epoch 60] step 310 loss: 0.0462
[Epoch 60] step 320 loss: 0.0467
[Epoch 60] step 330 loss: 0.0550
[Epoch 60] step 340 loss: 0.0541
[Epoch 60] step 350 loss: 0.0465
[Epoch 60] step 360 loss: 0.0395
[Epoch 60] step 370 loss: 0.0531
[Epoch 60] step 380 loss: 0.0450
[Epoch 60] step 390 loss: 0.0476
[Epoch 60] step 400 loss: 0.0546
[Epoch 60] step 410 loss: 0.0534
[Epoch 60] step 420 loss: 0.0458
[Epoch 60] step 430 loss: 0.0509
[Epoch 60] step 440 loss: 0.0511
[Epoch 60] step 450 loss: 0.0467
[Epoch 60] step 460 loss: 0.0492
[Epoch 60] step 470 loss: 0.0405
[Epoch 60] step 480 loss: 0.0525
==== Epoch 60 avg loss: 0.0486 ====
[Epoch 61] step 0 loss: 0.0542
[Epoch 61] step 10 loss: 0.0522
[Epoch 61] step 20 loss: 0.0459
[Epoch 61] step 30 loss: 0.0456
[Epoch 61] step 40 loss: 0.0488
[Epoch 61] step 50 loss: 0.0414
[Epoch 61] step 60 loss: 0.0419
[Epoch 61] step 70 loss: 0.0548
[Epoch 61] step 80 loss: 0.0403
[Epoch 61] step 90 loss: 0.0527
[Epoch 61] step 100 loss: 0.0528
[Epoch 61] step 110 loss: 0.0494
[Epoch 61] step 120 loss: 0.0481
[Epoch 61] step 130 loss: 0.0429
[Epoch 61] step 140 loss: 0.0526
[Epoch 61] step 150 loss: 0.0405
[Epoch 61] step 160 loss: 0.0491
[Epoch 61] step 170 loss: 0.0468
[Epoch 61] step 180 loss: 0.0479
[Epoch 61] step 190 loss: 0.0423
[Epoch 61] step 200 loss: 0.0440
[Epoch 61] step 210 loss: 0.0419
[Epoch 61] step 220 loss: 0.0426
[Epoch 61] step 230 loss: 0.0507
[Epoch 61] step 240 loss: 0.0466
[Epoch 61] step 250 loss: 0.0491
[Epoch 61] step 260 loss: 0.0513
[Epoch 61] step 270 loss: 0.0435
[Epoch 61] step 280 loss: 0.0480
[Epoch 61] step 290 loss: 0.0526
[Epoch 61] step 300 loss: 0.0494
[Epoch 61] step 310 loss: 0.0436
[Epoch 61] step 320 loss: 0.0482
[Epoch 61] step 330 loss: 0.0454
[Epoch 61] step 340 loss: 0.0419
[Epoch 61] step 350 loss: 0.0502
[Epoch 61] step 360 loss: 0.0550
[Epoch 61] step 370 loss: 0.0414
[Epoch 61] step 380 loss: 0.0394
[Epoch 61] step 390 loss: 0.0420
[Epoch 61] step 400 loss: 0.0453
[Epoch 61] step 410 loss: 0.0359
[Epoch 61] step 420 loss: 0.0464
[Epoch 61] step 430 loss: 0.0414
[Epoch 61] step 440 loss: 0.0438
[Epoch 61] step 450 loss: 0.0515
[Epoch 61] step 460 loss: 0.0459
[Epoch 61] step 470 loss: 0.0425
[Epoch 61] step 480 loss: 0.0441
==== Epoch 61 avg loss: 0.0467 ====
[Epoch 62] step 0 loss: 0.0417
[Epoch 62] step 10 loss: 0.0454
[Epoch 62] step 20 loss: 0.0414
[Epoch 62] step 30 loss: 0.0418
[Epoch 62] step 40 loss: 0.0519
[Epoch 62] step 50 loss: 0.0460
[Epoch 62] step 60 loss: 0.0427
[Epoch 62] step 70 loss: 0.0470
[Epoch 62] step 80 loss: 0.0491
[Epoch 62] step 90 loss: 0.0346
[Epoch 62] step 100 loss: 0.0499
[Epoch 62] step 110 loss: 0.0463
[Epoch 62] step 120 loss: 0.0392
[Epoch 62] step 130 loss: 0.0456
[Epoch 62] step 140 loss: 0.0411
[Epoch 62] step 150 loss: 0.0424
[Epoch 62] step 160 loss: 0.0432
[Epoch 62] step 170 loss: 0.0475
[Epoch 62] step 180 loss: 0.0414
[Epoch 62] step 190 loss: 0.0468
[Epoch 62] step 200 loss: 0.0423
[Epoch 62] step 210 loss: 0.0517
[Epoch 62] step 220 loss: 0.0523
[Epoch 62] step 230 loss: 0.0414
[Epoch 62] step 240 loss: 0.0516
[Epoch 62] step 250 loss: 0.0459
[Epoch 62] step 260 loss: 0.0492
[Epoch 62] step 270 loss: 0.0410
[Epoch 62] step 280 loss: 0.0434
[Epoch 62] step 290 loss: 0.0508
[Epoch 62] step 300 loss: 0.0399
[Epoch 62] step 310 loss: 0.0465
[Epoch 62] step 320 loss: 0.0472
[Epoch 62] step 330 loss: 0.0426
[Epoch 62] step 340 loss: 0.0479
[Epoch 62] step 350 loss: 0.0506
[Epoch 62] step 360 loss: 0.0445
[Epoch 62] step 370 loss: 0.0495
[Epoch 62] step 380 loss: 0.0489
[Epoch 62] step 390 loss: 0.0524
[Epoch 62] step 400 loss: 0.0446
[Epoch 62] step 410 loss: 0.0377
[Epoch 62] step 420 loss: 0.0462
[Epoch 62] step 430 loss: 0.0434
[Epoch 62] step 440 loss: 0.0409
[Epoch 62] step 450 loss: 0.0459
[Epoch 62] step 460 loss: 0.0414
[Epoch 62] step 470 loss: 0.0497
[Epoch 62] step 480 loss: 0.0468
==== Epoch 62 avg loss: 0.0459 ====
[Epoch 63] step 0 loss: 0.0572
[Epoch 63] step 10 loss: 0.0481
[Epoch 63] step 20 loss: 0.0361
[Epoch 63] step 30 loss: 0.0467
[Epoch 63] step 40 loss: 0.0526
[Epoch 63] step 50 loss: 0.0498
[Epoch 63] step 60 loss: 0.0431
[Epoch 63] step 70 loss: 0.0513
[Epoch 63] step 80 loss: 0.0444
[Epoch 63] step 90 loss: 0.0491
[Epoch 63] step 100 loss: 0.0434
[Epoch 63] step 110 loss: 0.0489
[Epoch 63] step 120 loss: 0.0443
[Epoch 63] step 130 loss: 0.0463
[Epoch 63] step 140 loss: 0.0454
[Epoch 63] step 150 loss: 0.0441
[Epoch 63] step 160 loss: 0.0421
[Epoch 63] step 170 loss: 0.0435
[Epoch 63] step 180 loss: 0.0501
[Epoch 63] step 190 loss: 0.0416
[Epoch 63] step 200 loss: 0.0445
[Epoch 63] step 210 loss: 0.0482
[Epoch 63] step 220 loss: 0.0473
[Epoch 63] step 230 loss: 0.0426
[Epoch 63] step 240 loss: 0.0444
[Epoch 63] step 250 loss: 0.0465
[Epoch 63] step 260 loss: 0.0415
[Epoch 63] step 270 loss: 0.0452
[Epoch 63] step 280 loss: 0.0456
[Epoch 63] step 290 loss: 0.0516
[Epoch 63] step 300 loss: 0.0615
[Epoch 63] step 310 loss: 0.0452
[Epoch 63] step 320 loss: 0.0510
[Epoch 63] step 330 loss: 0.0417
[Epoch 63] step 340 loss: 0.0489
[Epoch 63] step 350 loss: 0.0486
[Epoch 63] step 360 loss: 0.0476
[Epoch 63] step 370 loss: 0.0396
[Epoch 63] step 380 loss: 0.0411
[Epoch 63] step 390 loss: 0.0405
[Epoch 63] step 400 loss: 0.0482
[Epoch 63] step 410 loss: 0.0493
[Epoch 63] step 420 loss: 0.0422
[Epoch 63] step 430 loss: 0.0451
[Epoch 63] step 440 loss: 0.0423
[Epoch 63] step 450 loss: 0.0463
[Epoch 63] step 460 loss: 0.0435
[Epoch 63] step 470 loss: 0.0419
[Epoch 63] step 480 loss: 0.0425
==== Epoch 63 avg loss: 0.0460 ====
[Epoch 64] step 0 loss: 0.0388
[Epoch 64] step 10 loss: 0.0469
[Epoch 64] step 20 loss: 0.0462
[Epoch 64] step 30 loss: 0.0459
[Epoch 64] step 40 loss: 0.0429
[Epoch 64] step 50 loss: 0.0523
[Epoch 64] step 60 loss: 0.0542
[Epoch 64] step 70 loss: 0.0496
[Epoch 64] step 80 loss: 0.0511
[Epoch 64] step 90 loss: 0.0347
[Epoch 64] step 100 loss: 0.0414
[Epoch 64] step 110 loss: 0.0410
[Epoch 64] step 120 loss: 0.0474
[Epoch 64] step 130 loss: 0.0537
[Epoch 64] step 140 loss: 0.0447
[Epoch 64] step 150 loss: 0.0471
[Epoch 64] step 160 loss: 0.0444
[Epoch 64] step 170 loss: 0.0476
[Epoch 64] step 180 loss: 0.0529
[Epoch 64] step 190 loss: 0.0453
[Epoch 64] step 200 loss: 0.0451
[Epoch 64] step 210 loss: 0.0409
[Epoch 64] step 220 loss: 0.0407
[Epoch 64] step 230 loss: 0.0451
[Epoch 64] step 240 loss: 0.0453
[Epoch 64] step 250 loss: 0.0434
[Epoch 64] step 260 loss: 0.0467
[Epoch 64] step 270 loss: 0.0485
[Epoch 64] step 280 loss: 0.0430
[Epoch 64] step 290 loss: 0.0449
[Epoch 64] step 300 loss: 0.0468
[Epoch 64] step 310 loss: 0.0418
[Epoch 64] step 320 loss: 0.0503
[Epoch 64] step 330 loss: 0.0422
[Epoch 64] step 340 loss: 0.0468
[Epoch 64] step 350 loss: 0.0388
[Epoch 64] step 360 loss: 0.0496
[Epoch 64] step 370 loss: 0.0350
[Epoch 64] step 380 loss: 0.0516
[Epoch 64] step 390 loss: 0.0413
[Epoch 64] step 400 loss: 0.0423
[Epoch 64] step 410 loss: 0.0415
[Epoch 64] step 420 loss: 0.0520
[Epoch 64] step 430 loss: 0.0410
[Epoch 64] step 440 loss: 0.0393
[Epoch 64] step 450 loss: 0.0420
[Epoch 64] step 460 loss: 0.0549
[Epoch 64] step 470 loss: 0.0516
[Epoch 64] step 480 loss: 0.0468
==== Epoch 64 avg loss: 0.0450 ====
[Epoch 65] step 0 loss: 0.0430
[Epoch 65] step 10 loss: 0.0413
[Epoch 65] step 20 loss: 0.0476
[Epoch 65] step 30 loss: 0.0462
[Epoch 65] step 40 loss: 0.0447
[Epoch 65] step 50 loss: 0.0423
[Epoch 65] step 60 loss: 0.0542
[Epoch 65] step 70 loss: 0.0400
[Epoch 65] step 80 loss: 0.0440
[Epoch 65] step 90 loss: 0.0374
[Epoch 65] step 100 loss: 0.0466
[Epoch 65] step 110 loss: 0.0421
[Epoch 65] step 120 loss: 0.0443
[Epoch 65] step 130 loss: 0.0477
[Epoch 65] step 140 loss: 0.0420
[Epoch 65] step 150 loss: 0.0530
[Epoch 65] step 160 loss: 0.0466
[Epoch 65] step 170 loss: 0.0464
[Epoch 65] step 180 loss: 0.0477
[Epoch 65] step 190 loss: 0.0431
[Epoch 65] step 200 loss: 0.0455
[Epoch 65] step 210 loss: 0.0458
[Epoch 65] step 220 loss: 0.0407
[Epoch 65] step 230 loss: 0.0408
[Epoch 65] step 240 loss: 0.0433
[Epoch 65] step 250 loss: 0.0457
[Epoch 65] step 260 loss: 0.0391
[Epoch 65] step 270 loss: 0.0518
[Epoch 65] step 280 loss: 0.0387
[Epoch 65] step 290 loss: 0.0440
[Epoch 65] step 300 loss: 0.0476
[Epoch 65] step 310 loss: 0.0413
[Epoch 65] step 320 loss: 0.0411
[Epoch 65] step 330 loss: 0.0381
[Epoch 65] step 340 loss: 0.0454
[Epoch 65] step 350 loss: 0.0367
[Epoch 65] step 360 loss: 0.0414
[Epoch 65] step 370 loss: 0.0427
[Epoch 65] step 380 loss: 0.0425
[Epoch 65] step 390 loss: 0.0442
[Epoch 65] step 400 loss: 0.0494
[Epoch 65] step 410 loss: 0.0410
[Epoch 65] step 420 loss: 0.0410
[Epoch 65] step 430 loss: 0.0371
[Epoch 65] step 440 loss: 0.0503
[Epoch 65] step 450 loss: 0.0458
[Epoch 65] step 460 loss: 0.0468
[Epoch 65] step 470 loss: 0.0443
[Epoch 65] step 480 loss: 0.0473
==== Epoch 65 avg loss: 0.0441 ====
[Epoch 66] step 0 loss: 0.0470
[Epoch 66] step 10 loss: 0.0425
[Epoch 66] step 20 loss: 0.0419
[Epoch 66] step 30 loss: 0.0469
Traceback (most recent call last):
  File "/home/vipuser/wby/proj_params/music-detr/train6_stage1.py", line 129, in <module>
    scaler.scale(loss).backward()
  File "/home/vipuser/miniconda3/envs/py39/lib/python3.9/site-packages/torch/_tensor.py", line 647, in backward
    torch.autograd.backward(
  File "/home/vipuser/miniconda3/envs/py39/lib/python3.9/site-packages/torch/autograd/__init__.py", line 354, in backward
    _engine_run_backward(
  File "/home/vipuser/miniconda3/envs/py39/lib/python3.9/site-packages/torch/autograd/graph.py", line 829, in _engine_run_backward
    return Variable._execution_engine.run_backward(  # Calls into the C++ engine to run the backward pass
  File "/home/vipuser/miniconda3/envs/py39/lib/python3.9/site-packages/torch/utils/data/_utils/signal_handling.py", line 73, in handler
    _error_if_any_worker_fails()
RuntimeError: DataLoader worker (pid 82933) is killed by signal: Terminated. 
